Microchip MPLAB XC8 Compiler V2.05 ()

Linker command line:

-W-3 --edf=C:\Program Files2\Microchip\xc8\v2.05\pic\dat\en_msgs.txt -cs \
  -h+dist/default/production\W-F-DC-C3-V1.1.X.production.sym \
  --cmf=dist/default/production\W-F-DC-C3-V1.1.X.production.cmf -z \
  -Q16F18346 -oC:\Users\raiha\AppData\Local\Temp\s6u0.2 \
  --defsym=__MPLAB_BUILD=1 \
  -Mdist/default/production/W-F-DC-C3-V1.1.X.production.map -E1 -ver=XC8 \
  --acfsm=1493 -ASTACK=020EBh-027EFh -pstack=STACK -ACODE=00h-07FFhx8 \
  -ASTRCODE=00h-03FFFh -ASTRING=00h-0FFhx64 -ACONST=00h-0FFhx64 \
  -AENTRY=00h-0FFhx64 -ACOMMON=070h-07Fh -ABANK0=020h-06Fh \
  -ABANK1=0A0h-0EFh -ABANK2=0120h-016Fh -ABANK3=01A0h-01EFh \
  -ABANK4=0220h-026Fh -ABANK5=02A0h-02EFh -ABANK6=0320h-036Fh \
  -ABANK7=03A0h-03EFh -ABANK8=0420h-046Fh -ABANK9=04A0h-04EFh \
  -ABANK10=0520h-056Fh -ABANK11=05A0h-05EFh -ABANK12=0620h-066Fh \
  -ABANK13=06A0h-06EFh -ABANK14=0720h-076Fh -ABANK15=07A0h-07EFh \
  -ABANK16=0820h-086Fh -ABANK17=08A0h-08EFh -ABANK18=0920h-096Fh \
  -ABANK19=09A0h-09EFh -ABANK20=0A20h-0A6Fh -ABANK21=0AA0h-0AEFh \
  -ABANK22=0B20h-0B6Fh -ABANK23=0BA0h-0BEFh -ABANK24=0C20h-0C6Fh \
  -ABANK25=0CA0h-0CBFh -ABIGRAM=02000h-027EFh \
  -ARAM=020h-06Fh,0A0h-0EFh,0120h-016Fh,01A0h-01EFh,0220h-026Fh,02A0h-02EFh,0320h-036Fh,03A0h-03EFh,0420h-046Fh,04A0h-04EFh,0520h-056Fh,05A0h-05EFh,0620h-066Fh,06A0h-06EFh,0720h-076Fh,07A0h-07EFh,0820h-086Fh,08A0h-08EFh,0920h-096Fh,09A0h-09EFh,0A20h-0A6Fh,0AA0h-0AEFh,0B20h-0B6Fh,0BA0h-0BEFh,0C20h-0C6Fh,0CA0h-0CBFh \
  -AABS1=020h-07Fh,0A0h-0EFh,0120h-016Fh,01A0h-01EFh,0220h-026Fh,02A0h-02EFh,0320h-036Fh,03A0h-03EFh,0420h-046Fh,04A0h-04EFh,0520h-056Fh,05A0h-05EFh,0620h-066Fh,06A0h-06EFh,0720h-076Fh,07A0h-07EFh,0820h-086Fh,08A0h-08EFh,0920h-096Fh,09A0h-09EFh,0A20h-0A6Fh,0AA0h-0AEFh,0B20h-0B6Fh,0BA0h-0BEFh,0C20h-0C6Fh,0CA0h-0CBFh \
  -ASFR0=00h-01Fh -ASFR1=080h-09Fh -ASFR2=0100h-011Fh -ASFR3=0180h-019Fh \
  -ASFR4=0200h-021Fh -ASFR5=0280h-029Fh -ASFR6=0300h-031Fh \
  -ASFR7=0380h-039Fh -ASFR8=0400h-041Fh -ASFR9=0480h-049Fh \
  -ASFR10=0500h-051Fh -ASFR11=0580h-059Fh -ASFR12=0600h-061Fh \
  -ASFR13=0680h-069Fh -ASFR14=0700h-071Fh -ASFR15=0780h-079Fh \
  -ASFR16=0800h-081Fh -ASFR17=0880h-089Fh -ASFR18=0900h-091Fh \
  -ASFR19=0980h-099Fh -ASFR20=0A00h-0A1Fh -ASFR21=0A80h-0A9Fh \
  -ASFR22=0B00h-0B1Fh -ASFR23=0B80h-0B9Fh -ASFR24=0C00h-0C1Fh \
  -ASFR25=0C80h-0C9Fh -ASFR26=0D00h-0D6Fh -ASFR27=0D80h-0DEFh \
  -ASFR28=0E00h-0E6Fh -ASFR29=0E80h-0EEFh -ASFR30=0F00h-0F6Fh \
  -ASFR31=0F80h-0FEFh -preset_vec=00h,intentry=04h,init,end_init \
  -ppowerup=CODE -pcinit=CODE -pfunctab=ENTRY -ACONFIG=08007h-0800Ah \
  -pconfig=CONFIG -DCONFIG=2 -AIDLOC=08000h-08003h -pidloc=IDLOC -DIDLOC=2 \
  -AEEDATA=00h-0FFh/0F000h -peeprom_data=EEDATA -DEEDATA=2 -DCODE=2 \
  -DSTRCODE=2 -DSTRING=2 -DCONST=2 -DENTRY=2 -k \
  C:\Users\raiha\AppData\Local\Temp\s6u0.o \
  dist/default/production\W-F-DC-C3-V1.1.X.production.o 

Object code version is 3.11

Machine type is 16F18346



                Name                               Link     Load   Length Selector   Space Scale
C:\Users\raiha\AppData\Local\Temp\s6u0.o
                end_init                             40       40        2        8       0
                reset_vec                             0        0        2        0       0
                config                             8007     8007        4    1000E       0
dist/default/production\W-F-DC-C3-V1.1.X.production.o
                cinit                                42       42       3D        8       0
                intentry                              4        4       3C        8       0
                text100                             8D3      8D3       17     11A6       0
                text99                             16DA     16DA        3     2DB4       0
                text98                             16D0     16D0        1     2DA0       0
                text97                             16E6     16E6        4     2DCC       0
                text96                              C74      C74       36     18E8       0
                text95                              A03      A03       1D     1406       0
                text94                              995      995       1B     132A       0
                text93                              B78      B78       24     16F0       0
                text92                             16D1     16D1        1     2DA2       0
                text91                             177F     177F        C     2EFE       0
                text90                             17A3     17A3        F     2F46       0
                text89                              71A      71A       78        8       0
                text88                             16D2     16D2        1     2DA4       0
                text87                              86A      86A       14     10D4       0
                text86                              A5B      A5B       1F     14B6       0
                text85                              A7A      A7A       1F     14F4       0
                text84                              A99      A99       1F     1532       0
                text83                              AB8      AB8       1F     1570       0
                text82                              AD7      AD7       1F     15AE       0
                text81                              AF6      AF6       1F     15EC       0
                text80                              80E      80E       11     101C       0
                text79                              8EA      8EA       17     11D4       0
                text78                             16D3     16D3        1     2DA6       0
                text77                              608      608       8B        8       0
                text76                             178B     178B        C     2F16       0
                text74                              9CB      9CB       1C     1396       0
                text73                              693      693       87        8       0
                text72                              81F      81F       12     103E       0
                text71                              961      961       1A     12C2       0
                text70                              D25      D25       50     1A4A       0
                text69                              800      800        E     1000       0
                text68                              C15      C15       2F     182A       0
                text67                              578      578       90        8       0
                text66                             16D4     16D4        1     2DA8       0
                text65                             16D5     16D5        1     2DAA       0
                text64                              CAA      CAA       37     1954       0
                text63                              E6D      E6D       60     1CDA       0
                text62                              ECD      ECD       62     1D9A       0
                text61                              440      440       A1        8       0
                text60                             16D8     16D8        2     2DB0       0
                text59                              8A7      8A7       16     114E       0
                text58                              E18      E18       55     1C30       0
                text57                             17D0     17D0       10     2FA0       0
                text56                             1712     1712        9     2E24       0
                text55                              901      901       17     1202       0
                text54                             16EE     16EE        6     2DDC       0
                text53                             16F4     16F4        6     2DE8       0
                text52                             16DD     16DD        3     2DBA       0
                text51                             16E0     16E0        3     2DC0       0
                text50                              F91      F91       6F     1F22       0
                text49                              792      792       66        8       0
                text48                             17B2     17B2        F     2F64       0
                text47                             171B     171B        9     2E36       0
                text46                             1724     1724        9     2E48       0
                text45                              948      948       19     1290       0
                text44                              D75      D75       51     1AEA       0
                text43                             16D6     16D6        1     2DAC       0
                text42                              97B      97B       1A     12F6       0
                text41                             172D     172D        9     2E5A       0
                text40                              DC6      DC6       52     1B8C       0
                text39                              8BD      8BD       16     117A       0
                text38                             1736     1736        9     2E6C       0
                text37                              892      892       15     1124       0
                text36                              BC1      BC1       28     1782       0
                text35                              918      918       18     1230       0
                text34                             16E3     16E3        3     2DC6       0
                text33                                2        2        2        0       0
                text32                              9E7      9E7       1C     13CE       0
                text31                             173F     173F        9     2E7E       0
                text30                             1748     1748        9     2E90       0
                text29                             1751     1751        9     2EA2       0
                text28                             175A     175A        9     2EB4       0
                text27                             1763     1763        9     2EC6       0
                text26                             176C     176C        9     2ED8       0
                text25                              CE1      CE1       44     19C2       0
                text24                              BE9      BE9       2C     17D2       0
                text23                              A20      A20       1D     1440       0
                text22                              831      831       13     1062       0
                text21                              844      844       13     1088       0
                text20                             17E0     17E0       10     2FC0       0
                text19                             1797     1797        C     2F2E       0
                text18                             1775     1775        A     2EEA       0
                text17                              B9C      B9C       25     1738       0
                text16                              7F8      7F8        8        8       0
                text15                             16FA     16FA        6     2DF4       0
                text14                              87E      87E       14     10FC       0
                text13                             1700     1700        6     2E00       0
                text12                              930      930       18     1260       0
                text11                              857      857       13     10AE       0
                text10                             16EA     16EA        4     2DD4       0
                text9                               A3D      A3D       1E     147A       0
                text8                               C44      C44       30     1888       0
                text7                               B15      B15       1F     162A       0
                text6                               B34      B34       22     1668       0
                text5                               341      341       FF        8       0
                text4                              17C1     17C1        F     2F82       0
                text3                               4E1      4E1       97        8       0
                text2                               B56      B56       22     16AC       0
                text1                               F2F      F2F       62     1E5E       0
                maintext                             7F       7F      2C2        8       0
                cstackBANK0                          4C       4C       23       20       1
                cstackCOMMON                         70       70        8       70       1
                clrtext                            1706     1706        6     2E0C       0
                inittext                           170C     170C        6     2E18       0
                dataBANK2                           150      150       1B      120       1
                bssBANK2                            120      120       30      120       1
                dataBANK1                            D6       D6       10       A0       1
                bssBANK1                             A0       A0       36       A0       1
                dataBANK0                            6F       6F        1       20       1
                bssBANK0                             20       20       2C       20       1
                bssCOMMON                            78       78        6       70       1
                stringtext2                        1000     1000       30     2000       0
                stringtext1                        1800     1800        5     3000       0
                idataBANK2                          9B0      9B0       1B     1360       0
                idataBANK1                         17F0     17F0       10     2FE0       0
                idataBANK0                         16D7     16D7        1     2DAE       0

TOTAL           Name                               Link     Load   Length     Space
        CLASS   STACK          

        CLASS   CODE           
                end_init                             40       40        2         0
                cinit                                42       42       3D         0
                intentry                              4        4       3C         0
                reset_vec                             0        0        2         0
                text100                             8D3      8D3       17         0
                text99                             16DA     16DA        3         0
                text98                             16D0     16D0        1         0
                text97                             16E6     16E6        4         0
                text96                              C74      C74       36         0
                text95                              A03      A03       1D         0
                text94                              995      995       1B         0
                text93                              B78      B78       24         0
                text92                             16D1     16D1        1         0
                text91                             177F     177F        C         0
                text90                             17A3     17A3        F         0
                text89                              71A      71A       78         0
                text88                             16D2     16D2        1         0
                text87                              86A      86A       14         0
                text86                              A5B      A5B       1F         0
                text85                              A7A      A7A       1F         0
                text84                              A99      A99       1F         0
                text83                              AB8      AB8       1F         0
                text82                              AD7      AD7       1F         0
                text81                              AF6      AF6       1F         0
                text80                              80E      80E       11         0
                text79                              8EA      8EA       17         0
                text78                             16D3     16D3        1         0
                text77                              608      608       8B         0
                text76                             178B     178B        C         0
                text74                              9CB      9CB       1C         0
                text73                              693      693       87         0
                text72                              81F      81F       12         0
                text71                              961      961       1A         0
                text70                              D25      D25       50         0
                text69                              800      800        E         0
                text68                              C15      C15       2F         0
                text67                              578      578       90         0
                text66                             16D4     16D4        1         0
                text65                             16D5     16D5        1         0
                text64                              CAA      CAA       37         0
                text63                              E6D      E6D       60         0
                text62                              ECD      ECD       62         0
                text61                              440      440       A1         0
                text60                             16D8     16D8        2         0
                text59                              8A7      8A7       16         0
                text58                              E18      E18       55         0
                text57                             17D0     17D0       10         0
                text56                             1712     1712        9         0
                text55                              901      901       17         0
                text54                             16EE     16EE        6         0
                text53                             16F4     16F4        6         0
                text52                             16DD     16DD        3         0
                text51                             16E0     16E0        3         0
                text50                              F91      F91       6F         0
                text49                              792      792       66         0
                text48                             17B2     17B2        F         0
                text47                             171B     171B        9         0
                text46                             1724     1724        9         0
                text45                              948      948       19         0
                text44                              D75      D75       51         0
                text43                             16D6     16D6        1         0
                text42                              97B      97B       1A         0
                text41                             172D     172D        9         0
                text40                              DC6      DC6       52         0
                text39                              8BD      8BD       16         0
                text38                             1736     1736        9         0
                text37                              892      892       15         0
                text36                              BC1      BC1       28         0
                text35                              918      918       18         0
                text34                             16E3     16E3        3         0
                text33                                2        2        2         0
                text32                              9E7      9E7       1C         0
                text31                             173F     173F        9         0
                text30                             1748     1748        9         0
                text29                             1751     1751        9         0
                text28                             175A     175A        9         0
                text27                             1763     1763        9         0
                text26                             176C     176C        9         0
                text25                              CE1      CE1       44         0
                text24                              BE9      BE9       2C         0
                text23                              A20      A20       1D         0
                text22                              831      831       13         0
                text21                              844      844       13         0
                text20                             17E0     17E0       10         0
                text19                             1797     1797        C         0
                text18                             1775     1775        A         0
                text17                              B9C      B9C       25         0
                text16                              7F8      7F8        8         0
                text15                             16FA     16FA        6         0
                text14                              87E      87E       14         0
                text13                             1700     1700        6         0
                text12                              930      930       18         0
                text11                              857      857       13         0
                text10                             16EA     16EA        4         0
                text9                               A3D      A3D       1E         0
                text8                               C44      C44       30         0
                text7                               B15      B15       1F         0
                text6                               B34      B34       22         0
                text5                               341      341       FF         0
                text4                              17C1     17C1        F         0
                text3                               4E1      4E1       97         0
                text2                               B56      B56       22         0
                text1                               F2F      F2F       62         0
                maintext                             7F       7F      2C2         0
                clrtext                            1706     1706        6         0
                inittext                           170C     170C        6         0
                idataBANK2                          9B0      9B0       1B         0
                idataBANK1                         17F0     17F0       10         0
                idataBANK0                         16D7     16D7        1         0

        CLASS   STRCODE        
                stringtext2                        1000     1000       30         0
                stringtext1                        1800     1800        5         0

        CLASS   STRING         

        CLASS   CONST          

        CLASS   ENTRY          

        CLASS   COMMON         
                cstackCOMMON                         70       70        8         1
                bssCOMMON                            78       78        6         1

        CLASS   BANK0          
                cstackBANK0                          4C       4C       23         1
                dataBANK0                            6F       6F        1         1
                bssBANK0                             20       20       2C         1

        CLASS   BANK1          
                dataBANK1                            D6       D6       10         1
                bssBANK1                             A0       A0       36         1

        CLASS   BANK2          
                dataBANK2                           150      150       1B         1
                bssBANK2                            120      120       30         1

        CLASS   BANK3          

        CLASS   BANK4          

        CLASS   BANK5          

        CLASS   BANK6          

        CLASS   BANK7          

        CLASS   BANK8          

        CLASS   BANK9          

        CLASS   BANK10         

        CLASS   BANK11         

        CLASS   BANK12         

        CLASS   BANK13         

        CLASS   BANK14         

        CLASS   BANK15         

        CLASS   BANK16         

        CLASS   BANK17         

        CLASS   BANK18         

        CLASS   BANK19         

        CLASS   BANK20         

        CLASS   BANK21         

        CLASS   BANK22         

        CLASS   BANK23         

        CLASS   BANK24         

        CLASS   BANK25         

        CLASS   BIGRAM         

        CLASS   RAM            

        CLASS   ABS1           
                abs_s1                               7E       7E        2         1

        CLASS   SFR0           

        CLASS   SFR1           

        CLASS   SFR2           

        CLASS   SFR3           

        CLASS   SFR4           

        CLASS   SFR5           

        CLASS   SFR6           

        CLASS   SFR7           

        CLASS   SFR8           

        CLASS   SFR9           

        CLASS   SFR10          

        CLASS   SFR11          

        CLASS   SFR12          

        CLASS   SFR13          

        CLASS   SFR14          

        CLASS   SFR15          

        CLASS   SFR16          

        CLASS   SFR17          

        CLASS   SFR18          

        CLASS   SFR19          

        CLASS   SFR20          

        CLASS   SFR21          

        CLASS   SFR22          

        CLASS   SFR23          

        CLASS   SFR24          

        CLASS   SFR25          

        CLASS   SFR26          

        CLASS   SFR27          

        CLASS   SFR28          

        CLASS   SFR29          

        CLASS   SFR30          

        CLASS   SFR31          

        CLASS   CONFIG         
                config                             8007     8007        4         0

        CLASS   IDLOC          

        CLASS   EEDATA         

        CLASS   BANK31         

        CLASS   BANK30         

        CLASS   BANK29         

        CLASS   BANK28         

        CLASS   BANK27         

        CLASS   BANK26         



SEGMENTS        Name                           Load    Length   Top    Selector   Space  Class     Delta

                reset_vec                      000000  000004  000004         0       0  CODE        2
                intentry                       000004  0007FC  000800         8       0  CODE        2
                bssBANK0                       000020  000050  000070        20       1  BANK0       1
                cstackCOMMON                   000070  00000E  00007E        70       1  COMMON      1
                bssBANK1                       0000A0  000046  0000E6        A0       1  BANK1       1
                bssBANK2                       000120  00004B  00016B       120       1  BANK2       1
                text69                         000800  00000E  00080E      1000       0  CODE        2
                text80                         00080E  000011  00081F      101C       0  CODE        2
                text72                         00081F  000012  000831      103E       0  CODE        2
                text22                         000831  000013  000844      1062       0  CODE        2
                text21                         000844  000013  000857      1088       0  CODE        2
                text11                         000857  000013  00086A      10AE       0  CODE        2
                text87                         00086A  000014  00087E      10D4       0  CODE        2
                text14                         00087E  000014  000892      10FC       0  CODE        2
                text37                         000892  000015  0008A7      1124       0  CODE        2
                text59                         0008A7  000016  0008BD      114E       0  CODE        2
                text39                         0008BD  000016  0008D3      117A       0  CODE        2
                text100                        0008D3  000017  0008EA      11A6       0  CODE        2
                text79                         0008EA  000017  000901      11D4       0  CODE        2
                text55                         000901  000017  000918      1202       0  CODE        2
                text35                         000918  000018  000930      1230       0  CODE        2
                text12                         000930  000018  000948      1260       0  CODE        2
                text45                         000948  000019  000961      1290       0  CODE        2
                text71                         000961  00001A  00097B      12C2       0  CODE        2
                text42                         00097B  00001A  000995      12F6       0  CODE        2
                text94                         000995  00001B  0009B0      132A       0  CODE        2
                idataBANK2                     0009B0  00001B  0009CB      1360       0  CODE        2
                text74                         0009CB  00001C  0009E7      1396       0  CODE        2
                text32                         0009E7  00001C  000A03      13CE       0  CODE        2
                text95                         000A03  00001D  000A20      1406       0  CODE        2
                text23                         000A20  00001D  000A3D      1440       0  CODE        2
                text9                          000A3D  00001E  000A5B      147A       0  CODE        2
                text86                         000A5B  00001F  000A7A      14B6       0  CODE        2
                text85                         000A7A  00001F  000A99      14F4       0  CODE        2
                text84                         000A99  00001F  000AB8      1532       0  CODE        2
                text83                         000AB8  00001F  000AD7      1570       0  CODE        2
                text82                         000AD7  00001F  000AF6      15AE       0  CODE        2
                text81                         000AF6  00001F  000B15      15EC       0  CODE        2
                text7                          000B15  00001F  000B34      162A       0  CODE        2
                text6                          000B34  000022  000B56      1668       0  CODE        2
                text2                          000B56  000022  000B78      16AC       0  CODE        2
                text93                         000B78  000024  000B9C      16F0       0  CODE        2
                text17                         000B9C  000025  000BC1      1738       0  CODE        2
                text36                         000BC1  000028  000BE9      1782       0  CODE        2
                text24                         000BE9  00002C  000C15      17D2       0  CODE        2
                text68                         000C15  00002F  000C44      182A       0  CODE        2
                text8                          000C44  000030  000C74      1888       0  CODE        2
                text96                         000C74  000036  000CAA      18E8       0  CODE        2
                text64                         000CAA  000037  000CE1      1954       0  CODE        2
                text25                         000CE1  000044  000D25      19C2       0  CODE        2
                text70                         000D25  000050  000D75      1A4A       0  CODE        2
                text44                         000D75  000051  000DC6      1AEA       0  CODE        2
                text40                         000DC6  000052  000E18      1B8C       0  CODE        2
                text58                         000E18  000055  000E6D      1C30       0  CODE        2
                text63                         000E6D  000060  000ECD      1CDA       0  CODE        2
                text62                         000ECD  000062  000F2F      1D9A       0  CODE        2
                text1                          000F2F  000062  000F91      1E5E       0  CODE        2
                text50                         000F91  00006F  001000      1F22       0  CODE        2
                stringtext2                    001000  000030  001030      2000       0  STRCODE     2
                text98                         0016D0  000001  0016D1      2DA0       0  CODE        2
                text92                         0016D1  000001  0016D2      2DA2       0  CODE        2
                text88                         0016D2  000001  0016D3      2DA4       0  CODE        2
                text78                         0016D3  000001  0016D4      2DA6       0  CODE        2
                text66                         0016D4  000001  0016D5      2DA8       0  CODE        2
                text65                         0016D5  000001  0016D6      2DAA       0  CODE        2
                text43                         0016D6  000001  0016D7      2DAC       0  CODE        2
                idataBANK0                     0016D7  000001  0016D8      2DAE       0  CODE        2
                text60                         0016D8  000002  0016DA      2DB0       0  CODE        2
                text99                         0016DA  000003  0016DD      2DB4       0  CODE        2
                text52                         0016DD  000003  0016E0      2DBA       0  CODE        2
                text51                         0016E0  000003  0016E3      2DC0       0  CODE        2
                text34                         0016E3  000003  0016E6      2DC6       0  CODE        2
                text97                         0016E6  000004  0016EA      2DCC       0  CODE        2
                text10                         0016EA  000004  0016EE      2DD4       0  CODE        2
                text54                         0016EE  000006  0016F4      2DDC       0  CODE        2
                text53                         0016F4  000006  0016FA      2DE8       0  CODE        2
                text15                         0016FA  000006  001700      2DF4       0  CODE        2
                text13                         001700  000006  001706      2E00       0  CODE        2
                clrtext                        001706  000006  00170C      2E0C       0  CODE        2
                inittext                       00170C  000006  001712      2E18       0  CODE        2
                text56                         001712  000009  00171B      2E24       0  CODE        2
                text47                         00171B  000009  001724      2E36       0  CODE        2
                text46                         001724  000009  00172D      2E48       0  CODE        2
                text41                         00172D  000009  001736      2E5A       0  CODE        2
                text38                         001736  000009  00173F      2E6C       0  CODE        2
                text31                         00173F  000009  001748      2E7E       0  CODE        2
                text30                         001748  000009  001751      2E90       0  CODE        2
                text29                         001751  000009  00175A      2EA2       0  CODE        2
                text28                         00175A  000009  001763      2EB4       0  CODE        2
                text27                         001763  000009  00176C      2EC6       0  CODE        2
                text26                         00176C  000009  001775      2ED8       0  CODE        2
                text18                         001775  00000A  00177F      2EEA       0  CODE        2
                text91                         00177F  00000C  00178B      2EFE       0  CODE        2
                text76                         00178B  00000C  001797      2F16       0  CODE        2
                text19                         001797  00000C  0017A3      2F2E       0  CODE        2
                text90                         0017A3  00000F  0017B2      2F46       0  CODE        2
                text48                         0017B2  00000F  0017C1      2F64       0  CODE        2
                text4                          0017C1  00000F  0017D0      2F82       0  CODE        2
                text57                         0017D0  000010  0017E0      2FA0       0  CODE        2
                text20                         0017E0  000010  0017F0      2FC0       0  CODE        2
                idataBANK1                     0017F0  000010  001800      2FE0       0  CODE        2
                stringtext1                    001800  000005  001805      3000       0  STRCODE     2
                config                         008007  000004  00800B     1000E       0  CONFIG      2


UNUSED ADDRESS RANGES

        Name                Unused          Largest block    Delta
        BANK1            000E6-000EF               A           1
        BANK10           00520-0056F              50           1
        BANK11           005A0-005EF              50           1
        BANK12           00620-0066F              50           1
        BANK13           006A0-006EF              50           1
        BANK14           00720-0076F              50           1
        BANK15           007A0-007EF              50           1
        BANK16           00820-0086F              50           1
        BANK17           008A0-008EF              50           1
        BANK18           00920-0096F              50           1
        BANK19           009A0-009EF              50           1
        BANK2            0016B-0016F               5           1
        BANK20           00A20-00A6F              50           1
        BANK21           00AA0-00AEF              50           1
        BANK22           00B20-00B6F              50           1
        BANK23           00BA0-00BEF              50           1
        BANK24           00C20-00C6F              50           1
        BANK25           00CA0-00CBF              20           1
        BANK3            001A0-001EF              50           1
        BANK4            00220-0026F              50           1
        BANK5            002A0-002EF              50           1
        BANK6            00320-0036F              50           1
        BANK7            003A0-003EF              50           1
        BANK8            00420-0046F              50           1
        BANK9            004A0-004EF              50           1
        BIGRAM           02000-027EF             7F0           1
        CODE             01030-016CF             6A0           2
                         01805-03FFF             800
        CONST            01030-016CF             100           2
                         01805-03FFF             100
        EEDATA           0F000-0F0FF             100           2
        ENTRY            01030-016CF             100           2
                         01805-03FFF             100
        IDLOC            08000-08003               4           2
        RAM              000E6-000EF               A           1
                         0016B-0016F               5
                         001A0-001EF              50
                         00220-0026F              50
                         002A0-002EF              50
                         00320-0036F              50
                         003A0-003EF              50
                         00420-0046F              50
                         004A0-004EF              50
                         00520-0056F              50
                         005A0-005EF              50
                         00620-0066F              50
                         006A0-006EF              50
                         00720-0076F              50
                         007A0-007EF              50
                         00820-0086F              50
                         008A0-008EF              50
                         00920-0096F              50
                         009A0-009EF              50
                         00A20-00A6F              50
                         00AA0-00AEF              50
                         00B20-00B6F              50
                         00BA0-00BEF              50
                         00C20-00C6F              50
                         00CA0-00CBF              20
        SFR0             00000-0001F              20           1
        SFR1             00080-0009F              20           1
        SFR10            00500-0051F              20           1
        SFR11            00580-0059F              20           1
        SFR12            00600-0061F              20           1
        SFR13            00680-0069F              20           1
        SFR14            00700-0071F              20           1
        SFR15            00780-0079F              20           1
        SFR16            00800-0081F              20           1
        SFR17            00880-0089F              20           1
        SFR18            00900-0091F              20           1
        SFR19            00980-0099F              20           1
        SFR2             00100-0011F              20           1
        SFR20            00A00-00A1F              20           1
        SFR21            00A80-00A9F              20           1
        SFR22            00B00-00B1F              20           1
        SFR23            00B80-00B9F              20           1
        SFR24            00C00-00C1F              20           1
        SFR25            00C80-00C9F              20           1
        SFR26            00D00-00D6F              70           1
        SFR27            00D80-00DEF              70           1
        SFR28            00E00-00E6F              70           1
        SFR29            00E80-00EEF              70           1
        SFR3             00180-0019F              20           1
        SFR30            00F00-00F6F              70           1
        SFR31            00F80-00FEF              70           1
        SFR4             00200-0021F              20           1
        SFR5             00280-0029F              20           1
        SFR6             00300-0031F              20           1
        SFR7             00380-0039F              20           1
        SFR8             00400-0041F              20           1
        SFR9             00480-0049F              20           1
        STACK            020EB-027EF             705           1
        STRCODE          01030-016CF             6A0           2
                         01805-03FFF            27FB
        STRING           01030-016CF             100           2
                         01805-03FFF             100

                                  Symbol Table

?_ADC_GetConversion                                   cstackBANK0  0004C
?_MTOUCH_Sensor_RawSample_Get                         cstackBANK0  00050
?___lmul                                              cstackBANK0  0004C
?_abs                                                 cstackBANK0  0004C
?_u16_get_adc_value                                   cstackBANK0  00050
?i1_abs                                               cstackCOMMON 00070
ADC_GetConversion@channel                             cstackBANK0  0004F
Button_Baseline_Initialize@button                     cstackBANK0  00058
Button_Baseline_Update@button                         cstackBANK0  00052
Button_DefaultCallback@button                         cstackBANK0  0004C
Button_Deviation_Update@button                        cstackBANK0  00056
Button_Deviation_Update@deviation                     cstackBANK0  00057
Button_Reading_Update@button                          cstackBANK0  00057
Button_Reading_Update_Helper@button                   cstackBANK0  00056
Button_Service@button                                 cstackBANK0  00061
Button_Service@name                                   cstackBANK0  00060
Button_State_Initializing@button                      cstackBANK0  00059
Button_State_NotPressed@button                        cstackBANK0  00059
Button_State_Pressed@button                           cstackBANK0  00059
Button_Tick_helper@button                             cstackBANK0  0004E
DATAEE_ReadByte@bAdd                                  cstackBANK0  0004C
DATAEE_WriteByte@GIEBitValue                          cstackBANK0  0004F
DATAEE_WriteByte@bAdd                                 cstackBANK0  0004C
DATAEE_WriteByte@bData                                cstackBANK0  0004E
EUSART_SetErrorHandler@interruptHandler               cstackBANK0  0004C
EUSART_SetFramingErrorHandler@interruptHandler        cstackBANK0  0004C
EUSART_SetOverrunErrorHandler@interruptHandler        cstackBANK0  0004C
EUSART_SetRxInterruptHandler@interruptHandler         cstackBANK0  0004C
EUSART_SetTxInterruptHandler@interruptHandler         cstackBANK0  0004C
MTOUCH_Button_Initialize@button                       cstackBANK0  0004F
MTOUCH_Button_Initialize@name                         cstackBANK0  0004E
MTOUCH_Button_InitializeAll@button                    cstackBANK0  00057
MTOUCH_Button_ServiceAll@button                       cstackBANK0  00063
MTOUCH_Button_Tick@i                                  cstackBANK0  00050
MTOUCH_Button_isPressed@name                          cstackBANK0  0004D
MTOUCH_Sensor_Enable@sensor                           cstackBANK0  00051
MTOUCH_Sensor_Initialize@sensor                       cstackBANK0  00053
MTOUCH_Sensor_InitializeAll@sensor                    cstackBANK0  00055
MTOUCH_Sensor_RawSample_Get@name                      cstackBANK0  00053
MTOUCH_Sensor_SampleAll@sensor                        cstackBANK0  00068
MTOUCH_Sensor_Sampled_ResetAll@sensor                 cstackBANK0  0004E
MTOUCH_Sensor_wasSampled@sensor                       cstackBANK0  00051
Sensor_Acq_ExecutePacket@ADACT_temp                   cstackBANK0  00051
Sensor_Acq_ExecutePacket@ADCON0_temp                  cstackBANK0  0004F
Sensor_Acq_ExecutePacket@ADCON1_temp                  cstackBANK0  00050
Sensor_Acq_ExecutePacket@error                        cstackBANK0  00052
Sensor_Acq_ExecutePacket@sensor                       cstackBANK0  00053
Sensor_Acq_ExecuteScan@last_a                         bssBANK1     000D0
Sensor_Acq_ExecuteScan@last_b                         bssBANK0     00034
Sensor_Acq_ExecuteScan@result                         cstackCOMMON 00076
Sensor_Acquisition@retry                              cstackBANK0  00060
Sensor_Acquisition@sensor                             cstackBANK0  00061
Sensor_DefaultCallback@sensor                         cstackBANK0  0004C
Sensor_RawSample_Update@sensor                        cstackBANK0  0004C
Sensor_Sampled_Reset@sensor                           cstackBANK0  0004C
Sensor_Scanfrequency_Evaluation@best_packet_sample    cstackBANK0  00058
Sensor_Scanfrequency_Evaluation@best_sample_period    cstackBANK0  0005B
Sensor_Scanfrequency_Evaluation@frequency_hop         stringtext1  01800
Sensor_Scanfrequency_Evaluation@i                     cstackBANK0  0005D
Sensor_Scanfrequency_Evaluation@packet_noise_Max      cstackBANK0  00056
Sensor_Scanfrequency_Evaluation@retry                 cstackBANK0  0005C
Sensor_Scanfrequency_Evaluation@sensor                cstackBANK0  0005A
Sensor_Service@error                                  cstackBANK0  00065
Sensor_Service@name                                   cstackBANK0  00064
Sensor_Service@sensor                                 cstackBANK0  00066
Sensor_isEnabled@sensor                               cstackBANK0  0004C
Sensor_setActive@sensor                               cstackBANK0  0004C
Sensor_setInactive@sensor                             cstackBANK0  0004C
Sensor_setSampled@sensor                              cstackBANK0  0004C
Sensor_setScanFunction@sensor                         cstackBANK0  0004C
TMR0_SetInterruptHandler@InterruptHandler             cstackBANK0  0004C
TMR1_SetInterruptHandler@InterruptHandler             cstackBANK0  0004C
TMR1_WriteTimer@timerVal                              cstackCOMMON 00070
TMR6_LoadPeriodRegister@periodVal                     cstackBANK0  0004C
TMR6_SetInterruptHandler@InterruptHandler             cstackBANK0  0004C
_ADACT                                                (abs)        0009F
_ADCON0                                               (abs)        0009D
_ADCON0bits                                           (abs)        0009D
_ADCON1                                               (abs)        0009E
_ADC_GetConversion                                    text7        00B15
_ADC_Initialize                                       text31       0173F
_ADRES                                                (abs)        0009B
_ADRESH                                               (abs)        0009C
_ADRESL                                               (abs)        0009B
_ANSELA                                               (abs)        0018C
_ANSELB                                               (abs)        0018D
_ANSELC                                               (abs)        0018E
_BAUD1CON                                             (abs)        0019F
_Button_Baseline_Initialize                           text68       00C15
_Button_Baseline_Update                               text67       00578
_Button_DefaultCallback                               text66       016D4
_Button_Deviation_Update                              text73       00693
_Button_Reading_Update                                text69       00800
_Button_Reading_Update_Helper                         text70       00D25
_Button_Service                                       text58       00E18
_Button_StateMachine                                  dataBANK1    000D6
_Button_State_Initializing                            text62       00ECD
_Button_State_NotPressed                              text61       00440
_Button_State_Pressed                                 text63       00E6D
_Button_Tick_helper                                   text36       00BC1
_DATAEE_ReadByte                                      text4        017C1
_DATAEE_WriteByte                                     text2        00B56
_EE_BoostCooling_Hour_Count                           bssBANK0     0003F
_EE_BoostCooling_Minute_CountDown                     bssBANK0     00040
_EE_Lock                                              bssBANK0     00042
_EE_Refrigeration_Mode                                bssBANK0     00044
_EE_Refrigeration_State                               bssBANK0     00041
_EE_Set_Level                                         bssBANK0     00043
_EUSART_DefaultErrorHandler                           text99       016DA
_EUSART_DefaultFramingErrorHandler                    text98       016D0
_EUSART_DefaultOverrunErrorHandler                    text97       016E6
_EUSART_ErrorHandler                                  bssBANK1     000C0
_EUSART_FramingErrorHandler                           bssBANK1     000C4
_EUSART_Initialize                                    text25       00CE1
_EUSART_OverrunErrorHandler                           bssBANK1     000C2
_EUSART_Receive_ISR                                   text96       00C74
_EUSART_RxDataHandler                                 text100      008D3
_EUSART_RxDefaultInterruptHandler                     bssBANK1     000D2
_EUSART_SetErrorHandler                               text30       01748
_EUSART_SetFramingErrorHandler                        text29       01751
_EUSART_SetOverrunErrorHandler                        text28       0175A
_EUSART_SetRxInterruptHandler                         text27       01763
_EUSART_SetTxInterruptHandler                         text26       0176C
_EUSART_Transmit_ISR                                  text95       00A03
_EUSART_TxDefaultInterruptHandler                     bssBANK1     000D4
_GIE                                                  (abs)        0005F
_INTCONbits                                           (abs)        0000B
_INTERRUPT_InterruptManager                           intentry     00004
_LATA                                                 (abs)        0010C
_LATAbits                                             (abs)        0010C
_LATB                                                 (abs)        0010D
_LATBbits                                             (abs)        0010D
_LATC                                                 (abs)        0010E
_MTOUCH_Button_Initialize                             text64       00CAA
_MTOUCH_Button_InitializeAll                          text23       00A20
_MTOUCH_Button_ServiceAll                             text57       017D0
_MTOUCH_Button_Tick                                   text35       00918
_MTOUCH_Button_isPressed                              text74       009CB
_MTOUCH_CVD_ScanA_0                                   text85       00A7A
_MTOUCH_CVD_ScanA_1                                   text84       00A99
_MTOUCH_CVD_ScanA_2                                   text86       00A5B
_MTOUCH_CVD_ScanB_0                                   text82       00AD7
_MTOUCH_CVD_ScanB_1                                   text81       00AF6
_MTOUCH_CVD_ScanB_2                                   text83       00AB8
_MTOUCH_Initialize                                    text19       01797
_MTOUCH_Sensor_Calibrate                              text65       016D5
_MTOUCH_Sensor_Enable                                 text22       00831
_MTOUCH_Sensor_Initialize                             text21       00844
_MTOUCH_Sensor_InitializeAll                          text20       017E0
_MTOUCH_Sensor_RawSample_Get                          text71       00961
_MTOUCH_Sensor_SampleAll                              text39       008BD
_MTOUCH_Sensor_Sampled_ResetAll                       text37       00892
_MTOUCH_Sensor_Scan_Initialize                        text56       01712
_MTOUCH_Sensor_isCalibrated                           text60       016D8
_MTOUCH_Sensor_wasSampled                             text59       008A7
_MTOUCH_Service_Mainloop                              text32       009E7
_MTOUCH_Tick                                          text34       016E3
_MTOUCH_needReburst                                   text33       00002
_NVMADRH                                              (abs)        00892
_NVMADRL                                              (abs)        00891
_NVMCON1bits                                          (abs)        00895
_NVMCON2                                              (abs)        00896
_NVMDATH                                              (abs)        00894
_NVMDATL                                              (abs)        00893
_ODCONA                                               (abs)        0028C
_ODCONB                                               (abs)        0028D
_ODCONC                                               (abs)        0028E
_OSCCON1                                              (abs)        00919
_OSCCON3                                              (abs)        0091B
_OSCEN                                                (abs)        0091D
_OSCFRQ                                               (abs)        0091F
_OSCILLATOR_Initialize                                text18       01775
_OSCTUNE                                              (abs)        0091E
_PIE0bits                                             (abs)        00090
_PIE1bits                                             (abs)        00091
_PIE2bits                                             (abs)        00092
_PIN_MANAGER_Initialize                               text17       00B9C
_PIR0bits                                             (abs)        00010
_PIR1bits                                             (abs)        00011
_PIR2bits                                             (abs)        00012
_PLLR                                                 (abs)        048E0
_PMD0                                                 (abs)        00911
_PMD1                                                 (abs)        00912
_PMD2                                                 (abs)        00913
_PMD3                                                 (abs)        00914
_PMD4                                                 (abs)        00915
_PMD5                                                 (abs)        00916
_PMD_Initialize                                       text16       007F8
_PR6                                                  (abs)        0041D
_RA1PPS                                               (abs)        00E91
_RC1REG                                               (abs)        00199
_RC1STA                                               (abs)        0019D
_RC1STAbits                                           (abs)        0019D
_RXPPS                                                (abs)        00E24
_SLRCONA                                              (abs)        0030C
_SLRCONB                                              (abs)        0030D
_SLRCONC                                              (abs)        0030E
_SP1BRGH                                              (abs)        0019C
_SP1BRGL                                              (abs)        0019B
_SYSTEM_Initialize                                    text9        00A3D
_Sensor_Acq_ExecutePacket                             text50       00F91
_Sensor_Acq_ExecuteScan                               text77       00608
_Sensor_Acquisition                                   text44       00D75
_Sensor_DefaultCallback                               text43       016D6
_Sensor_RawSample_Update                              text42       0097B
_Sensor_Sampled_Reset                                 text38       01736
_Sensor_Scanfrequency_Evaluation                      text49       00792
_Sensor_Service                                       text40       00DC6
_Sensor_isEnabled                                     text48       017B2
_Sensor_scanA                                         dataBANK1    000E2
_Sensor_scanB                                         dataBANK1    000E0
_Sensor_setActive                                     text47       0171B
_Sensor_setInactive                                   text46       01724
_Sensor_setSampled                                    text41       0172D
_Sensor_setScanFunction                               text55       00901
_T0CON0                                               (abs)        00017
_T0CON0bits                                           (abs)        00017
_T0CON1                                               (abs)        00018
_T1CON                                                (abs)        0001B
_T1CONbits                                            (abs)        0001B
_T1GCON                                               (abs)        0001C
_T1GCONbits                                           (abs)        0001C
_T6CON                                                (abs)        0041E
_T6CONbits                                            (abs)        0041E
_TMR0H                                                (abs)        00016
_TMR0L                                                (abs)        00015
_TMR0_DefaultInterruptHandler                         text92       016D1
_TMR0_ISR                                             text91       0177F
_TMR0_Initialize                                      text14       0087E
_TMR0_InterruptHandler                                bssBANK0     00032
_TMR0_SetInterruptHandler                             text15       016FA
_TMR1H                                                (abs)        0001A
_TMR1L                                                (abs)        00019
_TMR1_DefaultInterruptHandler                         text88       016D2
_TMR1_ISR                                             text87       0086A
_TMR1_Initialize                                      text12       00930
_TMR1_InterruptHandler                                bssBANK0     00030
_TMR1_SetInterruptHandler                             text13       01700
_TMR1_WriteTimer                                      text90       017A3
_TMR6                                                 (abs)        0041C
_TMR6_DefaultInterruptHandler                         text78       016D3
_TMR6_ISR                                             text76       0178B
_TMR6_Initialize                                      text11       00857
_TMR6_InterruptHandler                                bssBANK0     0002E
_TMR6_LoadPeriodRegister                              text54       016EE
_TMR6_SetInterruptHandler                             text53       016F4
_TMR6_StartTimer                                      text52       016DD
_TMR6_StopTimer                                       text51       016E0
_TRISA                                                (abs)        0008C
_TRISB                                                (abs)        0008D
_TRISC                                                (abs)        0008E
_TX1REG                                               (abs)        0019A
_TX1STA                                               (abs)        0019E
_TX1STAbits                                           (abs)        0019E
_WDTCON                                               (abs)        00097
_WDT_Initialize                                       text10       016EA
_WPUA                                                 (abs)        0020C
_WPUB                                                 (abs)        0020D
_WPUC                                                 (abs)        0020E
__CFG_BOREN$ON                                        (abs)        00000
__CFG_BORV$LOW                                        (abs)        00000
__CFG_CLKOUTEN$OFF                                    (abs)        00000
__CFG_CP$OFF                                          (abs)        00000
__CFG_CPD$OFF                                         (abs)        00000
__CFG_CSWEN$ON                                        (abs)        00000
__CFG_DEBUG$OFF                                       (abs)        00000
__CFG_FCMEN$ON                                        (abs)        00000
__CFG_FEXTOSC$OFF                                     (abs)        00000
__CFG_LPBOREN$OFF                                     (abs)        00000
__CFG_LVP$ON                                          (abs)        00000
__CFG_MCLRE$ON                                        (abs)        00000
__CFG_PPS1WAY$ON                                      (abs)        00000
__CFG_PWRTE$OFF                                       (abs)        00000
__CFG_RSTOSC$HFINT32                                  (abs)        00000
__CFG_STVREN$ON                                       (abs)        00000
__CFG_WDTE$OFF                                        (abs)        00000
__CFG_WRT$OFF                                         (abs)        00000
__Habs1                                               abs1         00000
__Hbank0                                              bank0        00000
__Hbank1                                              bank1        00000
__Hbank10                                             bank10       00000
__Hbank11                                             bank11       00000
__Hbank12                                             bank12       00000
__Hbank13                                             bank13       00000
__Hbank14                                             bank14       00000
__Hbank15                                             bank15       00000
__Hbank16                                             bank16       00000
__Hbank17                                             bank17       00000
__Hbank18                                             bank18       00000
__Hbank19                                             bank19       00000
__Hbank2                                              bank2        00000
__Hbank20                                             bank20       00000
__Hbank21                                             bank21       00000
__Hbank22                                             bank22       00000
__Hbank23                                             bank23       00000
__Hbank24                                             bank24       00000
__Hbank25                                             bank25       00000
__Hbank26                                             bank26       00000
__Hbank27                                             bank27       00000
__Hbank28                                             bank28       00000
__Hbank29                                             bank29       00000
__Hbank3                                              bank3        00000
__Hbank30                                             bank30       00000
__Hbank31                                             bank31       00000
__Hbank4                                              bank4        00000
__Hbank5                                              bank5        00000
__Hbank6                                              bank6        00000
__Hbank7                                              bank7        00000
__Hbank8                                              bank8        00000
__Hbank9                                              bank9        00000
__Hbigram                                             bigram       00000
__HbssBANK0                                           bssBANK0     00000
__HbssBANK1                                           bssBANK1     00000
__HbssBANK2                                           bssBANK2     00000
__HbssCOMMON                                          bssCOMMON    00000
__Hcinit                                              cinit        0007F
__Hclrtext                                            clrtext      00000
__Hcode                                               code         00000
__Hcommon                                             common       00000
__Hconfig                                             config       0800B
__HcstackBANK0                                        cstackBANK0  00000
__HcstackCOMMON                                       cstackCOMMON 00000
__HdataBANK0                                          dataBANK0    00000
__HdataBANK1                                          dataBANK1    00000
__HdataBANK2                                          dataBANK2    00000
__Heeprom_data                                        eeprom_data  00000
__Hend_init                                           end_init     00042
__Hfunctab                                            functab      00000
__HidataBANK0                                         idataBANK0   00000
__HidataBANK1                                         idataBANK1   00000
__HidataBANK2                                         idataBANK2   00000
__Hidloc                                              idloc        00000
__Hinit                                               init         00040
__Hinittext                                           inittext     00000
__Hintentry                                           intentry     00040
__Hmaintext                                           maintext     00000
__Hpowerup                                            powerup      00000
__Hram                                                ram          00000
__Hreset_vec                                          reset_vec    00002
__Hsfr0                                               sfr0         00000
__Hsfr1                                               sfr1         00000
__Hsfr10                                              sfr10        00000
__Hsfr11                                              sfr11        00000
__Hsfr12                                              sfr12        00000
__Hsfr13                                              sfr13        00000
__Hsfr14                                              sfr14        00000
__Hsfr15                                              sfr15        00000
__Hsfr16                                              sfr16        00000
__Hsfr17                                              sfr17        00000
__Hsfr18                                              sfr18        00000
__Hsfr19                                              sfr19        00000
__Hsfr2                                               sfr2         00000
__Hsfr20                                              sfr20        00000
__Hsfr21                                              sfr21        00000
__Hsfr22                                              sfr22        00000
__Hsfr23                                              sfr23        00000
__Hsfr24                                              sfr24        00000
__Hsfr25                                              sfr25        00000
__Hsfr26                                              sfr26        00000
__Hsfr27                                              sfr27        00000
__Hsfr28                                              sfr28        00000
__Hsfr29                                              sfr29        00000
__Hsfr3                                               sfr3         00000
__Hsfr30                                              sfr30        00000
__Hsfr31                                              sfr31        00000
__Hsfr4                                               sfr4         00000
__Hsfr5                                               sfr5         00000
__Hsfr6                                               sfr6         00000
__Hsfr7                                               sfr7         00000
__Hsfr8                                               sfr8         00000
__Hsfr9                                               sfr9         00000
__Hspace_0                                            (abs)        0800B
__Hspace_1                                            (abs)        0016B
__Hspace_2                                            (abs)        00000
__Hspace_3                                            (abs)        00000
__Hstack                                              stack        00000
__Hstrings                                            strings      00000
__Hstringtext1                                        stringtext1  00000
__Hstringtext2                                        stringtext2  00000
__Htext                                               text         00000
__Labs1                                               abs1         00000
__Lbank0                                              bank0        00000
__Lbank1                                              bank1        00000
__Lbank10                                             bank10       00000
__Lbank11                                             bank11       00000
__Lbank12                                             bank12       00000
__Lbank13                                             bank13       00000
__Lbank14                                             bank14       00000
__Lbank15                                             bank15       00000
__Lbank16                                             bank16       00000
__Lbank17                                             bank17       00000
__Lbank18                                             bank18       00000
__Lbank19                                             bank19       00000
__Lbank2                                              bank2        00000
__Lbank20                                             bank20       00000
__Lbank21                                             bank21       00000
__Lbank22                                             bank22       00000
__Lbank23                                             bank23       00000
__Lbank24                                             bank24       00000
__Lbank25                                             bank25       00000
__Lbank26                                             bank26       00000
__Lbank27                                             bank27       00000
__Lbank28                                             bank28       00000
__Lbank29                                             bank29       00000
__Lbank3                                              bank3        00000
__Lbank30                                             bank30       00000
__Lbank31                                             bank31       00000
__Lbank4                                              bank4        00000
__Lbank5                                              bank5        00000
__Lbank6                                              bank6        00000
__Lbank7                                              bank7        00000
__Lbank8                                              bank8        00000
__Lbank9                                              bank9        00000
__Lbigram                                             bigram       00000
__LbssBANK0                                           bssBANK0     00000
__LbssBANK1                                           bssBANK1     00000
__LbssBANK2                                           bssBANK2     00000
__LbssCOMMON                                          bssCOMMON    00000
__Lcinit                                              cinit        00042
__Lclrtext                                            clrtext      00000
__Lcode                                               code         00000
__Lcommon                                             common       00000
__Lconfig                                             config       08007
__LcstackBANK0                                        cstackBANK0  00000
__LcstackCOMMON                                       cstackCOMMON 00000
__LdataBANK0                                          dataBANK0    00000
__LdataBANK1                                          dataBANK1    00000
__LdataBANK2                                          dataBANK2    00000
__Leeprom_data                                        eeprom_data  00000
__Lend_init                                           end_init     00040
__Lfunctab                                            functab      00000
__LidataBANK0                                         idataBANK0   00000
__LidataBANK1                                         idataBANK1   00000
__LidataBANK2                                         idataBANK2   00000
__Lidloc                                              idloc        00000
__Linit                                               init         00040
__Linittext                                           inittext     00000
__Lintentry                                           intentry     00004
__Lmaintext                                           maintext     00000
__Lpowerup                                            powerup      00000
__Lram                                                ram          00000
__Lreset_vec                                          reset_vec    00000
__Lsfr0                                               sfr0         00000
__Lsfr1                                               sfr1         00000
__Lsfr10                                              sfr10        00000
__Lsfr11                                              sfr11        00000
__Lsfr12                                              sfr12        00000
__Lsfr13                                              sfr13        00000
__Lsfr14                                              sfr14        00000
__Lsfr15                                              sfr15        00000
__Lsfr16                                              sfr16        00000
__Lsfr17                                              sfr17        00000
__Lsfr18                                              sfr18        00000
__Lsfr19                                              sfr19        00000
__Lsfr2                                               sfr2         00000
__Lsfr20                                              sfr20        00000
__Lsfr21                                              sfr21        00000
__Lsfr22                                              sfr22        00000
__Lsfr23                                              sfr23        00000
__Lsfr24                                              sfr24        00000
__Lsfr25                                              sfr25        00000
__Lsfr26                                              sfr26        00000
__Lsfr27                                              sfr27        00000
__Lsfr28                                              sfr28        00000
__Lsfr29                                              sfr29        00000
__Lsfr3                                               sfr3         00000
__Lsfr30                                              sfr30        00000
__Lsfr31                                              sfr31        00000
__Lsfr4                                               sfr4         00000
__Lsfr5                                               sfr5         00000
__Lsfr6                                               sfr6         00000
__Lsfr7                                               sfr7         00000
__Lsfr8                                               sfr8         00000
__Lsfr9                                               sfr9         00000
__Lspace_0                                            (abs)        00000
__Lspace_1                                            (abs)        00000
__Lspace_2                                            (abs)        00000
__Lspace_3                                            (abs)        00000
__Lstack                                              stack        00000
__Lstrings                                            strings      00000
__Lstringtext1                                        stringtext1  00000
__Lstringtext2                                        stringtext2  00000
__Ltext                                               text         00000
__S0                                                  (abs)        0800B
__S1                                                  (abs)        0016B
__S2                                                  (abs)        00000
__S3                                                  (abs)        00000
___bmul                                               text72       0081F
___bmul@multiplicand                                  cstackBANK0  0004C
___bmul@multiplier                                    cstackBANK0  0004F
___bmul@product                                       cstackBANK0  0004E
___int_sp                                             stack        00000
___latbits                                            (abs)        00003
___lmul                                               text8        00C44
___lmul@multiplicand                                  cstackBANK0  00050
[...]
      Params:         0       0       0       0       0       0       0       0       0       0       0       0       0       0       0       0       0       0       0       0       0       0       0       0       0       0       0
      Locals:         1       0       0       0       0       0       0       0       0       0       0       0       0       0       0       0       0       0       0       0       0       0       0       0       0       0       0
      Temps:          1       0       0       0       0       0       0       0       0       0       0       0       0       0       0       0       0       0       0       0       0       0       0       0       0       0       0
      Totals:         2       0       0       0       0       0       0       0       0       0       0       0       0       0       0       0       0       0       0       0       0       0       0       0       0       0       0
Total ram usage:        2 bytes
 Hardware stack levels used:    1
 This function calls:
		Nothing
 This function is called by:
		_v_1s_service_routine
		_v_1ms_service_routine
 This function uses a non-reentrant model


 *************** function _EUSART_Transmit_ISR *****************
 Defined at:
		line 203 in file "mcc_generated_files/eusart.c"
 Parameters:    Size  Location     Type
		None
 Auto vars:     Size  Location     Type
		None
 Return value:  Size  Location     Type
                  1    wreg      void 
 Registers used:
		wreg, fsr1l, fsr1h, status,2, status,0
 Tracked objects:
		On entry : 
		On exit  : 
		Unchanged: 
 Data sizes:     COMMON   BANK0   BANK1   BANK2   BANK3   BANK4   BANK5   BANK6   BANK7   BANK8   BANK9  BANK10  BANK11  BANK12  BANK13  BANK14  BANK15  BANK16  BANK17  BANK18  BANK19  BANK20  BANK21  BANK22  BANK23  BANK24  BANK25
      Params:         0       0       0       0       0       0       0       0       0       0       0       0       0       0       0       0       0       0       0       0       0       0       0       0       0       0       0
      Locals:         0       0       0       0       0       0       0       0       0       0       0       0       0       0       0       0       0       0       0       0       0       0       0       0       0       0       0
      Temps:          1       0       0       0       0       0       0       0       0       0       0       0       0       0       0       0       0       0       0       0       0       0       0       0       0       0       0
      Totals:         1       0       0       0       0       0       0       0       0       0       0       0       0       0       0       0       0       0       0       0       0       0       0       0       0       0       0
Total ram usage:        1 bytes
 Hardware stack levels used:    1
 This function calls:
		Nothing
 This function is called by:
		_EUSART_Initialize
		_INTERRUPT_InterruptManager
 This function uses a non-reentrant model


 *************** function _EUSART_Receive_ISR *****************
 Defined at:
		line 222 in file "mcc_generated_files/eusart.c"
 Parameters:    Size  Location     Type
		None
 Auto vars:     Size  Location     Type
		None
 Return value:  Size  Location     Type
                  1    wreg      void 
 Registers used:
		wreg, fsr1l, fsr1h, status,2, status,0, pclath, cstack
 Tracked objects:
		On entry : 
		On exit  : 
		Unchanged: 
 Data sizes:     COMMON   BANK0   BANK1   BANK2   BANK3   BANK4   BANK5   BANK6   BANK7   BANK8   BANK9  BANK10  BANK11  BANK12  BANK13  BANK14  BANK15  BANK16  BANK17  BANK18  BANK19  BANK20  BANK21  BANK22  BANK23  BANK24  BANK25
      Params:         0       0       0       0       0       0       0       0       0       0       0       0       0       0       0       0       0       0       0       0       0       0       0       0       0       0       0
      Locals:         0       0       0       0       0       0       0       0       0       0       0       0       0       0       0       0       0       0       0       0       0       0       0       0       0       0       0
      Temps:          0       0       0       0       0       0       0       0       0       0       0       0       0       0       0       0       0       0       0       0       0       0       0       0       0       0       0
      Totals:         0       0       0       0       0       0       0       0       0       0       0       0       0       0       0       0       0       0       0       0       0       0       0       0       0       0       0
Total ram usage:        0 bytes
 Hardware stack levels used:    1
 Hardware stack levels required when called:    2
 This function calls:
		Absolute function
		_EUSART_DefaultErrorHandler
		_EUSART_DefaultFramingErrorHandler
		_EUSART_DefaultOverrunErrorHandler
		_EUSART_RxDataHandler
 This function is called by:
		_EUSART_Initialize
		_INTERRUPT_InterruptManager
 This function uses a non-reentrant model


 *************** function _EUSART_DefaultOverrunErrorHandler *****************
 Defined at:
		line 258 in file "mcc_generated_files/eusart.c"
 Parameters:    Size  Location     Type
		None
 Auto vars:     Size  Location     Type
		None
 Return value:  Size  Location     Type
                  1    wreg      void 
 Registers used:
		None
 Tracked objects:
		On entry : 
		On exit  : 
		Unchanged: 
 Data sizes:     COMMON   BANK0   BANK1   BANK2   BANK3   BANK4   BANK5   BANK6   BANK7   BANK8   BANK9  BANK10  BANK11  BANK12  BANK13  BANK14  BANK15  BANK16  BANK17  BANK18  BANK19  BANK20  BANK21  BANK22  BANK23  BANK24  BANK25
      Params:         0       0       0       0       0       0       0       0       0       0       0       0       0       0       0       0       0       0       0       0       0       0       0       0       0       0       0
      Locals:         0       0       0       0       0       0       0       0       0       0       0       0       0       0       0       0       0       0       0       0       0       0       0       0       0       0       0
      Temps:          0       0       0       0       0       0       0       0       0       0       0       0       0       0       0       0       0       0       0       0       0       0       0       0       0       0       0
      Totals:         0       0       0       0       0       0       0       0       0       0       0       0       0       0       0       0       0       0       0       0       0       0       0       0       0       0       0
Total ram usage:        0 bytes
 Hardware stack levels used:    1
 This function calls:
		Nothing
 This function is called by:
		_EUSART_Initialize
		_EUSART_Receive_ISR
 This function uses a non-reentrant model


 *************** function _EUSART_DefaultFramingErrorHandler *****************
 Defined at:
		line 256 in file "mcc_generated_files/eusart.c"
 Parameters:    Size  Location     Type
		None
 Auto vars:     Size  Location     Type
		None
 Return value:  Size  Location     Type
                  1    wreg      void 
 Registers used:
		None
 Tracked objects:
		On entry : 
		On exit  : 
		Unchanged: 
 Data sizes:     COMMON   BANK0   BANK1   BANK2   BANK3   BANK4   BANK5   BANK6   BANK7   BANK8   BANK9  BANK10  BANK11  BANK12  BANK13  BANK14  BANK15  BANK16  BANK17  BANK18  BANK19  BANK20  BANK21  BANK22  BANK23  BANK24  BANK25
      Params:         0       0       0       0       0       0       0       0       0       0       0       0       0       0       0       0       0       0       0       0       0       0       0       0       0       0       0
      Locals:         0       0       0       0       0       0       0       0       0       0       0       0       0       0       0       0       0       0       0       0       0       0       0       0       0       0       0
      Temps:          0       0       0       0       0       0       0       0       0       0       0       0       0       0       0       0       0       0       0       0       0       0       0       0       0       0       0
      Totals:         0       0       0       0       0       0       0       0       0       0       0       0       0       0       0       0       0       0       0       0       0       0       0       0       0       0       0
Total ram usage:        0 bytes
 Hardware stack levels used:    1
 This function calls:
		Nothing
 This function is called by:
		_EUSART_Initialize
		_EUSART_Receive_ISR
 This function uses a non-reentrant model


 *************** function _EUSART_DefaultErrorHandler *****************
 Defined at:
		line 266 in file "mcc_generated_files/eusart.c"
 Parameters:    Size  Location     Type
		None
 Auto vars:     Size  Location     Type
		None
 Return value:  Size  Location     Type
                  1    wreg      void 
 Registers used:
		wreg, fsr1l, fsr1h, status,2, status,0, pclath, cstack
 Tracked objects:
		On entry : 
		On exit  : 
		Unchanged: 
 Data sizes:     COMMON   BANK0   BANK1   BANK2   BANK3   BANK4   BANK5   BANK6   BANK7   BANK8   BANK9  BANK10  BANK11  BANK12  BANK13  BANK14  BANK15  BANK16  BANK17  BANK18  BANK19  BANK20  BANK21  BANK22  BANK23  BANK24  BANK25
      Params:         0       0       0       0       0       0       0       0       0       0       0       0       0       0       0       0       0       0       0       0       0       0       0       0       0       0       0
      Locals:         0       0       0       0       0       0       0       0       0       0       0       0       0       0       0       0       0       0       0       0       0       0       0       0       0       0       0
      Temps:          0       0       0       0       0       0       0       0       0       0       0       0       0       0       0       0       0       0       0       0       0       0       0       0       0       0       0
      Totals:         0       0       0       0       0       0       0       0       0       0       0       0       0       0       0       0       0       0       0       0       0       0       0       0       0       0       0
Total ram usage:        0 bytes
 Hardware stack levels used:    1
 Hardware stack levels required when called:    1
 This function calls:
		_EUSART_RxDataHandler
 This function is called by:
		_EUSART_Initialize
		_EUSART_Receive_ISR
 This function uses a non-reentrant model


 *************** function _EUSART_RxDataHandler *****************
 Defined at:
		line 246 in file "mcc_generated_files/eusart.c"
 Parameters:    Size  Location     Type
		None
 Auto vars:     Size  Location     Type
		None
 Return value:  Size  Location     Type
                  1    wreg      void 
 Registers used:
		wreg, fsr1l, fsr1h, status,2, status,0
 Tracked objects:
		On entry : 
		On exit  : 
		Unchanged: 
 Data sizes:     COMMON   BANK0   BANK1   BANK2   BANK3   BANK4   BANK5   BANK6   BANK7   BANK8   BANK9  BANK10  BANK11  BANK12  BANK13  BANK14  BANK15  BANK16  BANK17  BANK18  BANK19  BANK20  BANK21  BANK22  BANK23  BANK24  BANK25
      Params:         0       0       0       0       0       0       0       0       0       0       0       0       0       0       0       0       0       0       0       0       0       0       0       0       0       0       0
      Locals:         0       0       0       0       0       0       0       0       0       0       0       0       0       0       0       0       0       0       0       0       0       0       0       0       0       0       0
      Temps:          1       0       0       0       0       0       0       0       0       0       0       0       0       0       0       0       0       0       0       0       0       0       0       0       0       0       0
      Totals:         1       0       0       0       0       0       0       0       0       0       0       0       0       0       0       0       0       0       0       0       0       0       0       0       0       0       0
Total ram usage:        1 bytes
 Hardware stack levels used:    1
 This function calls:
		Nothing
 This function is called by:
		_EUSART_Receive_ISR
		_EUSART_DefaultErrorHandler
 This function uses a non-reentrant model



MODULE INFORMATION

Module		Function		Class		Link	Load	Size
mcc_generated_files/mtouch/mtouch_button.c
		_Button_Deviation_Update		CODE           	0693	0000	136
		_MTOUCH_Button_isPressed		CODE           	09CB	0000	29
		_MTOUCH_Button_Initialize		CODE           	0CAA	0000	56
		_Button_Tick_helper		CODE           	0BC1	0000	41
		_MTOUCH_Button_InitializeAll		CODE           	0A20	0000	30
		_Button_Baseline_Update		CODE           	0578	0000	145
		_Button_State_Pressed		CODE           	0E6D	0000	97
		_Button_Reading_Update		CODE           	0800	0000	15
		_Button_DefaultCallback		CODE           	16D4	0000	2
		_MTOUCH_Button_Tick		CODE           	0918	0000	25
		_Button_State_NotPressed		CODE           	0440	0000	162
		_Button_Reading_Update_Helper		CODE           	0D25	0000	81
		_Button_Service		CODE           	0E18	0000	86
		_Button_State_Initializing		CODE           	0ECD	0000	99
		_MTOUCH_Button_ServiceAll		CODE           	17D0	0000	17
		_Button_Baseline_Initialize		CODE           	0C15	0000	48

mcc_generated_files/mtouch/mtouch_button.c estimated size: 1069

C:\Program Files2\Microchip\xc8\v2.05\pic\sources\c99\common\memcpy.c
		_memcpy        		CODE           	0BE9	0000	45

C:\Program Files2\Microchip\xc8\v2.05\pic\sources\c99\common\memcpy.c estimated size: 45

mcc_generated_files/tmr6.c
		_TMR6_StartTimer		CODE           	16DD	0000	4
		_TMR6_ISR      		CODE           	178B	0000	13
		_TMR6_LoadPeriodRegister		CODE           	16EE	0000	7
		_TMR6_Initialize		CODE           	0857	0000	20
		_TMR6_SetInterruptHandler		CODE           	16F4	0000	7
		_TMR6_StopTimer		CODE           	16E0	0000	4
		_TMR6_DefaultInterruptHandler		CODE           	16D3	0000	2

mcc_generated_files/tmr6.c estimated size: 57

C:\Program Files2\Microchip\xc8\v2.05\pic\sources\c99\common\abs.c
		_abs           		CODE           	0948	0000	26

C:\Program Files2\Microchip\xc8\v2.05\pic\sources\c99\common\abs.c estimated size: 26

mcc_generated_files/interrupt_manager.c
		_INTERRUPT_InterruptManager		CODE           	0004	0000	61

mcc_generated_files/interrupt_manager.c estimated size: 61

C:\Program Files2\Microchip\xc8\v2.05\pic\sources\c99\common\Umul8.c
		___bmul        		CODE           	081F	0000	19

C:\Program Files2\Microchip\xc8\v2.05\pic\sources\c99\common\Umul8.c estimated size: 19

mcc_generated_files/tmr0.c
		_TMR0_SetInterruptHandler		CODE           	16FA	0000	7
		_TMR0_DefaultInterruptHandler		CODE           	16D1	0000	2
		_TMR0_ISR      		CODE           	177F	0000	13
		_TMR0_Initialize		CODE           	087E	0000	21

mcc_generated_files/tmr0.c estimated size: 43

mcc_generated_files/mtouch/mtouch.c
		_MTOUCH_Tick   		CODE           	16E3	0000	4
		_MTOUCH_Initialize		CODE           	1797	0000	13
		_MTOUCH_Service_Mainloop		CODE           	09E7	0000	29
		_MTOUCH_needReburst		CODE           	0002	0000	3

mcc_generated_files/mtouch/mtouch.c estimated size: 49

mcc_generated_files/pin_manager.c
		_PIN_MANAGER_Initialize		CODE           	0B9C	0000	38

mcc_generated_files/pin_manager.c estimated size: 38

mcc_generated_files/mtouch/mtouch_sensor_scan.c
		_MTOUCH_CVD_ScanA_0		CODE           	0A7A	0000	32
		_MTOUCH_CVD_ScanB_0		CODE           	0AD7	0000	32
		_MTOUCH_CVD_ScanA_1		CODE           	0A99	0000	32
		_MTOUCH_CVD_ScanB_1		CODE           	0AF6	0000	32
		_MTOUCH_CVD_ScanA_2		CODE           	0A5B	0000	32
		_MTOUCH_CVD_ScanB_2		CODE           	0AB8	0000	32

mcc_generated_files/mtouch/mtouch_sensor_scan.c estimated size: 192

C:\Program Files2\Microchip\xc8\v2.05\pic\sources\c99\common\Umul32.c
		___lmul        		CODE           	0C44	0000	49

C:\Program Files2\Microchip\xc8\v2.05\pic\sources\c99\common\Umul32.c estimated size: 49

mcc_generated_files/adc.c
		_ADC_Initialize		CODE           	173F	0000	10
		_ADC_GetConversion		CODE           	0B15	0000	32

mcc_generated_files/adc.c estimated size: 42

shared
		i1_abs         		CODE           	08EA	0000	24
		Sensor_Scanfrequency_Evaluation@frequency_hop		STRCODE        	1800	0000	6
		i1_MTOUCH_Button_isPressed		CODE           	0995	0000	28
		__initialization		CODE           	0042	0000	58
		_mtouch_button_init		STRCODE        	1000	0000	49
		i1___bmul      		CODE           	080E	0000	18

shared estimated size: 183

mcc_generated_files/mcc.c
		_WDT_Initialize		CODE           	16EA	0000	5
		_PMD_Initialize		CODE           	07F8	0000	9
		_OSCILLATOR_Initialize		CODE           	1775	0000	11
		_SYSTEM_Initialize		CODE           	0A3D	0000	31

mcc_generated_files/mcc.c estimated size: 56

mcc_generated_files/tmr1.c
		_TMR1_Initialize		CODE           	0930	0000	25
		_TMR1_SetInterruptHandler		CODE           	1700	0000	7
		_TMR1_DefaultInterruptHandler		CODE           	16D2	0000	2
		_TMR1_WriteTimer		CODE           	17A3	0000	16
		_TMR1_ISR      		CODE           	086A	0000	21

mcc_generated_files/tmr1.c estimated size: 71

mcc_generated_files/memory.c
		_DATAEE_WriteByte		CODE           	0B56	0000	35
		_DATAEE_ReadByte		CODE           	17C1	0000	16

mcc_generated_files/memory.c estimated size: 51

mcc_generated_files/eusart.c
		_EUSART_SetRxInterruptHandler		CODE           	1763	0000	10
		_EUSART_SetTxInterruptHandler		CODE           	176C	0000	10
		_EUSART_DefaultOverrunErrorHandler		CODE           	16E6	0000	5
		_EUSART_DefaultErrorHandler		CODE           	16DA	0000	4
		_EUSART_Transmit_ISR		CODE           	0A03	0000	30
		_EUSART_Initialize		CODE           	0CE1	0000	69
		_EUSART_SetFramingErrorHandler		CODE           	1751	0000	10
		_EUSART_SetErrorHandler		CODE           	1748	0000	10
		_EUSART_SetOverrunErrorHandler		CODE           	175A	0000	10
		_EUSART_Receive_ISR		CODE           	0C74	0000	55
		_EUSART_RxDataHandler		CODE           	08D3	0000	24
		_EUSART_DefaultFramingErrorHandler		CODE           	16D0	0000	2

mcc_generated_files/eusart.c estimated size: 239

main.c
		_main          		CODE           	007F	0000	707
		_u16_get_adc_value		CODE           	0B34	0000	35
		_v_load_system_setting		CODE           	04E1	0000	152
		_v_save_system_setting		CODE           	0F2F	0000	99
		_v_get_slope_intercept		CODE           	0341	0000	256
		_v_1ms_service_routine		CODE           	0B78	0000	37
		_v_1s_service_routine		CODE           	071A	0000	121

main.c estimated size: 1407

mcc_generated_files/mtouch/mtouch_sensor.c
		_Sensor_Acq_ExecutePacket		CODE           	0F91	0000	112
		_Sensor_Acquisition		CODE           	0D75	0000	82
		_MTOUCH_Sensor_Initialize		CODE           	0844	0000	20
		_Sensor_Sampled_Reset		CODE           	1736	0000	10
		_MTOUCH_Sensor_InitializeAll		CODE           	17E0	0000	17
		_Sensor_DefaultCallback		CODE           	16D6	0000	2
		_Sensor_isEnabled		CODE           	17B2	0000	16
		_MTOUCH_Sensor_isCalibrated		CODE           	16D8	0000	3
		_MTOUCH_Sensor_Calibrate		CODE           	16D5	0000	2
		_MTOUCH_Sensor_Sampled_ResetAll		CODE           	0892	0000	22
		_Sensor_setActive		CODE           	171B	0000	10
		_Sensor_Scanfrequency_Evaluation		CODE           	0792	0000	103
		_MTOUCH_Sensor_Enable		CODE           	0831	0000	20
		_Sensor_Acq_ExecuteScan		CODE           	0608	0000	140
		_Sensor_setSampled		CODE           	172D	0000	10
		_MTOUCH_Sensor_RawSample_Get		CODE           	0961	0000	27
		_MTOUCH_Sensor_SampleAll		CODE           	08BD	0000	23
		_MTOUCH_Sensor_wasSampled		CODE           	08A7	0000	23
		_Sensor_Service		CODE           	0DC6	0000	83
		_Sensor_setScanFunction		CODE           	0901	0000	24
		_MTOUCH_Sensor_Scan_Initialize		CODE           	1712	0000	10
		_Sensor_RawSample_Update		CODE           	097B	0000	27
		_Sensor_setInactive		CODE           	1724	0000	10

mcc_generated_files/mtouch/mtouch_sensor.c estimated size: 796

