Microchip MPLAB XC8 Compiler V2.05 ()

Linker command line:

-W-3 --edf=C:\Program Files2\Microchip\xc8\v2.05\pic\dat\en_msgs.txt -cs \
  -h+dist/default/production\W-F-DD-S1XX.X.production.sym \
  --cmf=dist/default/production\W-F-DD-S1XX.X.production.cmf -z -Q16F15344 \
  -oC:\Users\raiha\AppData\Local\Temp\s6jc.2 --defsym=__MPLAB_BUILD=1 \
  -Mdist/default/production/W-F-DD-S1XX.X.production.map -E1 -ver=XC8 \
  --acfsm=1493 -ASTACK=02079h-021EFh -pstack=STACK -ACODE=00h-07FFhx2 \
  -ASTRCODE=00h-0FFFh -ASTRING=00h-0FFhx16 -ACONST=00h-0FFhx16 \
  -AENTRY=00h-0FFhx16 -ACOMMON=070h-07Fh -ABANK0=020h-06Fh \
  -ABANK1=0A0h-0EFh -ABANK2=0120h-016Fh -ABANK3=01A0h-01EFh \
  -ABANK4=0220h-026Fh -ABANK5=02A0h-02EFh -ABANK6=0320h-032Fh \
  -ABIGRAM=02000h-021EFh \
  -ARAM=020h-06Fh,0A0h-0EFh,0120h-016Fh,01A0h-01EFh,0220h-026Fh,02A0h-02EFh,0320h-032Fh \
  -AABS1=020h-07Fh,0A0h-0EFh,0120h-016Fh,01A0h-01EFh,0220h-026Fh,02A0h-02EFh,0320h-032Fh \
  -ASFR0=00h-01Fh -ASFR1=080h-09Fh -ASFR2=0100h-011Fh -ASFR3=0180h-019Fh \
  -ASFR4=0200h-021Fh -ASFR5=0280h-029Fh -ASFR6=0300h-031Fh \
  -ASFR7=0380h-03EFh -ASFR8=0400h-046Fh -ASFR9=0480h-04EFh \
  -ASFR10=0500h-056Fh -ASFR11=0580h-05EFh -ASFR12=0600h-066Fh \
  -ASFR13=0680h-06EFh -ASFR14=0700h-076Fh -ASFR15=0780h-07EFh \
  -ASFR16=0800h-086Fh -ASFR17=0880h-08EFh -ASFR18=0900h-096Fh \
  -ASFR19=0980h-09EFh -ASFR20=0A00h-0A6Fh -ASFR21=0A80h-0AEFh \
  -ASFR22=0B00h-0B6Fh -ASFR23=0B80h-0BEFh -ASFR24=0C00h-0C6Fh \
  -ASFR25=0C80h-0CEFh -ASFR26=0D00h-0D6Fh -ASFR27=0D80h-0DEFh \
  -ASFR28=0E00h-0E6Fh -ASFR29=0E80h-0EEFh -ASFR30=0F00h-0F6Fh \
  -ASFR31=0F80h-0FEFh -ASFR32=01000h-0106Fh -ASFR33=01080h-010EFh \
  -ASFR34=01100h-0116Fh -ASFR35=01180h-011EFh -ASFR36=01200h-0126Fh \
  -ASFR37=01280h-012EFh -ASFR38=01300h-0136Fh -ASFR39=01380h-013EFh \
  -ASFR40=01400h-0146Fh -ASFR41=01480h-014EFh -ASFR42=01500h-0156Fh \
  -ASFR43=01580h-015EFh -ASFR44=01600h-0166Fh -ASFR45=01680h-016EFh \
  -ASFR46=01700h-0176Fh -ASFR47=01780h-017EFh -ASFR48=01800h-0186Fh \
  -ASFR49=01880h-018EFh -ASFR50=01900h-0196Fh -ASFR51=01980h-019EFh \
  -ASFR52=01A00h-01A6Fh -ASFR53=01A80h-01AEFh -ASFR54=01B00h-01B6Fh \
  -ASFR55=01B80h-01BEFh -ASFR56=01C00h-01C6Fh -ASFR57=01C80h-01CEFh \
  -ASFR58=01D00h-01D6Fh -ASFR59=01D80h-01DEFh -ASFR60=01E00h-01E6Fh \
  -ASFR61=01E80h-01EEFh -ASFR62=01F00h-01F6Fh -ASFR63=01F80h-01FEFh \
  -preset_vec=00h,intentry=04h,init,end_init -ppowerup=CODE -pcinit=CODE \
  -pfunctab=ENTRY -ACONFIG=08007h-0800Bh -pconfig=CONFIG -DCONFIG=2 \
  -AIDLOC=08000h-08003h -pidloc=IDLOC -DIDLOC=2 -DCODE=2 -DSTRCODE=2 \
  -DSTRING=2 -DCONST=2 -DENTRY=2 -k \
  C:\Users\raiha\AppData\Local\Temp\s6jc.o \
  dist/default/production\W-F-DD-S1XX.X.production.o 

Object code version is 3.11

Machine type is 16F15344



                Name                               Link     Load   Length Selector   Space Scale
C:\Users\raiha\AppData\Local\Temp\s6jc.o
                end_init                             1E       1E        2        8       0
                reset_vec                             0        0        2        0       0
                config                             8007     8007        5    1000E       0
dist/default/production\W-F-DD-S1XX.X.production.o
                cinit                                20       20       31        8       0
                intentry                              4        4       1A        8       0
                text83                              B70      B70       19     16E0       0
                text82                              F9D      F9D       63     1F3A       0
                text81                              91C      91C        1     1238       0
                text80                              9C4      9C4        D     1388       0
                text79                              9FA      9FA        F     13F4       0
                text78                              9A0      9A0        C     1340       0
                text77                              91D      91D        1     123A       0
                text76                              A80      A80       14     1500       0
                text75                              C70      C70       25     18E0       0
                text74                              C95      C95       25     192A       0
                text73                              A27      A27       11     144E       0
                text72                              B11      B11       17     1622       0
                text71                              91E      91E        1     123C       0
                text70                              5DB      5DB       85        8       0
                text69                              9D1      9D1        D     13A2       0
                text67                              C2D      C2D       1F     185A       0
                text66                              BA2      BA2       1A     1744       0
                text65                              660      660       83        8       0
                text64                              A49      A49       12     1492       0
                text63                              B28      B28       18     1650       0
                text62                              DFC      DFC       49     1BF8       0
                text61                              9DE      9DE        E     13BC       0
                text60                              CE5      CE5       2C     19CA       0
                text59                              553      553       88        8       0
                text58                              91F      91F        1     123E       0
                text57                              920      920        1     1240       0
                text56                              D41      D41       32     1A82       0
                text55                              EEC      EEC       56     1DD8       0
                text54                              F42      F42       5B     1E84       0
                text53                              4C1      4C1       92        8       0
                text52                              922      922        2     1244       0
                text51                              A94      A94       14     1528       0
                text50                              7AF      7AF       50        8       0
                text49                              A09      A09        F     1412       0
                text48                              996      996        A     132C       0
                text47                              A5B      A5B       12     14B6       0
                text46                              93C      93C        6     1278       0
                text45                              942      942        6     1284       0
                text44                              948      948        6     1290       0
                text43                              924      924        3     1248       0
                text42                              927      927        3     124E       0
                text41                              92A      92A        3     1254       0
                text40                              92D      92D        3     125A       0
                text39                              749      749       66        8       0
                text38                              6E3      6E3       66        8       0
                text37                              9EC      9EC        E     13D8       0
                text36                              966      966        8     12CC       0
                text35                              96E      96E        8     12DC       0
                text34                              B89      B89       19     1712       0
                text33                              D73      D73       43     1AE6       0
                text32                              921      921        1     1242       0
                text31                              B40      B40       18     1680       0
                text30                              976      976        8     12EC       0
                text29                              E97      E97       55     1D2E       0
                text28                              ABC      ABC       15     1578       0
                text27                              97E      97E        8     12FC       0
                text26                              AD1      AD1       15     15A2       0
                text25                              C4C      C4C       24     1898       0
                text24                              933      933        4     1266       0
                text23                              930      930        3     1260       0
                text22                                2        2        2        0       0
                text21                              BD7      BD7       1C     17AE       0
                text20                              986      986        8     130C       0
                text19                              CBA      CBA       2B     1974       0
                text18                              BF3      BF3       1C     17E6       0
                text17                              A38      A38       11     1470       0
                text16                              A6D      A6D       13     14DA       0
                text15                              A18      A18        F     1430       0
                text14                              9AC      9AC        C     1358       0
                text13                              9B8      9B8        C     1370       0
                text12                              C0F      C0F       1E     181E       0
                text11                              98E      98E        8     131C       0
                text10                              94E      94E        6     129C       0
                text9                               AA8      AA8       14     1550       0
                text8                               954      954        6     12A8       0
                text7                               BBC      BBC       1B     1778       0
                text6                               AFB      AFB       16     15F6       0
                text5                               B58      B58       18     16B0       0
                text4                               E45      E45       52     1C8A       0
                text3                               DB6      DB6       46     1B6C       0
                text2                               D11      D11       30     1A22       0
                text1                               3C2      3C2       FF        8       0
                maintext                             51       51      371        8       0
                cstackBANK0                          4A       4A       21       20       1
                cstackCOMMON                         70       70        8       70       1
                clrtext                             95A      95A        6     12B4       0
                inittext                            960      960        6     12C0       0
                dataBANK1                            A0       A0       15       A0       1
                bssBANK1                             B5       B5       14       A0       1
                dataBANK0                            6B       6B        5       20       1
                bssBANK0                             20       20       2A       20       1
                bssCOMMON                            78       78        6       70       1
                stringtext3                         80F      80F       10      FFE       0
                stringtext2                         81F      81F        5      FFE       0
                stringtext1                         7FF      7FF       10      FFE       0
                idataBANK1                          AE6      AE6       15     15CC       0
                idataBANK0                          937      937        5     126E       0

TOTAL           Name                               Link     Load   Length     Space
        CLASS   STACK          

        CLASS   CODE           
                end_init                             1E       1E        2         0
                cinit                                20       20       31         0
                intentry                              4        4       1A         0
                reset_vec                             0        0        2         0
                text83                              B70      B70       19         0
                text82                              F9D      F9D       63         0
                text81                              91C      91C        1         0
                text80                              9C4      9C4        D         0
                text79                              9FA      9FA        F         0
                text78                              9A0      9A0        C         0
                text77                              91D      91D        1         0
                text76                              A80      A80       14         0
                text75                              C70      C70       25         0
                text74                              C95      C95       25         0
                text73                              A27      A27       11         0
                text72                              B11      B11       17         0
                text71                              91E      91E        1         0
                text70                              5DB      5DB       85         0
                text69                              9D1      9D1        D         0
                text67                              C2D      C2D       1F         0
                text66                              BA2      BA2       1A         0
                text65                              660      660       83         0
                text64                              A49      A49       12         0
                text63                              B28      B28       18         0
                text62                              DFC      DFC       49         0
                text61                              9DE      9DE        E         0
                text60                              CE5      CE5       2C         0
                text59                              553      553       88         0
                text58                              91F      91F        1         0
                text57                              920      920        1         0
                text56                              D41      D41       32         0
                text55                              EEC      EEC       56         0
                text54                              F42      F42       5B         0
                text53                              4C1      4C1       92         0
                text52                              922      922        2         0
                text51                              A94      A94       14         0
                text50                              7AF      7AF       50         0
                text49                              A09      A09        F         0
                text48                              996      996        A         0
                text47                              A5B      A5B       12         0
                text46                              93C      93C        6         0
                text45                              942      942        6         0
                text44                              948      948        6         0
                text43                              924      924        3         0
                text42                              927      927        3         0
                text41                              92A      92A        3         0
                text40                              92D      92D        3         0
                text39                              749      749       66         0
                text38                              6E3      6E3       66         0
                text37                              9EC      9EC        E         0
                text36                              966      966        8         0
                text35                              96E      96E        8         0
                text34                              B89      B89       19         0
                text33                              D73      D73       43         0
                text32                              921      921        1         0
                text31                              B40      B40       18         0
                text30                              976      976        8         0
                text29                              E97      E97       55         0
                text28                              ABC      ABC       15         0
                text27                              97E      97E        8         0
                text26                              AD1      AD1       15         0
                text25                              C4C      C4C       24         0
                text24                              933      933        4         0
                text23                              930      930        3         0
                text22                                2        2        2         0
                text21                              BD7      BD7       1C         0
                text20                              986      986        8         0
                text19                              CBA      CBA       2B         0
                text18                              BF3      BF3       1C         0
                text17                              A38      A38       11         0
                text16                              A6D      A6D       13         0
                text15                              A18      A18        F         0
                text14                              9AC      9AC        C         0
                text13                              9B8      9B8        C         0
                text12                              C0F      C0F       1E         0
                text11                              98E      98E        8         0
                text10                              94E      94E        6         0
                text9                               AA8      AA8       14         0
                text8                               954      954        6         0
                text7                               BBC      BBC       1B         0
                text6                               AFB      AFB       16         0
                text5                               B58      B58       18         0
                text4                               E45      E45       52         0
                text3                               DB6      DB6       46         0
                text2                               D11      D11       30         0
                text1                               3C2      3C2       FF         0
                maintext                             51       51      371         0
                clrtext                             95A      95A        6         0
                inittext                            960      960        6         0
                idataBANK1                          AE6      AE6       15         0
                idataBANK0                          937      937        5         0

        CLASS   STRCODE        
                stringtext3                         80F      80F       10         0
                stringtext2                         81F      81F        5         0
                stringtext1                         7FF      7FF       10         0

        CLASS   STRING         

        CLASS   CONST          

        CLASS   ENTRY          

        CLASS   COMMON         
                cstackCOMMON                         70       70        8         1
                bssCOMMON                            78       78        6         1

        CLASS   BANK0          
                cstackBANK0                          4A       4A       21         1
                dataBANK0                            6B       6B        5         1
                bssBANK0                             20       20       2A         1

        CLASS   BANK1          
                dataBANK1                            A0       A0       15         1
                bssBANK1                             B5       B5       14         1

        CLASS   BANK2          

        CLASS   BANK3          

        CLASS   BANK4          

        CLASS   BANK5          

        CLASS   BANK6          

        CLASS   BIGRAM         

        CLASS   RAM            

        CLASS   ABS1           
                abs_s1                               7E       7E        2         1

        CLASS   SFR0           

        CLASS   SFR1           

        CLASS   SFR2           

        CLASS   SFR3           

        CLASS   SFR4           

        CLASS   SFR5           

        CLASS   SFR6           

        CLASS   SFR7           

        CLASS   SFR8           

        CLASS   SFR9           

        CLASS   SFR10          

        CLASS   SFR11          

        CLASS   SFR12          

        CLASS   SFR13          

        CLASS   SFR14          

        CLASS   SFR15          

        CLASS   SFR16          

        CLASS   SFR17          

        CLASS   SFR18          

        CLASS   SFR19          

        CLASS   SFR20          

        CLASS   SFR21          

        CLASS   SFR22          

        CLASS   SFR23          

        CLASS   SFR24          

        CLASS   SFR25          

        CLASS   SFR26          

        CLASS   SFR27          

        CLASS   SFR28          

        CLASS   SFR29          

        CLASS   SFR30          

        CLASS   SFR31          

        CLASS   SFR32          

        CLASS   SFR33          

        CLASS   SFR34          

        CLASS   SFR35          

        CLASS   SFR36          

        CLASS   SFR37          

        CLASS   SFR38          

        CLASS   SFR39          

        CLASS   SFR40          

        CLASS   SFR41          

        CLASS   SFR42          

        CLASS   SFR43          

        CLASS   SFR44          

        CLASS   SFR45          

        CLASS   SFR46          

        CLASS   SFR47          

        CLASS   SFR48          

        CLASS   SFR49          

        CLASS   SFR50          

        CLASS   SFR51          

        CLASS   SFR52          

        CLASS   SFR53          

        CLASS   SFR54          

        CLASS   SFR55          

        CLASS   SFR56          

        CLASS   SFR57          

        CLASS   SFR58          

        CLASS   SFR59          

        CLASS   SFR60          

        CLASS   SFR61          

        CLASS   SFR62          

        CLASS   SFR63          

        CLASS   CONFIG         
                config                             8007     8007        5         0

        CLASS   IDLOC          

        CLASS   BANK63         

        CLASS   BANK62         

        CLASS   BANK61         

        CLASS   BANK60         

        CLASS   BANK59         

        CLASS   BANK58         

        CLASS   BANK57         

        CLASS   BANK56         

        CLASS   BANK55         

        CLASS   BANK54         

        CLASS   BANK53         

        CLASS   BANK52         

        CLASS   BANK51         

        CLASS   BANK50         

        CLASS   BANK49         

        CLASS   BANK48         

        CLASS   BANK47         

        CLASS   BANK46         

        CLASS   BANK45         

        CLASS   BANK44         

        CLASS   BANK43         

        CLASS   BANK42         

        CLASS   BANK41         

        CLASS   BANK40         

        CLASS   BANK39         

        CLASS   BANK38         

        CLASS   BANK37         

        CLASS   BANK36         

        CLASS   BANK35         

        CLASS   BANK34         

        CLASS   BANK33         

        CLASS   BANK32         

        CLASS   BANK31         

        CLASS   BANK30         

        CLASS   BANK29         

        CLASS   BANK28         

        CLASS   BANK27         

        CLASS   BANK26         

        CLASS   BANK25         

        CLASS   BANK24         

        CLASS   BANK23         

        CLASS   BANK22         

        CLASS   BANK21         

        CLASS   BANK20         

        CLASS   BANK19         

        CLASS   BANK18         

        CLASS   BANK17         

        CLASS   BANK16         

        CLASS   BANK15         

        CLASS   BANK14         

        CLASS   BANK13         

        CLASS   BANK12         

        CLASS   BANK11         

        CLASS   BANK10         

        CLASS   BANK9          

        CLASS   BANK8          

        CLASS   BANK7          

        CLASS   EEDATA         



SEGMENTS        Name                           Load    Length   Top    Selector   Space  Class     Delta

                reset_vec                      000000  000004  000004         0       0  CODE        2
                intentry                       000004  0007FB  0007FF         8       0  CODE        2
                bssBANK0                       000020  000050  000070        20       1  BANK0       1
                cstackCOMMON                   000070  00000E  00007E        70       1  COMMON      1
                dataBANK1                      0000A0  000029  0000C9        A0       1  BANK1       1
                stringtext1                    0007FF  000025  000824       FFE       0  STRCODE     2
                text81                         00091C  000001  00091D      1238       0  CODE        2
                text77                         00091D  000001  00091E      123A       0  CODE        2
                text71                         00091E  000001  00091F      123C       0  CODE        2
                text58                         00091F  000001  000920      123E       0  CODE        2
                text57                         000920  000001  000921      1240       0  CODE        2
                text32                         000921  000001  000922      1242       0  CODE        2
                text52                         000922  000002  000924      1244       0  CODE        2
                text43                         000924  000003  000927      1248       0  CODE        2
                text42                         000927  000003  00092A      124E       0  CODE        2
                text41                         00092A  000003  00092D      1254       0  CODE        2
                text40                         00092D  000003  000930      125A       0  CODE        2
                text23                         000930  000003  000933      1260       0  CODE        2
                text24                         000933  000004  000937      1266       0  CODE        2
                idataBANK0                     000937  000005  00093C      126E       0  CODE        2
                text46                         00093C  000006  000942      1278       0  CODE        2
                text45                         000942  000006  000948      1284       0  CODE        2
                text44                         000948  000006  00094E      1290       0  CODE        2
                text10                         00094E  000006  000954      129C       0  CODE        2
                text8                          000954  000006  00095A      12A8       0  CODE        2
                clrtext                        00095A  000006  000960      12B4       0  CODE        2
                inittext                       000960  000006  000966      12C0       0  CODE        2
                text36                         000966  000008  00096E      12CC       0  CODE        2
                text35                         00096E  000008  000976      12DC       0  CODE        2
                text30                         000976  000008  00097E      12EC       0  CODE        2
                text27                         00097E  000008  000986      12FC       0  CODE        2
                text20                         000986  000008  00098E      130C       0  CODE        2
                text11                         00098E  000008  000996      131C       0  CODE        2
                text48                         000996  00000A  0009A0      132C       0  CODE        2
                text78                         0009A0  00000C  0009AC      1340       0  CODE        2
                text14                         0009AC  00000C  0009B8      1358       0  CODE        2
                text13                         0009B8  00000C  0009C4      1370       0  CODE        2
                text80                         0009C4  00000D  0009D1      1388       0  CODE        2
                text69                         0009D1  00000D  0009DE      13A2       0  CODE        2
                text61                         0009DE  00000E  0009EC      13BC       0  CODE        2
                text37                         0009EC  00000E  0009FA      13D8       0  CODE        2
                text79                         0009FA  00000F  000A09      13F4       0  CODE        2
                text49                         000A09  00000F  000A18      1412       0  CODE        2
                text15                         000A18  00000F  000A27      1430       0  CODE        2
                text73                         000A27  000011  000A38      144E       0  CODE        2
                text17                         000A38  000011  000A49      1470       0  CODE        2
                text64                         000A49  000012  000A5B      1492       0  CODE        2
                text47                         000A5B  000012  000A6D      14B6       0  CODE        2
                text16                         000A6D  000013  000A80      14DA       0  CODE        2
                text76                         000A80  000014  000A94      1500       0  CODE        2
                text51                         000A94  000014  000AA8      1528       0  CODE        2
                text9                          000AA8  000014  000ABC      1550       0  CODE        2
                text28                         000ABC  000015  000AD1      1578       0  CODE        2
                text26                         000AD1  000015  000AE6      15A2       0  CODE        2
                idataBANK1                     000AE6  000015  000AFB      15CC       0  CODE        2
                text6                          000AFB  000016  000B11      15F6       0  CODE        2
                text72                         000B11  000017  000B28      1622       0  CODE        2
                text63                         000B28  000018  000B40      1650       0  CODE        2
                text31                         000B40  000018  000B58      1680       0  CODE        2
                text5                          000B58  000018  000B70      16B0       0  CODE        2
                text83                         000B70  000019  000B89      16E0       0  CODE        2
                text34                         000B89  000019  000BA2      1712       0  CODE        2
                text66                         000BA2  00001A  000BBC      1744       0  CODE        2
                text7                          000BBC  00001B  000BD7      1778       0  CODE        2
                text21                         000BD7  00001C  000BF3      17AE       0  CODE        2
                text18                         000BF3  00001C  000C0F      17E6       0  CODE        2
                text12                         000C0F  00001E  000C2D      181E       0  CODE        2
                text67                         000C2D  00001F  000C4C      185A       0  CODE        2
                text25                         000C4C  000024  000C70      1898       0  CODE        2
                text75                         000C70  000025  000C95      18E0       0  CODE        2
                text74                         000C95  000025  000CBA      192A       0  CODE        2
                text19                         000CBA  00002B  000CE5      1974       0  CODE        2
                text60                         000CE5  00002C  000D11      19CA       0  CODE        2
                text2                          000D11  000030  000D41      1A22       0  CODE        2
                text56                         000D41  000032  000D73      1A82       0  CODE        2
                text33                         000D73  000043  000DB6      1AE6       0  CODE        2
                text3                          000DB6  000046  000DFC      1B6C       0  CODE        2
                text62                         000DFC  000049  000E45      1BF8       0  CODE        2
                text4                          000E45  000052  000E97      1C8A       0  CODE        2
                text29                         000E97  000055  000EEC      1D2E       0  CODE        2
                text55                         000EEC  000056  000F42      1DD8       0  CODE        2
                text54                         000F42  00005B  000F9D      1E84       0  CODE        2
                text82                         000F9D  000063  001000      1F3A       0  CODE        2
                config                         008007  000005  00800C     1000E       0  CONFIG      2


UNUSED ADDRESS RANGES

        Name                Unused          Largest block    Delta
        BANK1            000C9-000EF              27           1
        BANK2            00120-0016F              50           1
        BANK3            001A0-001EF              50           1
        BANK4            00220-0026F              50           1
        BANK5            002A0-002EF              50           1
        BANK6            00320-0032F              10           1
        BIGRAM           02000-021EF             1F0           1
        CODE             00824-0091B              F8           2
        CONST            00824-0091B              DC           2
        ENTRY            00824-0091B              DC           2
        IDLOC            08000-08003               4           2
        RAM              000C9-000EF              27           1
                         00120-0016F              50
                         001A0-001EF              50
                         00220-0026F              50
                         002A0-002EF              50
                         00320-0032F              10
        SFR0             00000-0001F              20           1
        SFR1             00080-0009F              20           1
        SFR10            00500-0056F              70           1
        SFR11            00580-005EF              70           1
        SFR12            00600-0066F              70           1
        SFR13            00680-006EF              70           1
        SFR14            00700-0076F              70           1
        SFR15            00780-007EF              70           1
        SFR16            00800-0086F              70           1
        SFR17            00880-008EF              70           1
        SFR18            00900-0096F              70           1
        SFR19            00980-009EF              70           1
        SFR2             00100-0011F              20           1
        SFR20            00A00-00A6F              70           1
        SFR21            00A80-00AEF              70           1
        SFR22            00B00-00B6F              70           1
        SFR23            00B80-00BEF              70           1
        SFR24            00C00-00C6F              70           1
        SFR25            00C80-00CEF              70           1
        SFR26            00D00-00D6F              70           1
        SFR27            00D80-00DEF              70           1
        SFR28            00E00-00E6F              70           1
        SFR29            00E80-00EEF              70           1
        SFR3             00180-0019F              20           1
        SFR30            00F00-00F6F              70           1
        SFR31            00F80-00FEF              70           1
        SFR32            01000-0106F              70           1
        SFR33            01080-010EF              70           1
        SFR34            01100-0116F              70           1
        SFR35            01180-011EF              70           1
        SFR36            01200-0126F              70           1
        SFR37            01280-012EF              70           1
        SFR38            01300-0136F              70           1
        SFR39            01380-013EF              70           1
        SFR4             00200-0021F              20           1
        SFR40            01400-0146F              70           1
        SFR41            01480-014EF              70           1
        SFR42            01500-0156F              70           1
        SFR43            01580-015EF              70           1
        SFR44            01600-0166F              70           1
        SFR45            01680-016EF              70           1
        SFR46            01700-0176F              70           1
        SFR47            01780-017EF              70           1
        SFR48            01800-0186F              70           1
        SFR49            01880-018EF              70           1
        SFR5             00280-0029F              20           1
        SFR50            01900-0196F              70           1
        SFR51            01980-019EF              70           1
        SFR52            01A00-01A6F              70           1
        SFR53            01A80-01AEF              70           1
        SFR54            01B00-01B6F              70           1
        SFR55            01B80-01BEF              70           1
        SFR56            01C00-01C6F              70           1
        SFR57            01C80-01CEF              70           1
        SFR58            01D00-01D6F              70           1
        SFR59            01D80-01DEF              70           1
        SFR6             00300-0031F              20           1
        SFR60            01E00-01E6F              70           1
        SFR61            01E80-01EEF              70           1
        SFR62            01F00-01F6F              70           1
        SFR63            01F80-01FEF              70           1
        SFR7             00380-003EF              70           1
        SFR8             00400-0046F              70           1
        SFR9             00480-004EF              70           1
        STACK            02079-021EF             177           1
        STRCODE          00824-0091B              F8           2
        STRING           00824-0091B              DC           2

                                  Symbol Table

?_ADC_GetConversion                                   cstackBANK0  0004A
?_MTOUCH_Sensor_RawSample_Get                         cstackBANK0  0004E
?___awdiv                                             cstackBANK0  0004A
?___awmod                                             cstackBANK0  00053
?___lmul                                              cstackBANK0  0004A
?_abs                                                 cstackBANK0  0004A
?i1_abs                                               cstackCOMMON 00070
ADC_GetConversion@channel                             cstackBANK0  0004D
Button_Baseline_Initialize@button                     cstackBANK0  00056
Button_Baseline_Update@button                         cstackBANK0  00050
Button_DefaultCallback@button                         cstackBANK0  0004A
Button_Deviation_Update@button                        cstackBANK0  00054
Button_Deviation_Update@deviation                     cstackBANK0  00055
Button_Reading_Update@button                          cstackBANK0  00055
Button_Reading_Update_Helper@button                   cstackBANK0  00054
Button_Service@button                                 cstackBANK0  0005F
Button_Service@name                                   cstackBANK0  0005E
Button_State_Initializing@button                      cstackBANK0  00057
Button_State_NotPressed@button                        cstackBANK0  00057
Button_State_Pressed@button                           cstackBANK0  00057
Button_Tick_helper@button                             cstackBANK0  0004C
MTOUCH_Button_Initialize@button                       cstackBANK0  0004D
MTOUCH_Button_Initialize@name                         cstackBANK0  0004C
MTOUCH_Button_InitializeAll@button                    cstackBANK0  00055
MTOUCH_Button_ServiceAll@button                       cstackBANK0  00061
MTOUCH_Button_isPressed@name                          cstackBANK0  0004B
MTOUCH_Sensor_Enable@sensor                           cstackBANK0  0004F
MTOUCH_Sensor_Initialize@sensor                       cstackBANK0  00051
MTOUCH_Sensor_InitializeAll@sensor                    cstackBANK0  00053
MTOUCH_Sensor_RawSample_Get@name                      cstackBANK0  00051
MTOUCH_Sensor_SampleAll@sensor                        cstackBANK0  00064
MTOUCH_Sensor_Sampled_ResetAll@sensor                 cstackBANK0  0004C
MTOUCH_Sensor_wasSampled@sensor                       cstackBANK0  0004F
Sensor_Acq_ExecutePacket@ADCON0_temp                  cstackBANK0  0004D
Sensor_Acq_ExecutePacket@ADCON1_temp                  cstackBANK0  0004E
Sensor_Acq_ExecutePacket@error                        cstackBANK0  0004F
Sensor_Acq_ExecutePacket@sensor                       cstackBANK0  00050
Sensor_Acq_ExecuteScan@last_a                         bssBANK0     00036
Sensor_Acq_ExecuteScan@last_b                         bssCOMMON    0007A
Sensor_Acq_ExecuteScan@result                         cstackCOMMON 00076
Sensor_Acquisition@retry                              cstackBANK0  0005C
Sensor_Acquisition@sensor                             cstackBANK0  0005D
Sensor_DefaultCallback@sensor                         cstackBANK0  0004A
Sensor_RawSample_Update@sensor                        cstackBANK0  0004A
Sensor_Sampled_Reset@sensor                           cstackBANK0  0004A
Sensor_Scanfrequency_Evaluation@best_packet_sample    cstackBANK0  00055
Sensor_Scanfrequency_Evaluation@best_sample_period    cstackBANK0  00058
Sensor_Scanfrequency_Evaluation@frequency_hop         stringtext2  0081F
Sensor_Scanfrequency_Evaluation@i                     cstackBANK0  0005A
Sensor_Scanfrequency_Evaluation@packet_noise_Max      cstackBANK0  00053
Sensor_Scanfrequency_Evaluation@retry                 cstackBANK0  00059
Sensor_Scanfrequency_Evaluation@sensor                cstackBANK0  00057
Sensor_Service@error                                  cstackBANK0  00061
Sensor_Service@name                                   cstackBANK0  00060
Sensor_Service@sensor                                 cstackBANK0  00062
Sensor_isEnabled@sensor                               cstackBANK0  0004A
Sensor_setActive@sensor                               cstackBANK0  0004A
Sensor_setInactive@sensor                             cstackBANK0  0004A
Sensor_setSampled@sensor                              cstackBANK0  0004A
Sensor_setScanFunction@sensor                         cstackBANK0  0004A
TMR0_SetInterruptHandler@InterruptHandler             cstackBANK0  0004A
TMR1_SetInterruptHandler@InterruptHandler             cstackBANK0  0004A
TMR1_WriteTimer@timerVal                              cstackCOMMON 00070
TMR2_LoadPeriodRegister@periodVal                     cstackBANK0  0004B
TMR2_Period8BitSet@periodVal                          cstackBANK0  0004A
TMR2_SetInterruptHandler@InterruptHandler             cstackBANK0  0004A
_ADCON0                                               (abs)        0009D
_ADCON0bits                                           (abs)        0009D
_ADCON1                                               (abs)        0009E
_ADC_GetConversion                                    text67       00C2D
_ADC_Initialize                                       text20       00986
_ADRES                                                (abs)        0009B
_ADRESH                                               (abs)        0009C
_ADRESL                                               (abs)        0009B
_ANSELA                                               (abs)        01F38
_ANSELB                                               (abs)        01F43
_ANSELC                                               (abs)        01F4E
_Button_Baseline_Initialize                           text60       00CE5
_Button_Baseline_Update                               text59       00553
_Button_DefaultCallback                               text58       0091F
_Button_Deviation_Update                              text65       00660
_Button_Reading_Update                                text61       009DE
_Button_Reading_Update_Helper                         text62       00DFC
_Button_Service                                       text50       007AF
_Button_StateMachine                                  dataBANK1    000A0
_Button_State_Initializing                            text54       00F42
_Button_State_NotPressed                              text53       004C1
_Button_State_Pressed                                 text55       00EEC
_Button_Tick_helper                                   text25       00C4C
_GIE                                                  (abs)        0005F
_INLVLA                                               (abs)        01F3C
_INLVLB                                               (abs)        01F47
_INLVLC                                               (abs)        01F52
_INTCONbits                                           (abs)        0000B
_INTERRUPT_InterruptManager                           intentry     00004
_LATA                                                 (abs)        00018
_LATAbits                                             (abs)        00018
_LATB                                                 (abs)        00019
_LATBbits                                             (abs)        00019
_LATC                                                 (abs)        0001A
_MTOUCH_Button_Initialize                             text56       00D41
_MTOUCH_Button_InitializeAll                          text18       00BF3
_MTOUCH_Button_ServiceAll                             text49       00A09
_MTOUCH_Button_Tick                                   text24       00933
_MTOUCH_Button_isPressed                              text66       00BA2
_MTOUCH_CVD_ScanA_0                                   text75       00C70
_MTOUCH_CVD_ScanB_0                                   text74       00C95
_MTOUCH_Initialize                                    text14       009AC
_MTOUCH_Sensor_Calibrate                              text57       00920
_MTOUCH_Sensor_Enable                                 text17       00A38
_MTOUCH_Sensor_Initialize                             text16       00A6D
_MTOUCH_Sensor_InitializeAll                          text15       00A18
_MTOUCH_Sensor_RawSample_Get                          text63       00B28
_MTOUCH_Sensor_SampleAll                              text28       00ABC
_MTOUCH_Sensor_Sampled_ResetAll                       text26       00AD1
_MTOUCH_Sensor_Scan_Initialize                        text48       00996
_MTOUCH_Sensor_isCalibrated                           text52       00922
_MTOUCH_Sensor_wasSampled                             text51       00A94
_MTOUCH_Service_Mainloop                              text21       00BD7
_MTOUCH_Tick                                          text23       00930
_MTOUCH_needReburst                                   text22       00002
_ODCONA                                               (abs)        01F3A
_ODCONB                                               (abs)        01F45
_ODCONC                                               (abs)        01F50
_OSCCON1                                              (abs)        0088D
_OSCCON3                                              (abs)        0088F
_OSCEN                                                (abs)        00891
_OSCFRQ                                               (abs)        00893
_OSCILLATOR_Initialize                                text13       009B8
_OSCSTAT                                              (abs)        00890
_OSCTUNE                                              (abs)        00892
_PIE0bits                                             (abs)        00716
_PIE4bits                                             (abs)        0071A
_PIN_MANAGER_Initialize                               text12       00C0F
_PIR0bits                                             (abs)        0070C
_PIR1bits                                             (abs)        0070D
_PIR4bits                                             (abs)        00710
_PLLR                                                 (abs)        04480
_PMD0                                                 (abs)        00796
_PMD1                                                 (abs)        00797
_PMD2                                                 (abs)        00798
_PMD3                                                 (abs)        00799
_PMD4                                                 (abs)        0079A
_PMD5                                                 (abs)        0079B
_PMD_Initialize                                       text11       0098E
_PR2                                                  (abs)        0028D
_SLRCONA                                              (abs)        01F3B
_SLRCONB                                              (abs)        01F46
_SLRCONC                                              (abs)        01F51
_SYSTEM_Initialize                                    text5        00B58
_Sensor_Acq_ExecutePacket                             text39       00749
_Sensor_Acq_ExecuteScan                               text70       005DB
_Sensor_Acquisition                                   text33       00D73
_Sensor_DefaultCallback                               text32       00921
_Sensor_RawSample_Update                              text31       00B40
_Sensor_Sampled_Reset                                 text27       0097E
_Sensor_Scanfrequency_Evaluation                      text38       006E3
_Sensor_Service                                       text29       00E97
_Sensor_isEnabled                                     text37       009EC
_Sensor_scanA                                         dataBANK0    0006D
_Sensor_scanB                                         dataBANK0    0006B
_Sensor_setActive                                     text36       00966
_Sensor_setInactive                                   text35       0096E
_Sensor_setSampled                                    text30       00976
_Sensor_setScanFunction                               text47       00A5B
_T0CON0                                               (abs)        0059E
_T0CON0bits                                           (abs)        0059E
_T0CON1                                               (abs)        0059F
_T1CLK                                                (abs)        00211
_T1CON                                                (abs)        0020E
_T1CONbits                                            (abs)        0020E
_T1GATE                                               (abs)        00210
_T1GCON                                               (abs)        0020F
_T1GCONbits                                           (abs)        0020F
_T2CLKCON                                             (abs)        00290
_T2CON                                                (abs)        0028E
_T2CONbits                                            (abs)        0028E
_T2HLT                                                (abs)        0028F
_T2HLTbits                                            (abs)        0028F
_T2PR                                                 (abs)        0028D
_T2RST                                                (abs)        00291
_T2RSTbits                                            (abs)        00291
_T2TMR                                                (abs)        0028C
_TMR0H                                                (abs)        0059D
_TMR0L                                                (abs)        0059C
_TMR0_DefaultInterruptHandler                         text81       0091C
_TMR0_ISR                                             text80       009C4
_TMR0_Initialize                                      text9        00AA8
_TMR0_InterruptHandler                                bssBANK0     00034
_TMR0_SetInterruptHandler                             text10       0094E
_TMR1H                                                (abs)        0020D
_TMR1L                                                (abs)        0020C
_TMR1_DefaultInterruptHandler                         text77       0091D
_TMR1_ISR                                             text76       00A80
_TMR1_Initialize                                      text7        00BBC
_TMR1_InterruptHandler                                bssBANK0     00030
_TMR1_SetInterruptHandler                             text8        00954
_TMR1_WriteTimer                                      text79       009FA
_TMR2                                                 (abs)        0028C
_TMR2_DefaultInterruptHandler                         text71       0091E
_TMR2_ISR                                             text69       009D1
_TMR2_Initialize                                      text6        00AFB
_TMR2_InterruptHandler                                bssBANK0     00032
_TMR2_LoadPeriodRegister                              text45       00942
_TMR2_Period8BitSet                                   text46       0093C
_TMR2_SetInterruptHandler                             text44       00948
_TMR2_Start                                           text43       00924
_TMR2_StartTimer                                      text42       00927
_TMR2_Stop                                            text41       0092A
_TMR2_StopTimer                                       text40       0092D
_TRISA                                                (abs)        00012
_TRISB                                                (abs)        00013
_TRISC                                                (abs)        00014
_WPUA                                                 (abs)        01F39
_WPUB                                                 (abs)        01F44
_WPUC                                                 (abs)        01F4F
__CFG_BBEN$OFF                                        (abs)        00000
__CFG_BBSIZE$BB512                                    (abs)        00000
__CFG_BOREN$NSLEEP                                    (abs)        00000
__CFG_BORV$LO                                         (abs)        00000
__CFG_CLKOUTEN$OFF                                    (abs)        00000
__CFG_CP$ON                                           (abs)        00000
__CFG_CSWEN$ON                                        (abs)        00000
__CFG_FCMEN$ON                                        (abs)        00000
__CFG_FEXTOSC$OFF                                     (abs)        00000
__CFG_LPBOREN$OFF                                     (abs)        00000
__CFG_LVP$ON                                          (abs)        00000
__CFG_MCLRE$ON                                        (abs)        00000
__CFG_PPS1WAY$ON                                      (abs)        00000
__CFG_PWRTE$OFF                                       (abs)        00000
__CFG_RSTOSC$HFINTPLL                                 (abs)        00000
__CFG_SAFEN$OFF                                       (abs)        00000
__CFG_STVREN$ON                                       (abs)        00000
__CFG_WDTCCS$SC                                       (abs)        00000
__CFG_WDTCPS$WDTCPS_31                                (abs)        00000
__CFG_WDTCWS$WDTCWS_7                                 (abs)        00000
__CFG_WDTE$OFF                                        (abs)        00000
__CFG_WRTAPP$OFF                                      (abs)        00000
__CFG_WRTB$OFF                                        (abs)        00000
__CFG_WRTC$OFF                                        (abs)        00000
__CFG_WRTSAF$OFF                                      (abs)        00000
__CFG_ZCD$OFF                                         (abs)        00000
__Habs1                                               abs1         00000
__Hbank0                                              bank0        00000
__Hbank1                                              bank1        00000
__Hbank10                                             bank10       00000
__Hbank11                                             bank11       00000
__Hbank12                                             bank12       00000
__Hbank13                                             bank13       00000
__Hbank14                                             bank14       00000
__Hbank15                                             bank15       00000
__Hbank16                                             bank16       00000
__Hbank17                                             bank17       00000
__Hbank18                                             bank18       00000
__Hbank19                                             bank19       00000
__Hbank2                                              bank2        00000
__Hbank20                                             bank20       00000
__Hbank21                                             bank21       00000
__Hbank22                                             bank22       00000
__Hbank23                                             bank23       00000
__Hbank24                                             bank24       00000
__Hbank25                                             bank25       00000
__Hbank26                                             bank26       00000
__Hbank27                                             bank27       00000
__Hbank28                                             bank28       00000
__Hbank29                                             bank29       00000
__Hbank3                                              bank3        00000
__Hbank30                                             bank30       00000
__Hbank31                                             bank31       00000
__Hbank32                                             bank32       00000
__Hbank33                                             bank33       00000
__Hbank34                                             bank34       00000
__Hbank35                                             bank35       00000
__Hbank36                                             bank36       00000
__Hbank37                                             bank37       00000
__Hbank38                                             bank38       00000
__Hbank39                                             bank39       00000
__Hbank4                                              bank4        00000
__Hbank40                                             bank40       00000
__Hbank41                                             bank41       00000
__Hbank42                                             bank42       00000
__Hbank43                                             bank43       00000
__Hbank44                                             bank44       00000
__Hbank45                                             bank45       00000
__Hbank46                                             bank46       00000
__Hbank47                                             bank47       00000
__Hbank48                                             bank48       00000
__Hbank49                                             bank49       00000
__Hbank5                                              bank5        00000
__Hbank50                                             bank50       00000
__Hbank51                                             bank51       00000
__Hbank52                                             bank52       00000
__Hbank53                                             bank53       00000
__Hbank54                                             bank54       00000
__Hbank55                                             bank55       00000
__Hbank56                                             bank56       00000
__Hbank57                                             bank57       00000
__Hbank58                                             bank58       00000
__Hbank59                                             bank59       00000
__Hbank6                                              bank6        00000
__Hbank60                                             bank60       00000
__Hbank61                                             bank61       00000
__Hbank62                                             bank62       00000
__Hbank63                                             bank63       00000
__Hbank7                                              bank7        00000
__Hbank8                                              bank8        00000
__Hbank9                                              bank9        00000
__Hbigram                                             bigram       00000
__HbssBANK0                                           bssBANK0     00000
__HbssBANK1                                           bssBANK1     00000
__HbssCOMMON                                          bssCOMMON    00000
__Hcinit                                              cinit        00051
__Hclrtext                                            clrtext      00000
__Hcode                                               code         00000
__Hcommon                                             common       00000
__Hconfig                                             config       0800C
__HcstackBANK0                                        cstackBANK0  00000
__HcstackCOMMON                                       cstackCOMMON 00000
__HdataBANK0                                          dataBANK0    00000
__HdataBANK1                                          dataBANK1    00000
__Heeprom_data                                        eeprom_data  00000
__Hend_init                                           end_init     00020
__Hfunctab                                            functab      00000
__HidataBANK0                                         idataBANK0   00000
__HidataBANK1                                         idataBANK1   00000
__Hidloc                                              idloc        00000
__Hinit                                               init         0001E
__Hinittext                                           inittext     00000
__Hintentry                                           intentry     0001E
__Hmaintext                                           maintext     00000
__Hpowerup                                            powerup      00000
__Hram                                                ram          00000
__Hreset_vec                                          reset_vec    00002
__Hsfr0                                               sfr0         00000
__Hsfr1                                               sfr1         00000
__Hsfr10                                              sfr10        00000
__Hsfr11                                              sfr11        00000
__Hsfr12                                              sfr12        00000
__Hsfr13                                              sfr13        00000
__Hsfr14                                              sfr14        00000
__Hsfr15                                              sfr15        00000
__Hsfr16                                              sfr16        00000
__Hsfr17                                              sfr17        00000
__Hsfr18                                              sfr18        00000
__Hsfr19                                              sfr19        00000
__Hsfr2                                               sfr2         00000
__Hsfr20                                              sfr20        00000
__Hsfr21                                              sfr21        00000
__Hsfr22                                              sfr22        00000
__Hsfr23                                              sfr23        00000
__Hsfr24                                              sfr24        00000
__Hsfr25                                              sfr25        00000
__Hsfr26                                              sfr26        00000
__Hsfr27                                              sfr27        00000
__Hsfr28                                              sfr28        00000
__Hsfr29                                              sfr29        00000
__Hsfr3                                               sfr3         00000
__Hsfr30                                              sfr30        00000
__Hsfr31                                              sfr31        00000
__Hsfr32                                              sfr32        00000
__Hsfr33                                              sfr33        00000
__Hsfr34                                              sfr34        00000
__Hsfr35                                              sfr35        00000
__Hsfr36                                              sfr36        00000
__Hsfr37                                              sfr37        00000
__Hsfr38                                              sfr38        00000
__Hsfr39                                              sfr39        00000
__Hsfr4                                               sfr4         00000
__Hsfr40                                              sfr40        00000
__Hsfr41                                              sfr41        00000
__Hsfr42                                              sfr42        00000
__Hsfr43                                              sfr43        00000
__Hsfr44                                              sfr44        00000
__Hsfr45                                              sfr45        00000
__Hsfr46                                              sfr46        00000
__Hsfr47                                              sfr47        00000
__Hsfr48                                              sfr48        00000
__Hsfr49                                              sfr49        00000
__Hsfr5                                               sfr5         00000
__Hsfr50                                              sfr50        00000
__Hsfr51                                              sfr51        00000
__Hsfr52                                              sfr52        00000
__Hsfr53                                              sfr53        00000
__Hsfr54                                              sfr54        00000
__Hsfr55                                              sfr55        00000
__Hsfr56                                              sfr56        00000
__Hsfr57                                              sfr57        00000
__Hsfr58                                              sfr58        00000
__Hsfr59                                              sfr59        00000
__Hsfr6                                               sfr6         00000
__Hsfr60                                              sfr60        00000
__Hsfr61                                              sfr61        00000
__Hsfr62                                              sfr62        00000
__Hsfr63                                              sfr63        00000
__Hsfr7                                               sfr7         00000
__Hsfr8                                               sfr8         00000
__Hsfr9                                               sfr9         00000
__Hspace_0                                            (abs)        0800C
__Hspace_1                                            (abs)        000C9
__Hspace_2                                            (abs)        00000
__Hspace_3                                            (abs)        00000
__Hstack                                              stack        00000
__Hstrings                                            strings      00000
__Hstringtext1                                        stringtext1  00000
__Hstringtext2                                        stringtext2  00000
__Hstringtext3                                        stringtext3  00000
__Htext                                               text         00000
__Labs1                                               abs1         00000
__Lbank0                                              bank0        00000
__Lbank1                                              bank1        00000
__Lbank10                                             bank10       00000
__Lbank11                                             bank11       00000
__Lbank12                                             bank12       00000
__Lbank13                                             bank13       00000
__Lbank14                                             bank14       00000
__Lbank15                                             bank15       00000
__Lbank16                                             bank16       00000
__Lbank17                                             bank17       00000
__Lbank18                                             bank18       00000
__Lbank19                                             bank19       00000
__Lbank2                                              bank2        00000
__Lbank20                                             bank20       00000
__Lbank21                                             bank21       00000
__Lbank22                                             bank22       00000
__Lbank23                                             bank23       00000
__Lbank24                                             bank24       00000
__Lbank25                                             bank25       00000
__Lbank26                                             bank26       00000
__Lbank27                                             bank27       00000
__Lbank28                                             bank28       00000
__Lbank29                                             bank29       00000
__Lbank3                                              bank3        00000
__Lbank30                                             bank30       00000
__Lbank31                                             bank31       00000
__Lbank32                                             bank32       00000
__Lbank33                                             bank33       00000
__Lbank34                                             bank34       00000
__Lbank35                                             bank35       00000
__Lbank36                                             bank36       00000
__Lbank37                                             bank37       00000
__Lbank38                                             bank38       00000
__Lbank39                                             bank39       00000
__Lbank4                                              bank4        00000
__Lbank40                                             bank40       00000
__Lbank41                                             bank41       00000
__Lbank42                                             bank42       00000
__Lbank43                                             bank43       00000
__Lbank44                                             bank44       00000
__Lbank45                                             bank45       00000
__Lbank46                                             bank46       00000
__Lbank47                                             bank47       00000
__Lbank48                                             bank48       00000
__Lbank49                                             bank49       00000
__Lbank5                                              bank5        00000
__Lbank50                                             bank50       00000
__Lbank51                                             bank51       00000
__Lbank52                                             bank52       00000
__Lbank53                                             bank53       00000
__Lbank54                                             bank54       00000
__Lbank55                                             bank55       00000
__Lbank56                                             bank56       00000
__Lbank57                                             bank57       00000
__Lbank58                                             bank58       00000
__Lbank59                                             bank59       00000
__Lbank6                                              bank6        00000
__Lbank60                                             bank60       00000
__Lbank61                                             bank61       00000
__Lbank62                                             bank62       00000
__Lbank63                                             bank63       00000
__Lbank7                                              bank7        00000
__Lbank8                                              bank8        00000
__Lbank9                                              bank9        00000
__Lbigram                                             bigram       00000
__LbssBANK0                                           bssBANK0     00000
__LbssBANK1                                           bssBANK1     00000
__LbssCOMMON                                          bssCOMMON    00000
__Lcinit                                              cinit        00020
__Lclrtext                                            clrtext      00000
__Lcode                                               code         00000
__Lcommon                                             common       00000
__Lconfig                                             config       08007
__LcstackBANK0                                        cstackBANK0  00000
__LcstackCOMMON                                       cstackCOMMON 00000
__LdataBANK0                                          dataBANK0    00000
__LdataBANK1                                          dataBANK1    00000
__Leeprom_data                                        eeprom_data  00000
__Lend_init                                           end_init     0001E
__Lfunctab                                            functab      00000
__LidataBANK0                                         idataBANK0   00000
__LidataBANK1                                         idataBANK1   00000
__Lidloc                                              idloc        00000
__Linit                                               init         0001E
__Linittext                                           inittext     00000
__Lintentry                                           intentry     00004
__Lmaintext                                           maintext     00000
__Lpowerup                                            powerup      00000
__Lram                                                ram          00000
__Lreset_vec                                          reset_vec    00000
__Lsfr0                                               sfr0         00000
__Lsfr1                                               sfr1         00000
__Lsfr10                                              sfr10        00000
__Lsfr11                                              sfr11        00000
__Lsfr12                                              sfr12        00000
__Lsfr13                                              sfr13        00000
__Lsfr14                                              sfr14        00000
__Lsfr15                                              sfr15        00000
__Lsfr16                                              sfr16        00000
__Lsfr17                                              sfr17        00000
__Lsfr18                                              sfr18        00000
__Lsfr19                                              sfr19        00000
__Lsfr2                                               sfr2         00000
__Lsfr20                                              sfr20        00000
__Lsfr21                                              sfr21        00000
__Lsfr22                                              sfr22        00000
__Lsfr23                                              sfr23        00000
__Lsfr24                                              sfr24        00000
__Lsfr25                                              sfr25        00000
__Lsfr26                                              sfr26        00000
__Lsfr27                                              sfr27        00000
__Lsfr28                                              sfr28        00000
__Lsfr29                                              sfr29        00000
__Lsfr3                                               sfr3         00000
__Lsfr30                                              sfr30        00000
__Lsfr31                                              sfr31        00000
__Lsfr32                                              sfr32        00000
__Lsfr33                                              sfr33        00000
__Lsfr34                                              sfr34        00000
__Lsfr35                                              sfr35        00000
__Lsfr36                                              sfr36        00000
__Lsfr37                                              sfr37        00000
__Lsfr38                                              sfr38        00000
__Lsfr39                                              sfr39        00000
__Lsfr4                                               sfr4         00000
__Lsfr40                                              sfr40        00000
__Lsfr41                                              sfr41        00000
__Lsfr42                                              sfr42        00000
__Lsfr43                                              sfr43        00000
__Lsfr44                                              sfr44        00000
__Lsfr45                                              sfr45        00000
__Lsfr46                                              sfr46        00000
__Lsfr47                                              sfr47        00000
__Lsfr48                                              sfr48        00000
__Lsfr49                                              sfr49        00000
__Lsfr5                                               sfr5         00000
__Lsfr50                                              sfr50        00000
__Lsfr51                                              sfr51        00000
__Lsfr52                                              sfr52        00000
__Lsfr53                                              sfr53        00000
[...]
      Temps:          0       0       0       0       0       0       0       0
      Totals:         0       0       0       0       0       0       0       0
Total ram usage:        0 bytes
 Hardware stack levels used:    1
 This function calls:
		Nothing
 This function is called by:
		_TMR2_Initialize
		_TMR2_ISR
 This function uses a non-reentrant model


 *************** function i1_abs *****************
 Defined at:
		line 1 in file "C:\Program Files2\Microchip\xc8\v2.05\pic\sources\c99\common\abs.c"
 Parameters:    Size  Location     Type
  a               2    0[COMMON] int 
 Auto vars:     Size  Location     Type
		None
 Return value:  Size  Location     Type
                  2    0[COMMON] int 
 Registers used:
		wreg, status,2, status,0
 Tracked objects:
		On entry : 
		On exit  : 
		Unchanged: 
 Data sizes:     COMMON   BANK0   BANK1   BANK2   BANK3   BANK4   BANK5   BANK6
      Params:         2       0       0       0       0       0       0       0
      Locals:         0       0       0       0       0       0       0       0
      Temps:          2       0       0       0       0       0       0       0
      Totals:         4       0       0       0       0       0       0       0
Total ram usage:        4 bytes
 Hardware stack levels used:    1
 This function calls:
		Nothing
 This function is called by:
		_Sensor_Acq_ExecuteScan
 This function uses a non-reentrant model


 *************** function i1___bmul *****************
 Defined at:
		line 4 in file "C:\Program Files2\Microchip\xc8\v2.05\pic\sources\c99\common\Umul8.c"
 Parameters:    Size  Location     Type
  multiplier      1    wreg     unsigned char 
  multiplicand    1    0[COMMON] unsigned char 
 Auto vars:     Size  Location     Type
  multiplier      1    2[COMMON] unsigned char 
  __bmul          1    3[COMMON] unsigned char 
 Return value:  Size  Location     Type
                  1    wreg      unsigned char 
 Registers used:
		wreg, status,2, status,0
 Tracked objects:
		On entry : 
		On exit  : 
		Unchanged: 
 Data sizes:     COMMON   BANK0   BANK1   BANK2   BANK3   BANK4   BANK5   BANK6
      Params:         1       0       0       0       0       0       0       0
      Locals:         2       0       0       0       0       0       0       0
      Temps:          1       0       0       0       0       0       0       0
      Totals:         4       0       0       0       0       0       0       0
Total ram usage:        4 bytes
 Hardware stack levels used:    1
 This function calls:
		Nothing
 This function is called by:
		_Sensor_Acq_ExecuteScan
 This function uses a non-reentrant model


 *************** function _MTOUCH_CVD_ScanB_0 *****************
 Defined at:
		line 119 in file "mcc_generated_files/mtouch/mtouch_sensor_scan.c"
 Parameters:    Size  Location     Type
		None
 Auto vars:     Size  Location     Type
		None
 Return value:  Size  Location     Type
                  1    wreg      void 
 Registers used:
		wreg
 Tracked objects:
		On entry : 
		On exit  : 
		Unchanged: 
 Data sizes:     COMMON   BANK0   BANK1   BANK2   BANK3   BANK4   BANK5   BANK6
      Params:         0       0       0       0       0       0       0       0
      Locals:         0       0       0       0       0       0       0       0
      Temps:          0       0       0       0       0       0       0       0
      Totals:         0       0       0       0       0       0       0       0
Total ram usage:        0 bytes
 Hardware stack levels used:    1
 This function calls:
		Nothing
 This function is called by:
		_Sensor_Acq_ExecuteScan
 This function uses a non-reentrant model


 *************** function _MTOUCH_CVD_ScanA_0 *****************
 Defined at:
		line 50 in file "mcc_generated_files/mtouch/mtouch_sensor_scan.c"
 Parameters:    Size  Location     Type
		None
 Auto vars:     Size  Location     Type
		None
 Return value:  Size  Location     Type
                  1    wreg      void 
 Registers used:
		wreg
 Tracked objects:
		On entry : 
		On exit  : 
		Unchanged: 
 Data sizes:     COMMON   BANK0   BANK1   BANK2   BANK3   BANK4   BANK5   BANK6
      Params:         0       0       0       0       0       0       0       0
      Locals:         0       0       0       0       0       0       0       0
      Temps:          0       0       0       0       0       0       0       0
      Totals:         0       0       0       0       0       0       0       0
Total ram usage:        0 bytes
 Hardware stack levels used:    1
 This function calls:
		Nothing
 This function is called by:
		_Sensor_Acq_ExecuteScan
 This function uses a non-reentrant model


 *************** function _TMR1_ISR *****************
 Defined at:
		line 164 in file "mcc_generated_files/tmr1.c"
 Parameters:    Size  Location     Type
		None
 Auto vars:     Size  Location     Type
		None
 Return value:  Size  Location     Type
                  1    wreg      void 
 Registers used:
		wreg, status,2, status,0, pclath, cstack
 Tracked objects:
		On entry : 
		On exit  : 
		Unchanged: 
 Data sizes:     COMMON   BANK0   BANK1   BANK2   BANK3   BANK4   BANK5   BANK6
      Params:         0       0       0       0       0       0       0       0
      Locals:         0       0       0       0       0       0       0       0
      Temps:          0       0       0       0       0       0       0       0
      Totals:         0       0       0       0       0       0       0       0
Total ram usage:        0 bytes
 Hardware stack levels used:    1
 Hardware stack levels required when called:    1
 This function calls:
		Absolute function
		_TMR1_DefaultInterruptHandler
		_TMR1_WriteTimer
		_v_1s_service_routine
 This function is called by:
		_INTERRUPT_InterruptManager
 This function uses a non-reentrant model


 *************** function _TMR1_DefaultInterruptHandler *****************
 Defined at:
		line 182 in file "mcc_generated_files/tmr1.c"
 Parameters:    Size  Location     Type
		None
 Auto vars:     Size  Location     Type
		None
 Return value:  Size  Location     Type
                  1    wreg      void 
 Registers used:
		None
 Tracked objects:
		On entry : 
		On exit  : 
		Unchanged: 
 Data sizes:     COMMON   BANK0   BANK1   BANK2   BANK3   BANK4   BANK5   BANK6
      Params:         0       0       0       0       0       0       0       0
      Locals:         0       0       0       0       0       0       0       0
      Temps:          0       0       0       0       0       0       0       0
      Totals:         0       0       0       0       0       0       0       0
Total ram usage:        0 bytes
 Hardware stack levels used:    1
 This function calls:
		Nothing
 This function is called by:
		_TMR1_Initialize
		_TMR1_ISR
 This function uses a non-reentrant model


 *************** function _v_1s_service_routine *****************
 Defined at:
		line 79 in file "main.c"
 Parameters:    Size  Location     Type
		None
 Auto vars:     Size  Location     Type
		None
 Return value:  Size  Location     Type
                  1    wreg      void 
 Registers used:
		wreg, status,2, status,0
 Tracked objects:
		On entry : 
		On exit  : 
		Unchanged: 
 Data sizes:     COMMON   BANK0   BANK1   BANK2   BANK3   BANK4   BANK5   BANK6
      Params:         0       0       0       0       0       0       0       0
      Locals:         0       0       0       0       0       0       0       0
      Temps:          0       0       0       0       0       0       0       0
      Totals:         0       0       0       0       0       0       0       0
Total ram usage:        0 bytes
 Hardware stack levels used:    1
 This function calls:
		Nothing
 This function is called by:
		_main
		_TMR1_ISR
 This function uses a non-reentrant model


 *************** function _TMR1_WriteTimer *****************
 Defined at:
		line 127 in file "mcc_generated_files/tmr1.c"
 Parameters:    Size  Location     Type
  timerVal        2    0[COMMON] unsigned short 
 Auto vars:     Size  Location     Type
		None
 Return value:  Size  Location     Type
                  1    wreg      void 
 Registers used:
		wreg, status,2
 Tracked objects:
		On entry : 
		On exit  : 
		Unchanged: 
 Data sizes:     COMMON   BANK0   BANK1   BANK2   BANK3   BANK4   BANK5   BANK6
      Params:         2       0       0       0       0       0       0       0
      Locals:         0       0       0       0       0       0       0       0
      Temps:          0       0       0       0       0       0       0       0
      Totals:         2       0       0       0       0       0       0       0
Total ram usage:        2 bytes
 Hardware stack levels used:    1
 This function calls:
		Nothing
 This function is called by:
		_TMR1_ISR
		_TMR1_Reload
 This function uses a non-reentrant model


 *************** function _TMR0_ISR *****************
 Defined at:
		line 121 in file "mcc_generated_files/tmr0.c"
 Parameters:    Size  Location     Type
		None
 Auto vars:     Size  Location     Type
		None
 Return value:  Size  Location     Type
                  1    wreg      void 
 Registers used:
		wreg, fsr0l, fsr0h, fsr1l, fsr1h, status,2, status,0, pclath, cstack
 Tracked objects:
		On entry : 
		On exit  : 
		Unchanged: 
 Data sizes:     COMMON   BANK0   BANK1   BANK2   BANK3   BANK4   BANK5   BANK6
      Params:         0       0       0       0       0       0       0       0
      Locals:         0       0       0       0       0       0       0       0
      Temps:          0       0       0       0       0       0       0       0
      Totals:         0       0       0       0       0       0       0       0
Total ram usage:        0 bytes
 Hardware stack levels used:    1
 Hardware stack levels required when called:    2
 This function calls:
		Absolute function
		_TMR0_DefaultInterruptHandler
		_v_1ms_service_routine
 This function is called by:
		_INTERRUPT_InterruptManager
 This function uses a non-reentrant model


 *************** function _TMR0_DefaultInterruptHandler *****************
 Defined at:
		line 138 in file "mcc_generated_files/tmr0.c"
 Parameters:    Size  Location     Type
		None
 Auto vars:     Size  Location     Type
		None
 Return value:  Size  Location     Type
                  1    wreg      void 
 Registers used:
		None
 Tracked objects:
		On entry : 
		On exit  : 
		Unchanged: 
 Data sizes:     COMMON   BANK0   BANK1   BANK2   BANK3   BANK4   BANK5   BANK6
      Params:         0       0       0       0       0       0       0       0
      Locals:         0       0       0       0       0       0       0       0
      Temps:          0       0       0       0       0       0       0       0
      Totals:         0       0       0       0       0       0       0       0
Total ram usage:        0 bytes
 Hardware stack levels used:    1
 This function calls:
		Nothing
 This function is called by:
		_TMR0_Initialize
		_TMR0_ISR
 This function uses a non-reentrant model


 *************** function _v_1ms_service_routine *****************
 Defined at:
		line 97 in file "main.c"
 Parameters:    Size  Location     Type
		None
 Auto vars:     Size  Location     Type
		None
 Return value:  Size  Location     Type
                  1    wreg      void 
 Registers used:
		wreg, fsr0l, fsr0h, fsr1l, fsr1h, status,2, status,0, pclath, cstack
 Tracked objects:
		On entry : 
		On exit  : 
		Unchanged: 
 Data sizes:     COMMON   BANK0   BANK1   BANK2   BANK3   BANK4   BANK5   BANK6
      Params:         0       0       0       0       0       0       0       0
      Locals:         0       0       0       0       0       0       0       0
      Temps:          2       0       0       0       0       0       0       0
      Totals:         2       0       0       0       0       0       0       0
Total ram usage:        2 bytes
 Hardware stack levels used:    1
 Hardware stack levels required when called:    1
 This function calls:
		i1_MTOUCH_Button_isPressed
 This function is called by:
		_main
		_TMR0_ISR
 This function uses a non-reentrant model


 *************** function i1_MTOUCH_Button_isPressed *****************
 Defined at:
		line 354 in file "mcc_generated_files/mtouch/mtouch_button.c"
 Parameters:    Size  Location     Type
  name            1    wreg     enum E6960
 Auto vars:     Size  Location     Type
  name            1    1[COMMON] enum E6960
 Return value:  Size  Location     Type
                  1    wreg      _Bool 
 Registers used:
		wreg, fsr1l, fsr1h, status,2, status,0
 Tracked objects:
		On entry : 
		On exit  : 
		Unchanged: 
 Data sizes:     COMMON   BANK0   BANK1   BANK2   BANK3   BANK4   BANK5   BANK6
      Params:         0       0       0       0       0       0       0       0
      Locals:         1       0       0       0       0       0       0       0
      Temps:          1       0       0       0       0       0       0       0
      Totals:         2       0       0       0       0       0       0       0
Total ram usage:        2 bytes
 Hardware stack levels used:    1
 This function calls:
		Nothing
 This function is called by:
		_v_1ms_service_routine
 This function uses a non-reentrant model



MODULE INFORMATION

Module		Function		Class		Link	Load	Size
C:\Program Files2\Microchip\xc8\v2.05\pic\sources\c99\common\awmod.c
		___awmod       		CODE           	0DB6	0000	71

C:\Program Files2\Microchip\xc8\v2.05\pic\sources\c99\common\awmod.c estimated size: 71

mcc_generated_files/mtouch/mtouch_button.c
		_Button_Deviation_Update		CODE           	0660	0000	132
		_MTOUCH_Button_isPressed		CODE           	0BA2	0000	27
		_MTOUCH_Button_Initialize		CODE           	0D41	0000	51
		_Button_Tick_helper		CODE           	0C4C	0000	37
		_MTOUCH_Button_InitializeAll		CODE           	0BF3	0000	29
		_Button_Baseline_Update		CODE           	0553	0000	137
		_Button_State_Pressed		CODE           	0EEC	0000	87
		_Button_Reading_Update		CODE           	09DE	0000	15
		_Button_DefaultCallback		CODE           	091F	0000	2
		_MTOUCH_Button_Tick		CODE           	0933	0000	5
		_Button_State_NotPressed		CODE           	04C1	0000	147
		_Button_Reading_Update_Helper		CODE           	0DFC	0000	74
		_Button_Service		CODE           	07AF	0000	81
		_Button_State_Initializing		CODE           	0F42	0000	92
		_MTOUCH_Button_ServiceAll		CODE           	0A09	0000	16
		_Button_Baseline_Initialize		CODE           	0CE5	0000	45

mcc_generated_files/mtouch/mtouch_button.c estimated size: 977

C:\Program Files2\Microchip\xc8\v2.05\pic\sources\c99\common\memcpy.c
		_memcpy        		CODE           	0CBA	0000	44

C:\Program Files2\Microchip\xc8\v2.05\pic\sources\c99\common\memcpy.c estimated size: 44

C:\Program Files2\Microchip\xc8\v2.05\pic\sources\c99\common\abs.c
		_abs           		CODE           	0B89	0000	26

C:\Program Files2\Microchip\xc8\v2.05\pic\sources\c99\common\abs.c estimated size: 26

mcc_generated_files/tmr2.c
		_TMR2_ISR      		CODE           	09D1	0000	14
		_TMR2_LoadPeriodRegister		CODE           	0942	0000	7
		_TMR2_Initialize		CODE           	0AFB	0000	23
		_TMR2_Stop     		CODE           	092A	0000	4
		_TMR2_Start    		CODE           	0924	0000	4
		_TMR2_SetInterruptHandler		CODE           	0948	0000	7
		_TMR2_Period8BitSet		CODE           	093C	0000	7
		_TMR2_StopTimer		CODE           	092D	0000	4
		_TMR2_DefaultInterruptHandler		CODE           	091E	0000	2
		_TMR2_StartTimer		CODE           	0927	0000	4

mcc_generated_files/tmr2.c estimated size: 76

mcc_generated_files/interrupt_manager.c
		_INTERRUPT_InterruptManager		CODE           	0004	0000	27

mcc_generated_files/interrupt_manager.c estimated size: 27

C:\Program Files2\Microchip\xc8\v2.05\pic\sources\c99\common\Umul8.c
		___bmul        		CODE           	0A49	0000	19

C:\Program Files2\Microchip\xc8\v2.05\pic\sources\c99\common\Umul8.c estimated size: 19

mcc_generated_files/tmr0.c
		_TMR0_SetInterruptHandler		CODE           	094E	0000	7
		_TMR0_DefaultInterruptHandler		CODE           	091C	0000	2
		_TMR0_ISR      		CODE           	09C4	0000	14
		_TMR0_Initialize		CODE           	0AA8	0000	21

mcc_generated_files/tmr0.c estimated size: 44

mcc_generated_files/mtouch/mtouch.c
		_MTOUCH_Tick   		CODE           	0930	0000	4
		_MTOUCH_Initialize		CODE           	09AC	0000	13
		_MTOUCH_Service_Mainloop		CODE           	0BD7	0000	29
		_MTOUCH_needReburst		CODE           	0002	0000	3

mcc_generated_files/mtouch/mtouch.c estimated size: 49

mcc_generated_files/pin_manager.c
		_PIN_MANAGER_Initialize		CODE           	0C0F	0000	31

mcc_generated_files/pin_manager.c estimated size: 31

C:\Program Files2\Microchip\xc8\v2.05\pic\sources\c99\common\awdiv.c
		___awdiv       		CODE           	0E45	0000	83

C:\Program Files2\Microchip\xc8\v2.05\pic\sources\c99\common\awdiv.c estimated size: 83

mcc_generated_files/mtouch/mtouch_sensor_scan.c
		_MTOUCH_CVD_ScanA_0		CODE           	0C70	0000	38
		_MTOUCH_CVD_ScanB_0		CODE           	0C95	0000	38

mcc_generated_files/mtouch/mtouch_sensor_scan.c estimated size: 76

C:\Program Files2\Microchip\xc8\v2.05\pic\sources\c99\common\Umul32.c
		___lmul        		CODE           	0D11	0000	49

C:\Program Files2\Microchip\xc8\v2.05\pic\sources\c99\common\Umul32.c estimated size: 49

mcc_generated_files/adc.c
		_ADC_Initialize		CODE           	0986	0000	9
		_ADC_GetConversion		CODE           	0C2D	0000	32

mcc_generated_files/adc.c estimated size: 41

shared
		i1_abs         		CODE           	0B11	0000	24
		Sensor_Scanfrequency_Evaluation@frequency_hop		STRCODE        	081F	0000	6
		i1_MTOUCH_Button_isPressed		CODE           	0B70	0000	26
		_u8_PATTERN    		STRCODE        	07FF	0000	17
		__initialization		CODE           	0020	0000	46
		_mtouch_button_init		STRCODE        	080F	0000	17
		i1___bmul      		CODE           	0A27	0000	18

shared estimated size: 154

mcc_generated_files/mcc.c
		_PMD_Initialize		CODE           	098E	0000	9
		_OSCILLATOR_Initialize		CODE           	09B8	0000	13
		_SYSTEM_Initialize		CODE           	0B58	0000	25

mcc_generated_files/mcc.c estimated size: 47

mcc_generated_files/tmr1.c
		_TMR1_Initialize		CODE           	0BBC	0000	28
		_TMR1_SetInterruptHandler		CODE           	0954	0000	7
		_TMR1_DefaultInterruptHandler		CODE           	091D	0000	2
		_TMR1_WriteTimer		CODE           	09FA	0000	16
		_TMR1_ISR      		CODE           	0A80	0000	21

mcc_generated_files/tmr1.c estimated size: 74

main.c
		_main          		CODE           	0051	0000	882
		_v_get_slope_intercept		CODE           	03C2	0000	256
		_v_1ms_service_routine		CODE           	0F9D	0000	100
		_v_1s_service_routine		CODE           	09A0	0000	13

main.c estimated size: 1251

mcc_generated_files/mtouch/mtouch_sensor.c
		_Sensor_Acq_ExecutePacket		CODE           	0749	0000	103
		_Sensor_Acquisition		CODE           	0D73	0000	68
		_MTOUCH_Sensor_Initialize		CODE           	0A6D	0000	20
		_Sensor_Sampled_Reset		CODE           	097E	0000	9
		_MTOUCH_Sensor_InitializeAll		CODE           	0A18	0000	16
		_Sensor_DefaultCallback		CODE           	0921	0000	2
		_Sensor_isEnabled		CODE           	09EC	0000	15
		_MTOUCH_Sensor_isCalibrated		CODE           	0922	0000	3
		_MTOUCH_Sensor_Calibrate		CODE           	0920	0000	2
		_MTOUCH_Sensor_Sampled_ResetAll		CODE           	0AD1	0000	22
		_Sensor_setActive		CODE           	0966	0000	9
		_Sensor_Scanfrequency_Evaluation		CODE           	06E3	0000	103
		_MTOUCH_Sensor_Enable		CODE           	0A38	0000	18
		_Sensor_Acq_ExecuteScan		CODE           	05DB	0000	134
		_Sensor_setSampled		CODE           	0976	0000	9
		_MTOUCH_Sensor_RawSample_Get		CODE           	0B28	0000	25
		_MTOUCH_Sensor_SampleAll		CODE           	0ABC	0000	22
		_MTOUCH_Sensor_wasSampled		CODE           	0A94	0000	21
		_Sensor_Service		CODE           	0E97	0000	86
		_Sensor_setScanFunction		CODE           	0A5B	0000	19
		_MTOUCH_Sensor_Scan_Initialize		CODE           	0996	0000	11
		_Sensor_RawSample_Update		CODE           	0B40	0000	25
		_Sensor_setInactive		CODE           	096E	0000	9

mcc_generated_files/mtouch/mtouch_sensor.c estimated size: 751

