Microchip MPLAB XC8 Compiler V2.05 ()

Linker command line:

-W-3 --edf=C:\Program Files2\Microchip\xc8\v2.05\pic\dat\en_msgs.txt -cs \
  -h+dist/default/production\W-F-DB-C3-V1.1.X.production.sym \
  --cmf=dist/default/production\W-F-DB-C3-V1.1.X.production.cmf -z \
  -Q16F18856 -oC:\Users\raiha\AppData\Local\Temp\s6no.2 \
  --defsym=__MPLAB_BUILD=1 \
  -Mdist/default/production/W-F-DB-C3-V1.1.X.production.map -E1 -ver=XC8 \
  --acfsm=1493 -ASTACK=02120h-027EFh -pstack=STACK -ACODE=00h-07FFhx8 \
  -ASTRCODE=00h-03FFFh -ASTRING=00h-0FFhx64 -ACONST=00h-0FFhx64 \
  -AENTRY=00h-0FFhx64 -ACOMMON=070h-07Fh -ABANK0=020h-06Fh \
  -ABANK1=0A0h-0EFh -ABANK2=0120h-016Fh -ABANK3=01A0h-01EFh \
  -ABANK4=0220h-026Fh -ABANK5=02A0h-02EFh -ABANK6=0320h-036Fh \
  -ABANK7=03A0h-03EFh -ABANK8=0420h-046Fh -ABANK9=04A0h-04EFh \
  -ABANK10=0520h-056Fh -ABANK11=05A0h-05EFh -ABANK12=0620h-066Fh \
  -ABANK13=06A0h-06EFh -ABANK14=0720h-076Fh -ABANK15=07A0h-07EFh \
  -ABANK16=0820h-086Fh -ABANK17=08A0h-08EFh -ABANK18=0920h-096Fh \
  -ABANK19=09A0h-09EFh -ABANK20=0A20h-0A6Fh -ABANK21=0AA0h-0AEFh \
  -ABANK22=0B20h-0B6Fh -ABANK23=0BA0h-0BEFh -ABANK24=0C20h-0C6Fh \
  -ABANK25=0CA0h-0CBFh -ABIGRAM=02000h-027EFh \
  -ARAM=020h-06Fh,0A0h-0EFh,0120h-016Fh,01A0h-01EFh,0220h-026Fh,02A0h-02EFh,0320h-036Fh,03A0h-03EFh,0420h-046Fh,04A0h-04EFh,0520h-056Fh,05A0h-05EFh,0620h-066Fh,06A0h-06EFh,0720h-076Fh,07A0h-07EFh,0820h-086Fh,08A0h-08EFh,0920h-096Fh,09A0h-09EFh,0A20h-0A6Fh,0AA0h-0AEFh,0B20h-0B6Fh,0BA0h-0BEFh,0C20h-0C6Fh,0CA0h-0CBFh \
  -AABS1=020h-07Fh,0A0h-0EFh,0120h-016Fh,01A0h-01EFh,0220h-026Fh,02A0h-02EFh,0320h-036Fh,03A0h-03EFh,0420h-046Fh,04A0h-04EFh,0520h-056Fh,05A0h-05EFh,0620h-066Fh,06A0h-06EFh,0720h-076Fh,07A0h-07EFh,0820h-086Fh,08A0h-08EFh,0920h-096Fh,09A0h-09EFh,0A20h-0A6Fh,0AA0h-0AEFh,0B20h-0B6Fh,0BA0h-0BEFh,0C20h-0C6Fh,0CA0h-0CBFh \
  -ASFR0=00h-01Fh -ASFR1=080h-09Fh -ASFR2=0100h-011Fh -ASFR3=0180h-019Fh \
  -ASFR4=0200h-021Fh -ASFR5=0280h-029Fh -ASFR6=0300h-031Fh \
  -ASFR7=0380h-039Fh -ASFR8=0400h-041Fh -ASFR9=0480h-049Fh \
  -ASFR10=0500h-051Fh -ASFR11=0580h-059Fh -ASFR12=0600h-061Fh \
  -ASFR13=0680h-069Fh -ASFR14=0700h-071Fh -ASFR15=0780h-079Fh \
  -ASFR16=0800h-081Fh -ASFR17=0880h-089Fh -ASFR18=0900h-091Fh \
  -ASFR19=0980h-099Fh -ASFR20=0A00h-0A1Fh -ASFR21=0A80h-0A9Fh \
  -ASFR22=0B00h-0B1Fh -ASFR23=0B80h-0B9Fh -ASFR24=0C00h-0C1Fh \
  -ASFR25=0C80h-0C9Fh -ASFR26=0D00h-0D6Fh -ASFR27=0D80h-0DEFh \
  -ASFR28=0E00h-0E6Fh -ASFR29=0E80h-0EEFh -ASFR30=0F00h-0F6Fh \
  -ASFR31=0F80h-0FEFh -preset_vec=00h,intentry=04h,init,end_init \
  -ppowerup=CODE -pcinit=CODE -pfunctab=ENTRY -ACONFIG=08007h-0800Bh \
  -pconfig=CONFIG -DCONFIG=2 -AIDLOC=08000h-08003h -pidloc=IDLOC -DIDLOC=2 \
  -AEEDATA=00h-0FFh/0F000h -peeprom_data=EEDATA -DEEDATA=2 -DCODE=2 \
  -DSTRCODE=2 -DSTRING=2 -DCONST=2 -DENTRY=2 -k \
  C:\Users\raiha\AppData\Local\Temp\s6no.o \
  dist/default/production\W-F-DB-C3-V1.1.X.production.o 

Object code version is 3.11

Machine type is 16F18856



                Name                               Link     Load   Length Selector   Space Scale
C:\Users\raiha\AppData\Local\Temp\s6no.o
                end_init                             32       32        2        8       0
                reset_vec                             0        0        2        0       0
                config                             8007     8007        5    1000E       0
dist/default/production\W-F-DB-C3-V1.1.X.production.o
                cinit                                34       34       2F        8       0
                intentry                              4        4       2E        8       0
                text94                              921      921       1A     1242       0
                text93                             1723     1723        E     2E46       0
                text92                             16B3     16B3        9     2D66       0
                text91                             1731     1731        E     2E62       0
                text90                              754      754       8C        8       0
                text89                             16A3     16A3        8     2D46       0
                text88                             17A8     17A8       11     2F50       0
                text87                              82A      82A       15     1054       0
                text86                              83F      83F       15     107E       0
                text85                              A9F      A9F       23     153E       0
                text84                             16FE     16FE        C     2DFC       0
                text83                              4E6      4E6       A8        8       0
                text82                              C44      C44       39     1888       0
                text81                             1686     1686        5     2D0C       0
                text80                              96F      96F       1B     12DE       0
                text79                              9DD      9DD       1D     13BA       0
                text78                              98A      98A       1B     1314       0
                text77                              DA9      DA9       5A     1B52       0
                text76                             167F     167F        1     2CFE       0
                text75                             17B9     17B9       11     2F72       0
                text74                             174D     174D        F     2E9A       0
                text73                              E03      E03       5A     1C06       0
                text72                              800      800        1        8       0
                text71                              854      854       15     10A8       0
                text69                             16BC     16BC        9     2D78       0
                text68                             16C5     16C5        9     2D8A       0
                text67                              B80      B80       2B     1700       0
                text66                             175C     175C        F     2EB8       0
                text65                              62F      62F       95        8       0
                text64                              9A5      9A5       1C     134A       0
                text63                              F79      F79       87     1EF2       0
                text62                             17CA     17CA       12     2F94       0
                text61                              93B      93B       1A     1276       0
                text60                              D04      D04       50     1A08       0
                text59                             173F     173F        E     2E7E       0
                text58                              BAB      BAB       2F     1756       0
                text57                              6C4      6C4       90        8       0
                text56                                2        2        1        0       0
                text55                              804      804       13     1008       0
                text54                              C0D      C0D       37     181A       0
                text53                              EB7      EB7       60     1D6E       0
                text52                              F17      F17       62     1E2E       0
                text51                              58E      58E       A1        8       0
                text50                              955      955       1A     12AA       0
                text49                              893      893       16     1126       0
                text48                              D54      D54       55     1AA8       0
                text47                             1798     1798       10     2F30       0
                text46                             1680     1680        3     2D00       0
                text45                             176B     176B        F     2ED6       0
                text44                              439      439       AD        8       0
                text43                                3        3        1        6       0
                text42                              225      225      15B        8       0
                text41                              B09      B09       27     1612       0
                text40                             177A     177A        F     2EF4       0
                text39                             16CE     16CE        9     2D9C       0
                text38                             16D7     16D7        9     2DAE       0
                text37                              E5D      E5D       5A     1CBA       0
                text36                             17DC     17DC       12     2FB8       0
                text35                              869      869       15     10D2       0
                text34                              8A9      8A9       16     1152       0
                text33                              A18      A18       21     1430       0
                text32                             1716     1716        D     2E2C       0
                text31                             16E9     16E9        A     2DD2       0
                text30                              380      380       B9        8       0
                text29                              B30      B30       28     1660       0
                text28                             16E0     16E0        9     2DC0       0
                text27                              87E      87E       15     10FC       0
                text26                              B58      B58       28     16B0       0
                text25                              8BF      8BF       18     117E       0
                text24                             1683     1683        3     2D06       0
                text23                              7FE      7FE        2        8       0
                text22                              9C1      9C1       1C     1382       0
                text21                              A39      A39       22     1472       0
                text20                              817      817       13     102E       0
                text19                              8D7      8D7       18     11AE       0
                text18                              A5B      A5B       22     14B6       0
                text17                              8EF      8EF       19     11DE       0
                text16                              801      801        3     1002       0
                text15                             170A     170A        C     2E14       0
                text14                             16F3     16F3        B     2DE6       0
                text13                              AC2      AC2       23     1584       0
                text12                             16AB     16AB        8     2D56       0
                text11                             168B     168B        6     2D16       0
                text10                              908      908       19     1210       0
                text9                              1691     1691        6     2D22       0
                text8                               9FA      9FA       1E     13F4       0
                text7                              17EE     17EE       12     2FDC       0
                text6                               A7D      A7D       22     14FA       0
                text5                               CBC      CBC       48     1978       0
                text4                               7E0      7E0       1E        8       0
                text3                               BDA      BDA       33     17B4       0
                text2                               AE5      AE5       24     15CA       0
                text1                               C7D      C7D       3F     18FA       0
                maintext                             63       63      1C2        8       0
                cstackBANK0                          50       50       1C       20       1
                cstackCOMMON                         70       70        E       70       1
                clrtext                            1697     1697        6     2D2E       0
                inittext                           169D     169D        6     2D3A       0
                bssBANK3                            1A0      1A0       30      1A0       1
                bssBANK2                            120      120       25      120       1
                dataBANK1                            DC       DC        F       A0       1
                bssBANK1                             A0       A0       3C       A0       1
                bssBANK0                             20       20       30       20       1
                stringtext9                        1030     1030       1B     2000       0
                stringtext8                        1000     1000       30     2000       0
                stringtext7                        1815     1815        1     3000       0
                stringtext6                        1814     1814        1     3000       0
                stringtext5                        1813     1813        1     3000       0
                stringtext4                        1812     1812        1     3000       0
                stringtext3                        1810     1810        2     3000       0
                stringtext2                        180E     180E        2     3000       0
                stringtext1                        1800     1800        E     3000       0
                idataBANK1                         1789     1789        F     2F12       0

TOTAL           Name                               Link     Load   Length     Space
        CLASS   STACK          

        CLASS   CODE           
                end_init                             32       32        2         0
                cinit                                34       34       2F         0
                intentry                              4        4       2E         0
                reset_vec                             0        0        2         0
                text94                              921      921       1A         0
                text93                             1723     1723        E         0
                text92                             16B3     16B3        9         0
                text91                             1731     1731        E         0
                text90                              754      754       8C         0
                text89                             16A3     16A3        8         0
                text88                             17A8     17A8       11         0
                text87                              82A      82A       15         0
                text86                              83F      83F       15         0
                text85                              A9F      A9F       23         0
                text84                             16FE     16FE        C         0
                text83                              4E6      4E6       A8         0
                text82                              C44      C44       39         0
                text81                             1686     1686        5         0
                text80                              96F      96F       1B         0
                text79                              9DD      9DD       1D         0
                text78                              98A      98A       1B         0
                text77                              DA9      DA9       5A         0
                text76                             167F     167F        1         0
                text75                             17B9     17B9       11         0
                text74                             174D     174D        F         0
                text73                              E03      E03       5A         0
                text72                              800      800        1         0
                text71                              854      854       15         0
                text69                             16BC     16BC        9         0
                text68                             16C5     16C5        9         0
                text67                              B80      B80       2B         0
                text66                             175C     175C        F         0
                text65                              62F      62F       95         0
                text64                              9A5      9A5       1C         0
                text63                              F79      F79       87         0
                text62                             17CA     17CA       12         0
                text61                              93B      93B       1A         0
                text60                              D04      D04       50         0
                text59                             173F     173F        E         0
                text58                              BAB      BAB       2F         0
                text57                              6C4      6C4       90         0
                text56                                2        2        1         0
                text55                              804      804       13         0
                text54                              C0D      C0D       37         0
                text53                              EB7      EB7       60         0
                text52                              F17      F17       62         0
                text51                              58E      58E       A1         0
                text50                              955      955       1A         0
                text49                              893      893       16         0
                text48                              D54      D54       55         0
                text47                             1798     1798       10         0
                text46                             1680     1680        3         0
                text45                             176B     176B        F         0
                text44                              439      439       AD         0
                text43                                3        3        1         0
                text42                              225      225      15B         0
                text41                              B09      B09       27         0
                text40                             177A     177A        F         0
                text39                             16CE     16CE        9         0
                text38                             16D7     16D7        9         0
                text37                              E5D      E5D       5A         0
                text36                             17DC     17DC       12         0
                text35                              869      869       15         0
                text34                              8A9      8A9       16         0
                text33                              A18      A18       21         0
                text32                             1716     1716        D         0
                text31                             16E9     16E9        A         0
                text30                              380      380       B9         0
                text29                              B30      B30       28         0
                text28                             16E0     16E0        9         0
                text27                              87E      87E       15         0
                text26                              B58      B58       28         0
                text25                              8BF      8BF       18         0
                text24                             1683     1683        3         0
                text23                              7FE      7FE        2         0
                text22                              9C1      9C1       1C         0
                text21                              A39      A39       22         0
                text20                              817      817       13         0
                text19                              8D7      8D7       18         0
                text18                              A5B      A5B       22         0
                text17                              8EF      8EF       19         0
                text16                              801      801        3         0
                text15                             170A     170A        C         0
                text14                             16F3     16F3        B         0
                text13                              AC2      AC2       23         0
                text12                             16AB     16AB        8         0
                text11                             168B     168B        6         0
                text10                              908      908       19         0
                text9                              1691     1691        6         0
                text8                               9FA      9FA       1E         0
                text7                              17EE     17EE       12         0
                text6                               A7D      A7D       22         0
                text5                               CBC      CBC       48         0
                text4                               7E0      7E0       1E         0
                text3                               BDA      BDA       33         0
                text2                               AE5      AE5       24         0
                text1                               C7D      C7D       3F         0
                maintext                             63       63      1C2         0
                clrtext                            1697     1697        6         0
                inittext                           169D     169D        6         0
                idataBANK1                         1789     1789        F         0

        CLASS   STRCODE        
                stringtext9                        1030     1030       1B         0
                stringtext8                        1000     1000       30         0
                stringtext7                        1815     1815        1         0
                stringtext6                        1814     1814        1         0
                stringtext5                        1813     1813        1         0
                stringtext4                        1812     1812        1         0
                stringtext3                        1810     1810        2         0
                stringtext2                        180E     180E        2         0
                stringtext1                        1800     1800        E         0

        CLASS   STRING         

        CLASS   CONST          

        CLASS   ENTRY          

        CLASS   COMMON         
                cstackCOMMON                         70       70        E         1

        CLASS   BANK0          
                cstackBANK0                          50       50       1C         1
                bssBANK0                             20       20       30         1

        CLASS   BANK1          
                dataBANK1                            DC       DC        F         1
                bssBANK1                             A0       A0       3C         1

        CLASS   BANK2          
                bssBANK2                            120      120       25         1

        CLASS   BANK3          
                bssBANK3                            1A0      1A0       30         1

        CLASS   BANK4          

        CLASS   BANK5          

        CLASS   BANK6          

        CLASS   BANK7          

        CLASS   BANK8          

        CLASS   BANK9          

        CLASS   BANK10         

        CLASS   BANK11         

        CLASS   BANK12         

        CLASS   BANK13         

        CLASS   BANK14         

        CLASS   BANK15         

        CLASS   BANK16         

        CLASS   BANK17         

        CLASS   BANK18         

        CLASS   BANK19         

        CLASS   BANK20         

        CLASS   BANK21         

        CLASS   BANK22         

        CLASS   BANK23         

        CLASS   BANK24         

        CLASS   BANK25         

        CLASS   BIGRAM         

        CLASS   RAM            

        CLASS   ABS1           
                abs_s1                               7E       7E        2         1

        CLASS   SFR0           

        CLASS   SFR1           

        CLASS   SFR2           

        CLASS   SFR3           

        CLASS   SFR4           

        CLASS   SFR5           

        CLASS   SFR6           

        CLASS   SFR7           

        CLASS   SFR8           

        CLASS   SFR9           

        CLASS   SFR10          

        CLASS   SFR11          

        CLASS   SFR12          

        CLASS   SFR13          

        CLASS   SFR14          

        CLASS   SFR15          

        CLASS   SFR16          

        CLASS   SFR17          

        CLASS   SFR18          

        CLASS   SFR19          

        CLASS   SFR20          

        CLASS   SFR21          

        CLASS   SFR22          

        CLASS   SFR23          

        CLASS   SFR24          

        CLASS   SFR25          

        CLASS   SFR26          

        CLASS   SFR27          

        CLASS   SFR28          

        CLASS   SFR29          

        CLASS   SFR30          

        CLASS   SFR31          

        CLASS   CONFIG         
                config                             8007     8007        5         0

        CLASS   IDLOC          

        CLASS   EEDATA         

        CLASS   BANK31         

        CLASS   BANK30         

        CLASS   BANK29         

        CLASS   BANK28         

        CLASS   BANK27         

        CLASS   BANK26         



SEGMENTS        Name                           Load    Length   Top    Selector   Space  Class     Delta

                reset_vec                      000000  000003  000003         0       0  CODE        2
                text43                         000003  000001  000004         6       0  CODE        2
                intentry                       000004  0007FD  000801         8       0  CODE        2
                bssBANK0                       000020  00004C  00006C        20       1  BANK0       1
                cstackCOMMON                   000070  00000E  00007E        70       1  COMMON      1
                bssBANK1                       0000A0  00004B  0000EB        A0       1  BANK1       1
                bssBANK2                       000120  000025  000145       120       1  BANK2       1
                bssBANK3                       0001A0  000030  0001D0       1A0       1  BANK3       1
                text16                         000801  000003  000804      1002       0  CODE        2
                text55                         000804  000013  000817      1008       0  CODE        2
                text20                         000817  000013  00082A      102E       0  CODE        2
                text87                         00082A  000015  00083F      1054       0  CODE        2
                text86                         00083F  000015  000854      107E       0  CODE        2
                text71                         000854  000015  000869      10A8       0  CODE        2
                text35                         000869  000015  00087E      10D2       0  CODE        2
                text27                         00087E  000015  000893      10FC       0  CODE        2
                text49                         000893  000016  0008A9      1126       0  CODE        2
                text34                         0008A9  000016  0008BF      1152       0  CODE        2
                text25                         0008BF  000018  0008D7      117E       0  CODE        2
                text19                         0008D7  000018  0008EF      11AE       0  CODE        2
                text17                         0008EF  000019  000908      11DE       0  CODE        2
                text10                         000908  000019  000921      1210       0  CODE        2
                text94                         000921  00001A  00093B      1242       0  CODE        2
                text61                         00093B  00001A  000955      1276       0  CODE        2
                text50                         000955  00001A  00096F      12AA       0  CODE        2
                text80                         00096F  00001B  00098A      12DE       0  CODE        2
                text78                         00098A  00001B  0009A5      1314       0  CODE        2
                text64                         0009A5  00001C  0009C1      134A       0  CODE        2
                text22                         0009C1  00001C  0009DD      1382       0  CODE        2
                text79                         0009DD  00001D  0009FA      13BA       0  CODE        2
                text8                          0009FA  00001E  000A18      13F4       0  CODE        2
                text33                         000A18  000021  000A39      1430       0  CODE        2
                text21                         000A39  000022  000A5B      1472       0  CODE        2
                text18                         000A5B  000022  000A7D      14B6       0  CODE        2
                text6                          000A7D  000022  000A9F      14FA       0  CODE        2
                text85                         000A9F  000023  000AC2      153E       0  CODE        2
                text13                         000AC2  000023  000AE5      1584       0  CODE        2
                text2                          000AE5  000024  000B09      15CA       0  CODE        2
                text41                         000B09  000027  000B30      1612       0  CODE        2
                text29                         000B30  000028  000B58      1660       0  CODE        2
                text26                         000B58  000028  000B80      16B0       0  CODE        2
                text67                         000B80  00002B  000BAB      1700       0  CODE        2
                text58                         000BAB  00002F  000BDA      1756       0  CODE        2
                text3                          000BDA  000033  000C0D      17B4       0  CODE        2
                text54                         000C0D  000037  000C44      181A       0  CODE        2
                text82                         000C44  000039  000C7D      1888       0  CODE        2
                text1                          000C7D  00003F  000CBC      18FA       0  CODE        2
                text5                          000CBC  000048  000D04      1978       0  CODE        2
                text60                         000D04  000050  000D54      1A08       0  CODE        2
                text48                         000D54  000055  000DA9      1AA8       0  CODE        2
                text77                         000DA9  00005A  000E03      1B52       0  CODE        2
                text73                         000E03  00005A  000E5D      1C06       0  CODE        2
                text37                         000E5D  00005A  000EB7      1CBA       0  CODE        2
                text53                         000EB7  000060  000F17      1D6E       0  CODE        2
                text52                         000F17  000062  000F79      1E2E       0  CODE        2
                text63                         000F79  000087  001000      1EF2       0  CODE        2
                stringtext8                    001000  00004B  00104B      2000       0  STRCODE     2
                text76                         00167F  000001  001680      2CFE       0  CODE        2
                text46                         001680  000003  001683      2D00       0  CODE        2
                text24                         001683  000003  001686      2D06       0  CODE        2
                text81                         001686  000005  00168B      2D0C       0  CODE        2
                text11                         00168B  000006  001691      2D16       0  CODE        2
                text9                          001691  000006  001697      2D22       0  CODE        2
                clrtext                        001697  000006  00169D      2D2E       0  CODE        2
                inittext                       00169D  000006  0016A3      2D3A       0  CODE        2
                text89                         0016A3  000008  0016AB      2D46       0  CODE        2
                text12                         0016AB  000008  0016B3      2D56       0  CODE        2
                text92                         0016B3  000009  0016BC      2D66       0  CODE        2
                text69                         0016BC  000009  0016C5      2D78       0  CODE        2
                text68                         0016C5  000009  0016CE      2D8A       0  CODE        2
                text39                         0016CE  000009  0016D7      2D9C       0  CODE        2
                text38                         0016D7  000009  0016E0      2DAE       0  CODE        2
                text28                         0016E0  000009  0016E9      2DC0       0  CODE        2
                text31                         0016E9  00000A  0016F3      2DD2       0  CODE        2
                text14                         0016F3  00000B  0016FE      2DE6       0  CODE        2
                text84                         0016FE  00000C  00170A      2DFC       0  CODE        2
                text15                         00170A  00000C  001716      2E14       0  CODE        2
                text32                         001716  00000D  001723      2E2C       0  CODE        2
                text93                         001723  00000E  001731      2E46       0  CODE        2
                text91                         001731  00000E  00173F      2E62       0  CODE        2
                text59                         00173F  00000E  00174D      2E7E       0  CODE        2
                text74                         00174D  00000F  00175C      2E9A       0  CODE        2
                text66                         00175C  00000F  00176B      2EB8       0  CODE        2
                text45                         00176B  00000F  00177A      2ED6       0  CODE        2
                text40                         00177A  00000F  001789      2EF4       0  CODE        2
                idataBANK1                     001789  00000F  001798      2F12       0  CODE        2
                text47                         001798  000010  0017A8      2F30       0  CODE        2
                text88                         0017A8  000011  0017B9      2F50       0  CODE        2
                text75                         0017B9  000011  0017CA      2F72       0  CODE        2
                text62                         0017CA  000012  0017DC      2F94       0  CODE        2
                text36                         0017DC  000012  0017EE      2FB8       0  CODE        2
                text7                          0017EE  000012  001800      2FDC       0  CODE        2
                stringtext1                    001800  000016  001816      3000       0  STRCODE     2
                config                         008007  000005  00800C     1000E       0  CONFIG      2


UNUSED ADDRESS RANGES

        Name                Unused          Largest block    Delta
        BANK0            0006C-0006F               4           1
        BANK1            000EB-000EF               5           1
        BANK10           00520-0056F              50           1
        BANK11           005A0-005EF              50           1
        BANK12           00620-0066F              50           1
        BANK13           006A0-006EF              50           1
        BANK14           00720-0076F              50           1
        BANK15           007A0-007EF              50           1
        BANK16           00820-0086F              50           1
        BANK17           008A0-008EF              50           1
        BANK18           00920-0096F              50           1
        BANK19           009A0-009EF              50           1
        BANK2            00145-0016F              2B           1
        BANK20           00A20-00A6F              50           1
        BANK21           00AA0-00AEF              50           1
        BANK22           00B20-00B6F              50           1
        BANK23           00BA0-00BEF              50           1
        BANK24           00C20-00C6F              50           1
        BANK25           00CA0-00CBF              20           1
        BANK3            001D0-001EF              20           1
        BANK4            00220-0026F              50           1
        BANK5            002A0-002EF              50           1
        BANK6            00320-0036F              50           1
        BANK7            003A0-003EF              50           1
        BANK8            00420-0046F              50           1
        BANK9            004A0-004EF              50           1
        BIGRAM           02000-027EF             7F0           1
        CODE             0104B-0167E             634           2
                         01816-03FFF             800
        CONST            0104B-0167E             100           2
                         01816-03FFF             100
        EEDATA           0F000-0F0FF             100           2
        ENTRY            0104B-0167E             100           2
                         01816-03FFF             100
        IDLOC            08000-08003               4           2
        RAM              0006C-0006F               4           1
                         000EB-000EF               5
                         00145-0016F              2B
                         001D0-001EF              20
                         00220-0026F              50
                         002A0-002EF              50
                         00320-0036F              50
                         003A0-003EF              50
                         00420-0046F              50
                         004A0-004EF              50
                         00520-0056F              50
                         005A0-005EF              50
                         00620-0066F              50
                         006A0-006EF              50
                         00720-0076F              50
                         007A0-007EF              50
                         00820-0086F              50
                         008A0-008EF              50
                         00920-0096F              50
                         009A0-009EF              50
                         00A20-00A6F              50
                         00AA0-00AEF              50
                         00B20-00B6F              50
                         00BA0-00BEF              50
                         00C20-00C6F              50
                         00CA0-00CBF              20
        SFR0             00000-0001F              20           1
        SFR1             00080-0009F              20           1
        SFR10            00500-0051F              20           1
        SFR11            00580-0059F              20           1
        SFR12            00600-0061F              20           1
        SFR13            00680-0069F              20           1
        SFR14            00700-0071F              20           1
        SFR15            00780-0079F              20           1
        SFR16            00800-0081F              20           1
        SFR17            00880-0089F              20           1
        SFR18            00900-0091F              20           1
        SFR19            00980-0099F              20           1
        SFR2             00100-0011F              20           1
        SFR20            00A00-00A1F              20           1
        SFR21            00A80-00A9F              20           1
        SFR22            00B00-00B1F              20           1
        SFR23            00B80-00B9F              20           1
        SFR24            00C00-00C1F              20           1
        SFR25            00C80-00C9F              20           1
        SFR26            00D00-00D6F              70           1
        SFR27            00D80-00DEF              70           1
        SFR28            00E00-00E6F              70           1
        SFR29            00E80-00EEF              70           1
        SFR3             00180-0019F              20           1
        SFR30            00F00-00F6F              70           1
        SFR31            00F80-00FEF              70           1
        SFR4             00200-0021F              20           1
        SFR5             00280-0029F              20           1
        SFR6             00300-0031F              20           1
        SFR7             00380-0039F              20           1
        SFR8             00400-0041F              20           1
        SFR9             00480-0049F              20           1
        STACK            02120-027EF             6D0           1
        STRCODE          0104B-0167E             634           2
                         01816-03FFF            27EA
        STRING           0104B-0167E             100           2
                         01816-03FFF             100

                                  Symbol Table

?_MTOUCH_Sensor_RawSample_Get                                     cstackBANK0  00054
?_abs                                                             cstackBANK0  00054
?_medianFilter                                                    cstackBANK0  00054
?i1_abs                                                           cstackCOMMON 00070
Button_Baseline_Initialize@button                                 cstackBANK0  0005C
Button_Baseline_Update@button                                     cstackBANK0  00056
Button_DefaultCallback@button                                     cstackBANK0  00050
Button_Deviation_Update@button                                    cstackBANK0  0005A
Button_Deviation_Update@deviation                                 cstackBANK0  0005B
Button_Reading_Update@button                                      cstackBANK0  0005B
Button_Reading_Update_Helper@button                               cstackBANK0  0005A
Button_Service@button                                             cstackBANK0  00065
Button_Service@name                                               cstackBANK0  00064
Button_State_Initializing@button                                  cstackBANK0  0005D
Button_State_NotPressed@button                                    cstackBANK0  0005D
Button_State_Pressed@button                                       cstackBANK0  0005D
Button_Tick_helper@button                                         cstackBANK0  00052
DATAEE_ReadByte@bAdd                                              cstackBANK0  00050
DATAEE_WriteByte@GIEBitValue                                      cstackBANK0  00053
DATAEE_WriteByte@bAdd                                             cstackBANK0  00050
DATAEE_WriteByte@bData                                            cstackBANK0  00052
EUSART_Read@readValue                                             cstackBANK0  00051
EUSART_SetRxInterruptHandler@interruptHandler                     cstackBANK0  00050
EUSART_SetTxInterruptHandler@interruptHandler                     cstackBANK0  00050
EUSART_Write@txData                                               cstackBANK0  00051
MTOUCH_Button_Initialize@button                                   cstackBANK0  00059
MTOUCH_Button_Initialize@name                                     cstackBANK0  00058
MTOUCH_Button_InitializeAll@button                                cstackBANK0  0005B
MTOUCH_Button_ServiceAll@button                                   cstackBANK0  00067
MTOUCH_Button_Tick@i                                              cstackBANK0  00054
MTOUCH_Button_isPressed@name                                      cstackBANK0  00051
MTOUCH_Sensor_Calibrate@sensor                                    cstackBANK0  00055
MTOUCH_Sensor_Enable@sensor                                       cstackBANK0  00055
MTOUCH_Sensor_Initialize@sensor                                   cstackBANK0  00057
MTOUCH_Sensor_InitializeAll@sensor                                cstackBANK0  00059
MTOUCH_Sensor_RawSample_Get@name                                  cstackBANK0  00057
MTOUCH_Sensor_SampleAll@sensor                                    cstackBANK0  00067
MTOUCH_Sensor_Sampled_ResetAll@sensor                             cstackBANK0  00052
MTOUCH_Sensor_Service@sensor                                      cstackCOMMON 0007D
MTOUCH_Sensor_isCalibrated@sensor                                 cstackBANK0  00056
MTOUCH_Sensor_isEnabled@sensor                                    cstackBANK0  00055
MTOUCH_Sensor_wasSampled@sensor                                   cstackBANK0  00055
Sensor_DefaultCallback@sensor                                     cstackBANK0  00050
Sensor_FrequencyHopping@sensor                                    cstackBANK0  00065
Sensor_FrequencyHopping_Autotune_Process@frequencyIndex           cstackBANK0  00063
Sensor_FrequencyHopping_Autotune_Process@maxVariance              cstackBANK0  0005F
Sensor_FrequencyHopping_Autotune_Process@newfrequencyFound        cstackBANK0  0005C
Sensor_FrequencyHopping_Autotune_Process@selectedFrequency        cstackBANK0  00061
Sensor_FrequencyHopping_Autotune_Process@sensor                   cstackBANK0  00062
Sensor_FrequencyHopping_Autotune_Process@variance                 cstackBANK0  0005D
Sensor_FrequencyHopping_Autotune_Process@varianceOverLimitCounter bssBANK1     000D2
Sensor_RawSample_Update@result                                    cstackBANK0  0005D
Sensor_RawSample_Update@sensor                                    cstackBANK0  0005F
Sensor_Sampled_Reset@sensor                                       cstackBANK0  00050
Sensor_SetTrisBit@TrisBit                                         cstackBANK0  00050
Sensor_SetTrisBit@sensor                                          cstackBANK0  00051
Sensor_autoCalibration@name                                       cstackCOMMON 00078
Sensor_autoCalibration@sensor                                     cstackCOMMON 00079
Sensor_isCalibrated@sensor                                        cstackBANK0  00051
Sensor_isCalibratingAcqTime@sensor                                cstackBANK0  00050
Sensor_isEnabled@sensor                                           cstackBANK0  00050
Sensor_postAcquisitionProcess@name                                cstackBANK0  00062
Sensor_postAcquisitionProcess@sensor                              cstackBANK0  00063
Sensor_scheduleNextScan@sensor                                    cstackBANK0  0005A
Sensor_scheduleNextScan@skipScan                                  cstackBANK0  00059
Sensor_scheduleNextScan@state                                     cstackBANK0  00058
Sensor_setActive@sensor                                           cstackBANK0  00050
Sensor_setCalibratAcqTime@sensor                                  cstackCOMMON 00071
Sensor_setCalibrated@sensor                                       cstackCOMMON 00070
Sensor_setInactive@sensor                                         cstackBANK0  00050
Sensor_setSampled@sensor                                          cstackCOMMON 00070
TMR0_SetInterruptHandler@InterruptHandler                         cstackBANK0  00050
TMR1_SetInterruptHandler@InterruptHandler                         cstackBANK0  00050
TMR1_WriteTimer@timerVal                                          cstackCOMMON 00070
_ADACC                                                            (abs)        00090
_ADACQ                                                            (abs)        0009D
_ADCAP                                                            (abs)        0009B
_ADCC_ThresholdISR_mTouch                                         text81       01686
_ADCLK                                                            (abs)        00098
_ADCON0                                                           (abs)        00093
_ADCON0bits                                                       (abs)        00093
_ADCON1                                                           (abs)        00094
_ADCON2                                                           (abs)        00095
_ADCON3                                                           (abs)        00096
_ADFLTR                                                           (abs)        00114
_ADLTHH                                                           (abs)        0010F
_ADLTHL                                                           (abs)        0010E
_ADPCH                                                            (abs)        0009E
_ADPRE                                                            (abs)        0009C
_ADREF                                                            (abs)        0009A
_ADRPT                                                            (abs)        0010D
_ADSTPTH                                                          (abs)        00113
_ADSTPTL                                                          (abs)        00112
_ADUTHH                                                           (abs)        00111
_ADUTHL                                                           (abs)        00110
_ANSELA                                                           (abs)        00F38
_ANSELB                                                           (abs)        00F43
_ANSELC                                                           (abs)        00F4E
_BAUD1CON                                                         (abs)        0011F
_Button_Baseline_Initialize                                       text58       00BAB
_Button_Baseline_Update                                           text57       006C4
_Button_DefaultCallback                                           text56       00002
_Button_Deviation_Update                                          text63       00F79
_Button_Reading_Update                                            text59       0173F
_Button_Reading_Update_Helper                                     text60       00D04
_Button_Service                                                   text48       00D54
_Button_StateMachine                                              dataBANK1    000DC
_Button_State_Initializing                                        text52       00F17
_Button_State_NotPressed                                          text51       0058E
_Button_State_Pressed                                             text53       00EB7
_Button_Tick_helper                                               text26       00B58
_DATAEE_ReadByte                                                  text66       0175C
_DATAEE_WriteByte                                                 text6        00A7D
_EE_COMP_Flag                                                     bssBANK0     00035
_EE_COMP_RUN_CountDown_Min                                        bssBANK0     0003B
_EE_COMP_TOTAL_RUN_Count_Hr                                       bssBANK0     0003A
_EUSART_Initialize                                                text67       00B80
_EUSART_Read                                                      text4        007E0
_EUSART_Receive_ISR                                               text80       0096F
_EUSART_RxDefaultInterruptHandler                                 bssBANK1     000D8
_EUSART_SetRxInterruptHandler                                     text69       016BC
_EUSART_SetTxInterruptHandler                                     text68       016C5
_EUSART_Transmit_ISR                                              text79       009DD
_EUSART_TxDefaultInterruptHandler                                 bssBANK1     000DA
_EUSART_Write                                                     text2        00AE5
_GIE                                                              (abs)        0005F
_INTCONbits                                                       (abs)        0000B
_INTERRUPT_InterruptManager                                       intentry     00004
_LATA                                                             (abs)        00016
_LATB                                                             (abs)        00017
_LATC                                                             (abs)        00018
_LATCbits                                                         (abs)        00018
_Load_System_Setting                                              text65       0062F
_MTOUCH_Button_Initialize                                         text54       00C0D
_MTOUCH_Button_InitializeAll                                      text21       00A39
_MTOUCH_Button_ServiceAll                                         text47       01798
_MTOUCH_Button_Tick                                               text25       008BF
_MTOUCH_Button_isPressed                                          text64       009A5
_MTOUCH_Initialize                                                text15       0170A
_MTOUCH_Sensor_ADCC_Initialize                                    text17       008EF
_MTOUCH_Sensor_Calibrate                                          text55       00804
_MTOUCH_Sensor_Enable                                             text20       00817
_MTOUCH_Sensor_Initialize                                         text19       008D7
_MTOUCH_Sensor_InitializeAll                                      text18       00A5B
_MTOUCH_Sensor_RawSample_Get                                      text61       0093B
_MTOUCH_Sensor_SampleAll                                          text29       00B30
_MTOUCH_Sensor_Sampled_ResetAll                                   text27       0087E
_MTOUCH_Sensor_Scan_Initialize                                    text16       00801
_MTOUCH_Sensor_Service                                            text82       00C44
_MTOUCH_Sensor_isCalibrated                                       text50       00955
_MTOUCH_Sensor_isEnabled                                          text34       008A9
_MTOUCH_Sensor_isSampling                                         text46       01680
_MTOUCH_Sensor_wasSampled                                         text49       00893
_MTOUCH_Service_Mainloop                                          text22       009C1
_MTOUCH_Tick                                                      text24       01683
_MTOUCH_needReburst                                               text23       007FE
_NVMADRH                                                          (abs)        0081B
_NVMADRL                                                          (abs)        0081A
_NVMCON1bits                                                      (abs)        0081E
_NVMCON2                                                          (abs)        0081F
_NVMDATH                                                          (abs)        0081D
_NVMDATL                                                          (abs)        0081C
_ODCONA                                                           (abs)        00F3A
_ODCONB                                                           (abs)        00F45
_ODCONC                                                           (abs)        00F50
_OSCCON1                                                          (abs)        0088D
_OSCCON3                                                          (abs)        0088F
_OSCEN                                                            (abs)        00891
_OSCFRQ                                                           (abs)        00893
_OSCILLATOR_Initialize                                            text14       016F3
_OSCTUNE                                                          (abs)        00892
_PIE0bits                                                         (abs)        00716
_PIE1bits                                                         (abs)        00717
_PIE3bits                                                         (abs)        00719
_PIE4bits                                                         (abs)        0071A
_PIN_MANAGER_Initialize                                           text13       00AC2
_PIR0bits                                                         (abs)        0070C
_PIR1bits                                                         (abs)        0070D
_PIR3bits                                                         (abs)        0070F
_PIR4bits                                                         (abs)        00710
_PLLR                                                             (abs)        04480
_PMD0                                                             (abs)        00796
_PMD1                                                             (abs)        00797
_PMD2                                                             (abs)        00798
_PMD3                                                             (abs)        00799
_PMD4                                                             (abs)        0079A
_PMD5                                                             (abs)        0079B
_PMD_Initialize                                                   text12       016AB
_RC1REG                                                           (abs)        00119
_RC1STA                                                           (abs)        0011D
_RC1STAbits                                                       (abs)        0011D
_RC6PPS                                                           (abs)        00F26
_RXPPS                                                            (abs)        00ECB
_SLRCONA                                                          (abs)        00F3B
_SLRCONB                                                          (abs)        00F46
_SLRCONC                                                          (abs)        00F51
_SP1BRGH                                                          (abs)        0011C
_SP1BRGL                                                          (abs)        0011B
_SYSTEM_Initialize                                                text7        017EE
_Save_System_Setting                                              text5        00CBC
_Sensor_DefaultCallback                                           text43       00003
_Sensor_FrequencyHopping                                          text35       00869
_Sensor_FrequencyHopping_Autotune_Process                         text44       00439
_Sensor_RawSample_Update                                          text41       00B09
_Sensor_Sampled_Reset                                             text28       016E0
_Sensor_SetTrisBit                                                text33       00A18
_Sensor_autoCalibration                                           text90       00754
_Sensor_isCalibrated                                              text32       01716
_Sensor_isCalibratingAcqTime                                      text31       016E9
_Sensor_isEnabled                                                 text40       0177A
_Sensor_postAcquisitionProcess                                    text37       00E5D
_Sensor_scheduleNextScan                                          text30       00380
_Sensor_setActive                                                 text39       016CE
_Sensor_setCalibratAcqTime                                        text94       00921
_Sensor_setCalibrated                                             text93       01723
_Sensor_setInactive                                               text38       016D7
_Sensor_setSamplePeriod                                           text36       017DC
_Sensor_setSampled                                                text89       016A3
_T0CON0                                                           (abs)        0001E
_T0CON0bits                                                       (abs)        0001E
_T0CON1                                                           (abs)        0001F
_T1CLK                                                            (abs)        00211
_T1CON                                                            (abs)        0020E
_T1CONbits                                                        (abs)        0020E
_T1GATE                                                           (abs)        00210
_T1GCON                                                           (abs)        0020F
_T1GCONbits                                                       (abs)        0020F
_TMR0H                                                            (abs)        0001D
_TMR0L                                                            (abs)        0001C
_TMR0_DefaultInterruptHandler                                     text76       0167F
_TMR0_ISR                                                         text75       017B9
_TMR0_Initialize                                                  text10       00908
_TMR0_InterruptHandler                                            bssBANK0     00024
_TMR0_SetInterruptHandler                                         text11       0168B
_TMR1H                                                            (abs)        0020D
_TMR1L                                                            (abs)        0020C
_TMR1_DefaultInterruptHandler                                     text72       00800
_TMR1_ISR                                                         text71       00854
_TMR1_Initialize                                                  text8        009FA
_TMR1_InterruptHandler                                            bssBANK0     00028
_TMR1_SetInterruptHandler                                         text9        01691
_TMR1_WriteTimer                                                  text74       0174D
_TRISA                                                            (abs)        00011
_TRISAbits                                                        (abs)        00011
_TRISB                                                            (abs)        00012
_TRISC                                                            (abs)        00013
_TX1REG                                                           (abs)        0011A
_TX1STA                                                           (abs)        0011E
_TX1STAbits                                                       (abs)        0011E
_WPUA                                                             (abs)        00F39
_WPUB                                                             (abs)        00F44
_WPUC                                                             (abs)        00F4F
_WPUE                                                             (abs)        00F65
__CFG_BOREN$ON                                                    (abs)        00000
__CFG_BORV$LO                                                     (abs)        00000
__CFG_CLKOUTEN$OFF                                                (abs)        00000
__CFG_CP$OFF                                                      (abs)        00000
__CFG_CPD$OFF                                                     (abs)        00000
__CFG_CSWEN$ON                                                    (abs)        00000
__CFG_DEBUG$OFF                                                   (abs)        00000
__CFG_FCMEN$ON                                                    (abs)        00000
__CFG_FEXTOSC$OFF                                                 (abs)        00000
__CFG_LPBOREN$OFF                                                 (abs)        00000
__CFG_LVP$ON                                                      (abs)        00000
__CFG_MCLRE$ON                                                    (abs)        00000
__CFG_PPS1WAY$OFF                                                 (abs)        00000
__CFG_PWRTE$OFF                                                   (abs)        00000
__CFG_RSTOSC$HFINTPLL                                             (abs)        00000
__CFG_SCANE$available                                             (abs)        00000
__CFG_STVREN$ON                                                   (abs)        00000
__CFG_WDTCCS$SC                                                   (abs)        00000
__CFG_WDTCPS$WDTCPS_31                                            (abs)        00000
__CFG_WDTCWS$WDTCWS_7                                             (abs)        00000
__CFG_WDTE$OFF                                                    (abs)        00000
__CFG_WRT$OFF                                                     (abs)        00000
__CFG_ZCD$OFF                                                     (abs)        00000
__Habs1                                                           abs1         00000
__Hbank0                                                          bank0        00000
__Hbank1                                                          bank1        00000
__Hbank10                                                         bank10       00000
__Hbank11                                                         bank11       00000
__Hbank12                                                         bank12       00000
__Hbank13                                                         bank13       00000
__Hbank14                                                         bank14       00000
__Hbank15                                                         bank15       00000
__Hbank16                                                         bank16       00000
__Hbank17                                                         bank17       00000
__Hbank18                                                         bank18       00000
__Hbank19                                                         bank19       00000
__Hbank2                                                          bank2        00000
__Hbank20                                                         bank20       00000
__Hbank21                                                         bank21       00000
__Hbank22                                                         bank22       00000
__Hbank23                                                         bank23       00000
__Hbank24                                                         bank24       00000
__Hbank25                                                         bank25       00000
__Hbank26                                                         bank26       00000
__Hbank27                                                         bank27       00000
__Hbank28                                                         bank28       00000
__Hbank29                                                         bank29       00000
__Hbank3                                                          bank3        00000
__Hbank30                                                         bank30       00000
__Hbank31                                                         bank31       00000
__Hbank4                                                          bank4        00000
__Hbank5                                                          bank5        00000
__Hbank6                                                          bank6        00000
__Hbank7                                                          bank7        00000
__Hbank8                                                          bank8        00000
__Hbank9                                                          bank9        00000
__Hbigram                                                         bigram       00000
__HbssBANK0                                                       bssBANK0     00000
__HbssBANK1                                                       bssBANK1     00000
__HbssBANK2                                                       bssBANK2     00000
__HbssBANK3                                                       bssBANK3     00000
__Hcinit                                                          cinit        00063
__Hclrtext                                                        clrtext      00000
__Hcode                                                           code         00000
__Hcommon                                                         common       00000
__Hconfig                                                         config       0800C
__HcstackBANK0                                                    cstackBANK0  00000
__HcstackCOMMON                                                   cstackCOMMON 00000
__HdataBANK1                                                      dataBANK1    00000
__Heeprom_data                                                    eeprom_data  00000
__Hend_init                                                       end_init     00034
__Hfunctab                                                        functab      00000
__HidataBANK1                                                     idataBANK1   00000
__Hidloc                                                          idloc        00000
__Hinit                                                           init         00032
__Hinittext                                                       inittext     00000
__Hintentry                                                       intentry     00032
__Hmaintext                                                       maintext     00000
__Hpowerup                                                        powerup      00000
__Hram                                                            ram          00000
__Hreset_vec                                                      reset_vec    00002
__Hsfr0                                                           sfr0         00000
__Hsfr1                                                           sfr1         00000
__Hsfr10                                                          sfr10        00000
__Hsfr11                                                          sfr11        00000
__Hsfr12                                                          sfr12        00000
__Hsfr13                                                          sfr13        00000
__Hsfr14                                                          sfr14        00000
__Hsfr15                                                          sfr15        00000
__Hsfr16                                                          sfr16        00000
__Hsfr17                                                          sfr17        00000
__Hsfr18                                                          sfr18        00000
__Hsfr19                                                          sfr19        00000
__Hsfr2                                                           sfr2         00000
__Hsfr20                                                          sfr20        00000
__Hsfr21                                                          sfr21        00000
__Hsfr22                                                          sfr22        00000
__Hsfr23                                                          sfr23        00000
__Hsfr24                                                          sfr24        00000
__Hsfr25                                                          sfr25        00000
__Hsfr26                                                          sfr26        00000
__Hsfr27                                                          sfr27        00000
__Hsfr28                                                          sfr28        00000
__Hsfr29                                                          sfr29        00000
__Hsfr3                                                           sfr3         00000
__Hsfr30                                                          sfr30        00000
__Hsfr31                                                          sfr31        00000
__Hsfr4                                                           sfr4         00000
__Hsfr5                                                           sfr5         00000
__Hsfr6                                                           sfr6         00000
__Hsfr7                                                           sfr7         00000
__Hsfr8                                                           sfr8         00000
__Hsfr9                                                           sfr9         00000
__Hspace_0                                                        (abs)        0800C
__Hspace_1                                                        (abs)        001D0
__Hspace_2                                                        (abs)        00000
__Hspace_3                                                        (abs)        00000
__Hstack                                                          stack        00000
__Hstrings                                                        strings      00000
__Hstringtext1                                                    stringtext1  00000
__Hstringtext2                                                    stringtext2  00000
__Hstringtext3                                                    stringtext3  00000
__Hstringtext4                                                    stringtext4  00000
__Hstringtext5                                                    stringtext5  00000
__Hstringtext6                                                    stringtext6  00000
__Hstringtext7                                                    stringtext7  00000
__Hstringtext8                                                    stringtext8  00000
__Hstringtext9                                                    stringtext9  00000
__Htext                                                           text         00000
__Labs1                                                           abs1         00000
__Lbank0                                                          bank0        00000
__Lbank1                                                          bank1        00000
__Lbank10                                                         bank10       00000
__Lbank11                                                         bank11       00000
__Lbank12                                                         bank12       00000
__Lbank13                                                         bank13       00000
__Lbank14                                                         bank14       00000
__Lbank15                                                         bank15       00000
__Lbank16                                                         bank16       00000
__Lbank17                                                         bank17       00000
__Lbank18                                                         bank18       00000
__Lbank19                                                         bank19       00000
__Lbank2                                                          bank2        00000
__Lbank20                                                         bank20       00000
__Lbank21                                                         bank21       00000
__Lbank22                                                         bank22       00000
__Lbank23                                                         bank23       00000
__Lbank24                                                         bank24       00000
__Lbank25                                                         bank25       00000
__Lbank26                                                         bank26       00000
__Lbank27                                                         bank27       00000
__Lbank28                                                         bank28       00000
__Lbank29                                                         bank29       00000
__Lbank3                                                          bank3        00000
__Lbank30                                                         bank30       00000
__Lbank31                                                         bank31       00000
__Lbank4                                                          bank4        00000
__Lbank5                                                          bank5        00000
__Lbank6                                                          bank6        00000
__Lbank7                                                          bank7        00000
__Lbank8                                                          bank8        00000
__Lbank9                                                          bank9        00000
__Lbigram                                                         bigram       00000
__LbssBANK0                                                       bssBANK0     00000
__LbssBANK1                                                       bssBANK1     00000
__LbssBANK2                                                       bssBANK2     00000
__LbssBANK3                                                       bssBANK3     00000
__Lcinit                                                          cinit        00034
__Lclrtext                                                        clrtext      00000
__Lcode                                                           code         00000
__Lcommon                                                         common       00000
__Lconfig                                                         config       08007
__LcstackBANK0                                                    cstackBANK0  00000
__LcstackCOMMON                                                   cstackCOMMON 00000
__LdataBANK1                                                      dataBANK1    00000
__Leeprom_data                                                    eeprom_data  00000
__Lend_init                                                       end_init     00032
__Lfunctab                                                        functab      00000
__LidataBANK1                                                     idataBANK1   00000
__Lidloc                                                          idloc        00000
__Linit                                                           init         00032
__Linittext                                                       inittext     00000
__Lintentry                                                       intentry     00004
__Lmaintext                                                       maintext     00000
__Lpowerup                                                        powerup      00000
__Lram                                                            ram          00000
__Lreset_vec                                                      reset_vec    00000
__Lsfr0                                                           sfr0         00000
[...]
      Params:         1       0       0       0       0       0       0       0       0       0       0       0       0       0       0       0       0       0       0       0       0       0       0       0       0       0       0
      Locals:         2       0       0       0       0       0       0       0       0       0       0       0       0       0       0       0       0       0       0       0       0       0       0       0       0       0       0
      Temps:          1       0       0       0       0       0       0       0       0       0       0       0       0       0       0       0       0       0       0       0       0       0       0       0       0       0       0
      Totals:         4       0       0       0       0       0       0       0       0       0       0       0       0       0       0       0       0       0       0       0       0       0       0       0       0       0       0
Total ram usage:        4 bytes
 Hardware stack levels used:    1
 This function calls:
		Nothing
 This function is called by:
		_MTOUCH_Sensor_Service
		i1_Sensor_scheduleNextScan
		i1_MTOUCH_Sensor_isEnabled
		i1_MTOUCH_Sensor_wasSampled
 This function uses a non-reentrant model


 *************** function _Sensor_setSampled *****************
 Defined at:
		line 801 in file "mcc_generated_files/mtouch/mtouch_sensor.c"
 Parameters:    Size  Location     Type
  sensor          1    wreg     PTR struct .
		 -> mtouch_sensor(27), 
 Auto vars:     Size  Location     Type
  sensor          1    0[COMMON] PTR struct .
		 -> mtouch_sensor(27), 
 Return value:  Size  Location     Type
                  1    wreg      void 
 Registers used:
		wreg, fsr1l, fsr1h, status,2, status,0
 Tracked objects:
		On entry : 
		On exit  : 
		Unchanged: 
 Data sizes:     COMMON   BANK0   BANK1   BANK2   BANK3   BANK4   BANK5   BANK6   BANK7   BANK8   BANK9  BANK10  BANK11  BANK12  BANK13  BANK14  BANK15  BANK16  BANK17  BANK18  BANK19  BANK20  BANK21  BANK22  BANK23  BANK24  BANK25
      Params:         0       0       0       0       0       0       0       0       0       0       0       0       0       0       0       0       0       0       0       0       0       0       0       0       0       0       0
      Locals:         1       0       0       0       0       0       0       0       0       0       0       0       0       0       0       0       0       0       0       0       0       0       0       0       0       0       0
      Temps:          0       0       0       0       0       0       0       0       0       0       0       0       0       0       0       0       0       0       0       0       0       0       0       0       0       0       0
      Totals:         1       0       0       0       0       0       0       0       0       0       0       0       0       0       0       0       0       0       0       0       0       0       0       0       0       0       0
Total ram usage:        1 bytes
 Hardware stack levels used:    1
 This function calls:
		Nothing
 This function is called by:
		_MTOUCH_Sensor_Service
 This function uses a non-reentrant model


 *************** function _Sensor_autoCalibration *****************
 Defined at:
		line 370 in file "mcc_generated_files/mtouch/mtouch_sensor.c"
 Parameters:    Size  Location     Type
  sensor          1    wreg     PTR struct .
		 -> mtouch_sensor(27), 
 Auto vars:     Size  Location     Type
  sensor          1    9[COMMON] PTR struct .
		 -> mtouch_sensor(27), 
  name            1    8[COMMON] enum E11734
 Return value:  Size  Location     Type
                  1    wreg      enum E11738
 Registers used:
		wreg, fsr1l, fsr1h, status,2, status,0, pclath, cstack
 Tracked objects:
		On entry : 
		On exit  : 
		Unchanged: 
 Data sizes:     COMMON   BANK0   BANK1   BANK2   BANK3   BANK4   BANK5   BANK6   BANK7   BANK8   BANK9  BANK10  BANK11  BANK12  BANK13  BANK14  BANK15  BANK16  BANK17  BANK18  BANK19  BANK20  BANK21  BANK22  BANK23  BANK24  BANK25
      Params:         0       0       0       0       0       0       0       0       0       0       0       0       0       0       0       0       0       0       0       0       0       0       0       0       0       0       0
      Locals:         2       0       0       0       0       0       0       0       0       0       0       0       0       0       0       0       0       0       0       0       0       0       0       0       0       0       0
      Temps:          4       0       0       0       0       0       0       0       0       0       0       0       0       0       0       0       0       0       0       0       0       0       0       0       0       0       0
      Totals:         6       0       0       0       0       0       0       0       0       0       0       0       0       0       0       0       0       0       0       0       0       0       0       0       0       0       0
Total ram usage:        6 bytes
 Hardware stack levels used:    1
 Hardware stack levels required when called:    1
 This function calls:
		_Sensor_setCalibratAcqTime
		_Sensor_setCalibrated
		i1_Sensor_isCalibratingAcqTime
		i1_abs
 This function is called by:
		_MTOUCH_Sensor_Service
 This function uses a non-reentrant model


 *************** function i1_abs *****************
 Defined at:
		line 4 in file "C:\Program Files2\Microchip\xc8\v2.05\pic\sources\c90\common\abs.c"
 Parameters:    Size  Location     Type
  a               2    0[COMMON] int 
 Auto vars:     Size  Location     Type
		None
 Return value:  Size  Location     Type
                  2    0[COMMON] int 
 Registers used:
		wreg, status,2, status,0
 Tracked objects:
		On entry : 
		On exit  : 
		Unchanged: 
 Data sizes:     COMMON   BANK0   BANK1   BANK2   BANK3   BANK4   BANK5   BANK6   BANK7   BANK8   BANK9  BANK10  BANK11  BANK12  BANK13  BANK14  BANK15  BANK16  BANK17  BANK18  BANK19  BANK20  BANK21  BANK22  BANK23  BANK24  BANK25
      Params:         2       0       0       0       0       0       0       0       0       0       0       0       0       0       0       0       0       0       0       0       0       0       0       0       0       0       0
      Locals:         0       0       0       0       0       0       0       0       0       0       0       0       0       0       0       0       0       0       0       0       0       0       0       0       0       0       0
      Temps:          2       0       0       0       0       0       0       0       0       0       0       0       0       0       0       0       0       0       0       0       0       0       0       0       0       0       0
      Totals:         4       0       0       0       0       0       0       0       0       0       0       0       0       0       0       0       0       0       0       0       0       0       0       0       0       0       0
Total ram usage:        4 bytes
 Hardware stack levels used:    1
 This function calls:
		Nothing
 This function is called by:
		_Sensor_autoCalibration
 This function uses a non-reentrant model


 *************** function i1_Sensor_isCalibratingAcqTime *****************
 Defined at:
		line 766 in file "mcc_generated_files/mtouch/mtouch_sensor.c"
 Parameters:    Size  Location     Type
  sensor          1    wreg     PTR struct .
		 -> mtouch_sensor(27), 
 Auto vars:     Size  Location     Type
  sensor          1    0[COMMON] PTR struct .
		 -> mtouch_sensor(27), 
 Return value:  Size  Location     Type
                  1    wreg      unsigned char 
 Registers used:
		wreg, fsr1l, fsr1h, status,2, status,0
 Tracked objects:
		On entry : 
		On exit  : 
		Unchanged: 
 Data sizes:     COMMON   BANK0   BANK1   BANK2   BANK3   BANK4   BANK5   BANK6   BANK7   BANK8   BANK9  BANK10  BANK11  BANK12  BANK13  BANK14  BANK15  BANK16  BANK17  BANK18  BANK19  BANK20  BANK21  BANK22  BANK23  BANK24  BANK25
      Params:         0       0       0       0       0       0       0       0       0       0       0       0       0       0       0       0       0       0       0       0       0       0       0       0       0       0       0
      Locals:         1       0       0       0       0       0       0       0       0       0       0       0       0       0       0       0       0       0       0       0       0       0       0       0       0       0       0
      Temps:          0       0       0       0       0       0       0       0       0       0       0       0       0       0       0       0       0       0       0       0       0       0       0       0       0       0       0
      Totals:         1       0       0       0       0       0       0       0       0       0       0       0       0       0       0       0       0       0       0       0       0       0       0       0       0       0       0
Total ram usage:        1 bytes
 Hardware stack levels used:    1
 This function calls:
		Nothing
 This function is called by:
		_Sensor_autoCalibration
		i1_Sensor_scheduleNextScan
 This function uses a non-reentrant model


 *************** function _Sensor_setCalibrated *****************
 Defined at:
		line 753 in file "mcc_generated_files/mtouch/mtouch_sensor.c"
 Parameters:    Size  Location     Type
  sensor          1    wreg     PTR struct .
		 -> mtouch_sensor(27), 
 Auto vars:     Size  Location     Type
  sensor          1    0[COMMON] PTR struct .
		 -> mtouch_sensor(27), 
 Return value:  Size  Location     Type
                  1    wreg      void 
 Registers used:
		wreg, fsr1l, fsr1h, status,2, status,0
 Tracked objects:
		On entry : 
		On exit  : 
		Unchanged: 
 Data sizes:     COMMON   BANK0   BANK1   BANK2   BANK3   BANK4   BANK5   BANK6   BANK7   BANK8   BANK9  BANK10  BANK11  BANK12  BANK13  BANK14  BANK15  BANK16  BANK17  BANK18  BANK19  BANK20  BANK21  BANK22  BANK23  BANK24  BANK25
      Params:         0       0       0       0       0       0       0       0       0       0       0       0       0       0       0       0       0       0       0       0       0       0       0       0       0       0       0
      Locals:         1       0       0       0       0       0       0       0       0       0       0       0       0       0       0       0       0       0       0       0       0       0       0       0       0       0       0
      Temps:          0       0       0       0       0       0       0       0       0       0       0       0       0       0       0       0       0       0       0       0       0       0       0       0       0       0       0
      Totals:         1       0       0       0       0       0       0       0       0       0       0       0       0       0       0       0       0       0       0       0       0       0       0       0       0       0       0
Total ram usage:        1 bytes
 Hardware stack levels used:    1
 This function calls:
		Nothing
 This function is called by:
		_Sensor_autoCalibration
 This function uses a non-reentrant model


 *************** function _Sensor_setCalibratAcqTime *****************
 Defined at:
		line 759 in file "mcc_generated_files/mtouch/mtouch_sensor.c"
 Parameters:    Size  Location     Type
  sensor          1    wreg     PTR struct .
		 -> mtouch_sensor(27), 
 Auto vars:     Size  Location     Type
  sensor          1    1[COMMON] PTR struct .
		 -> mtouch_sensor(27), 
 Return value:  Size  Location     Type
                  1    wreg      void 
 Registers used:
		wreg, fsr1l, fsr1h, status,2, status,0
 Tracked objects:
		On entry : 
		On exit  : 
		Unchanged: 
 Data sizes:     COMMON   BANK0   BANK1   BANK2   BANK3   BANK4   BANK5   BANK6   BANK7   BANK8   BANK9  BANK10  BANK11  BANK12  BANK13  BANK14  BANK15  BANK16  BANK17  BANK18  BANK19  BANK20  BANK21  BANK22  BANK23  BANK24  BANK25
      Params:         0       0       0       0       0       0       0       0       0       0       0       0       0       0       0       0       0       0       0       0       0       0       0       0       0       0       0
      Locals:         1       0       0       0       0       0       0       0       0       0       0       0       0       0       0       0       0       0       0       0       0       0       0       0       0       0       0
      Temps:          1       0       0       0       0       0       0       0       0       0       0       0       0       0       0       0       0       0       0       0       0       0       0       0       0       0       0
      Totals:         2       0       0       0       0       0       0       0       0       0       0       0       0       0       0       0       0       0       0       0       0       0       0       0       0       0       0
Total ram usage:        2 bytes
 Hardware stack levels used:    1
 This function calls:
		Nothing
 This function is called by:
		_Sensor_autoCalibration
 This function uses a non-reentrant model



MODULE INFORMATION

Module		Function		Class		Link	Load	Size
mcc_generated_files/mtouch/mtouch_button.c
		_Button_Deviation_Update		CODE           	0F79	0000	136
		_MTOUCH_Button_isPressed		CODE           	09A5	0000	29
		_MTOUCH_Button_Initialize		CODE           	0C0D	0000	56
		_Button_Tick_helper		CODE           	0B58	0000	41
		_MTOUCH_Button_InitializeAll		CODE           	0A39	0000	35
		_Button_Baseline_Update		CODE           	06C4	0000	145
		_Button_State_Pressed		CODE           	0EB7	0000	97
		_Button_Reading_Update		CODE           	173F	0000	15
		_Button_DefaultCallback		CODE           	0002	0000	2
		_MTOUCH_Button_Tick		CODE           	08BF	0000	25
		_Button_State_NotPressed		CODE           	058E	0000	162
		_Button_Reading_Update_Helper		CODE           	0D04	0000	81
		_Button_Service		CODE           	0D54	0000	86
		_Button_State_Initializing		CODE           	0F17	0000	99
		_MTOUCH_Button_ServiceAll		CODE           	1798	0000	17
		_Button_Baseline_Initialize		CODE           	0BAB	0000	48

mcc_generated_files/mtouch/mtouch_button.c estimated size: 1074

C:\Program Files2\Microchip\xc8\v2.05\pic\sources\c90\common\abs.c
		_abs           		CODE           	176B	0000	16

C:\Program Files2\Microchip\xc8\v2.05\pic\sources\c90\common\abs.c estimated size: 16

mcc_generated_files/interrupt_manager.c
		_INTERRUPT_InterruptManager		CODE           	0004	0000	47

mcc_generated_files/interrupt_manager.c estimated size: 47

mcc_generated_files/tmr0.c
		_TMR0_SetInterruptHandler		CODE           	168B	0000	7
		_TMR0_DefaultInterruptHandler		CODE           	167F	0000	2
		_TMR0_ISR      		CODE           	17B9	0000	18
		_TMR0_Initialize		CODE           	0908	0000	26

mcc_generated_files/tmr0.c estimated size: 53

mcc_generated_files/mtouch/mtouch.c
		_MTOUCH_Tick   		CODE           	1683	0000	4
		_MTOUCH_Initialize		CODE           	170A	0000	13
		_MTOUCH_Service_Mainloop		CODE           	09C1	0000	29
		_MTOUCH_needReburst		CODE           	07FE	0000	3

mcc_generated_files/mtouch/mtouch.c estimated size: 49

mcc_generated_files/pin_manager.c
		_PIN_MANAGER_Initialize		CODE           	0AC2	0000	36

mcc_generated_files/pin_manager.c estimated size: 36

C:\Program Files2\Microchip\xc8\v2.05\pic\sources\c90\common\Umul8.c
		___bmul        		CODE           	17CA	0000	19

C:\Program Files2\Microchip\xc8\v2.05\pic\sources\c90\common\Umul8.c estimated size: 19

shared
		i1_Sensor_isCalibrated		CODE           	16FE	0000	13
		i1_abs         		CODE           	1731	0000	15
		_u16_SLEEP_StartDelay_Sec		STRCODE        	0000	0000	0
		i1_MTOUCH_Button_isPressed		CODE           	098A	0000	28
		_i8_COMP_ON_Temperature		STRCODE        	0000	0000	0
		_u8_seg        		STRCODE        	1800	0000	15
		_u16_COMP_StartDelay_Sec		STRCODE        	0000	0000	0
		i1_Sensor_isCalibratingAcqTime		CODE           	16B3	0000	10
		_u8_SuperCool_Hr		STRCODE        	0000	0000	0
		__initialization		CODE           	0034	0000	44
		_mtouch_button_init		STRCODE        	1000	0000	49
		_mtouch_sensor_init		STRCODE        	1030	0000	28
		i1___bmul      		CODE           	17A8	0000	18
		_i8_PC_TemperatureOffset		STRCODE        	0000	0000	0
		i1_Sensor_SetTrisBit		CODE           	0A9F	0000	36
		i1_MTOUCH_Sensor_wasSampled		CODE           	083F	0000	22
		i1_MTOUCH_Sensor_isEnabled		CODE           	082A	0000	22
		_i8_FC_TemperatureOffset		STRCODE        	0000	0000	0
		i1_Sensor_scheduleNextScan		CODE           	04E6	0000	169

shared estimated size: 469

mcc_generated_files/mcc.c
		_PMD_Initialize		CODE           	16AB	0000	9
		_OSCILLATOR_Initialize		CODE           	16F3	0000	12
		_SYSTEM_Initialize		CODE           	17EE	0000	19

mcc_generated_files/mcc.c estimated size: 40

mcc_generated_files/tmr1.c
		_TMR1_Initialize		CODE           	09FA	0000	31
		_TMR1_SetInterruptHandler		CODE           	1691	0000	7
		_TMR1_DefaultInterruptHandler		CODE           	0800	0000	2
		_TMR1_WriteTimer		CODE           	174D	0000	16
		_TMR1_ISR      		CODE           	0854	0000	22

mcc_generated_files/tmr1.c estimated size: 78

mcc_generated_files/memory.c
		_DATAEE_WriteByte		CODE           	0A7D	0000	35
		_DATAEE_ReadByte		CODE           	175C	0000	16

mcc_generated_files/memory.c estimated size: 51

mcc_generated_files/eusart.c
		_EUSART_SetRxInterruptHandler		CODE           	16BC	0000	10
		_EUSART_SetTxInterruptHandler		CODE           	16C5	0000	10
		_EUSART_Read   		CODE           	07E0	0000	31
		_EUSART_Write  		CODE           	0AE5	0000	37
		_EUSART_Transmit_ISR		CODE           	09DD	0000	30
		_EUSART_Initialize		CODE           	0B80	0000	44
		_EUSART_Receive_ISR		CODE           	096F	0000	28

mcc_generated_files/eusart.c estimated size: 190

main.c
		_Save_System_Setting		CODE           	0CBC	0000	73
		_Load_System_Setting		CODE           	062F	0000	150
		_main          		CODE           	0063	0000	451
		_v_seg_display 		CODE           	0E03	0000	91
		_v_uart_receive_data		CODE           	0BDA	0000	52
		_v_service_routine		CODE           	0DA9	0000	91
		_v_uart_send_data		CODE           	0C7D	0000	64

main.c estimated size: 972

mcc_generated_files/mtouch/mtouch_sensor.c
		_Sensor_setCalibrated		CODE           	1723	0000	15
		_MTOUCH_Sensor_isEnabled		CODE           	08A9	0000	23
		_Sensor_postAcquisitionProcess		CODE           	0E5D	0000	91
		_Sensor_FrequencyHopping_Autotune_Process		CODE           	0439	0000	174
		_Sensor_isCalibrated		CODE           	1716	0000	14
		_MTOUCH_Sensor_Initialize		CODE           	08D7	0000	25
		_Sensor_scheduleNextScan		CODE           	0380	0000	186
		_Sensor_Sampled_Reset		CODE           	16E0	0000	10
		_MTOUCH_Sensor_InitializeAll		CODE           	0A5B	0000	35
		_MTOUCH_Sensor_Service		CODE           	0C44	0000	58
		_Sensor_DefaultCallback		CODE           	0003	0000	2
		_MTOUCH_Sensor_ADCC_Initialize		CODE           	08EF	0000	26
		_medianFilter  		CODE           	0225	0000	348
		_Sensor_isEnabled		CODE           	177A	0000	16
		_MTOUCH_Sensor_isCalibrated		CODE           	0955	0000	27
		_MTOUCH_Sensor_Calibrate		CODE           	0804	0000	20
		_MTOUCH_Sensor_Sampled_ResetAll		CODE           	087E	0000	22
		_Sensor_setActive		CODE           	16CE	0000	10
		_MTOUCH_Sensor_Enable		CODE           	0817	0000	20
		_Sensor_setSampled		CODE           	16A3	0000	9
		_Sensor_isCalibratingAcqTime		CODE           	16E9	0000	11
		_MTOUCH_Sensor_RawSample_Get		CODE           	093B	0000	27
		_MTOUCH_Sensor_SampleAll		CODE           	0B30	0000	41
		_MTOUCH_Sensor_wasSampled		CODE           	0893	0000	23
		_Sensor_SetTrisBit		CODE           	0A18	0000	34
		_Sensor_autoCalibration		CODE           	0754	0000	141
		_MTOUCH_Sensor_Scan_Initialize		CODE           	0801	0000	4
		_ADCC_ThresholdISR_mTouch		CODE           	1686	0000	6
		_Sensor_RawSample_Update		CODE           	0B09	0000	40
		_MTOUCH_Sensor_isSampling		CODE           	1680	0000	4
		_Sensor_setCalibratAcqTime		CODE           	0921	0000	27
		_Sensor_setSamplePeriod		CODE           	17DC	0000	19
		_Sensor_FrequencyHopping		CODE           	0869	0000	22
		_Sensor_setInactive		CODE           	16D7	0000	10

mcc_generated_files/mtouch/mtouch_sensor.c estimated size: 1540

