Microchip MPLAB XC8 Compiler V2.05 ()

Linker command line:

-W-3 --edf=C:\Program Files2\Microchip\xc8\v2.05\pic\dat\en_msgs.txt -cs \
  -h+dist/default/production\W-F-DB-C3-V2.1.X.production.sym \
  --cmf=dist/default/production\W-F-DB-C3-V2.1.X.production.cmf -z \
  -Q16F18856 -oC:\Users\raiha\AppData\Local\Temp\s3l4.2 \
  --defsym=__MPLAB_BUILD=1 \
  -Mdist/default/production/W-F-DB-C3-V2.1.X.production.map -E1 -ver=XC8 \
  --acfsm=1493 -ASTACK=02170h-027EFh -pstack=STACK -ACODE=00h-07FFhx8 \
  -ASTRCODE=00h-03FFFh -ASTRING=00h-0FFhx64 -ACONST=00h-0FFhx64 \
  -AENTRY=00h-0FFhx64 -ACOMMON=070h-07Fh -ABANK0=020h-06Fh \
  -ABANK1=0A0h-0EFh -ABANK2=0120h-016Fh -ABANK3=01A0h-01EFh \
  -ABANK4=0220h-026Fh -ABANK5=02A0h-02EFh -ABANK6=0320h-036Fh \
  -ABANK7=03A0h-03EFh -ABANK8=0420h-046Fh -ABANK9=04A0h-04EFh \
  -ABANK10=0520h-056Fh -ABANK11=05A0h-05EFh -ABANK12=0620h-066Fh \
  -ABANK13=06A0h-06EFh -ABANK14=0720h-076Fh -ABANK15=07A0h-07EFh \
  -ABANK16=0820h-086Fh -ABANK17=08A0h-08EFh -ABANK18=0920h-096Fh \
  -ABANK19=09A0h-09EFh -ABANK20=0A20h-0A6Fh -ABANK21=0AA0h-0AEFh \
  -ABANK22=0B20h-0B6Fh -ABANK23=0BA0h-0BEFh -ABANK24=0C20h-0C6Fh \
  -ABANK25=0CA0h-0CBFh -ABIGRAM=02000h-027EFh \
  -ARAM=020h-06Fh,0A0h-0EFh,0120h-016Fh,01A0h-01EFh,0220h-026Fh,02A0h-02EFh,0320h-036Fh,03A0h-03EFh,0420h-046Fh,04A0h-04EFh,0520h-056Fh,05A0h-05EFh,0620h-066Fh,06A0h-06EFh,0720h-076Fh,07A0h-07EFh,0820h-086Fh,08A0h-08EFh,0920h-096Fh,09A0h-09EFh,0A20h-0A6Fh,0AA0h-0AEFh,0B20h-0B6Fh,0BA0h-0BEFh,0C20h-0C6Fh,0CA0h-0CBFh \
  -AABS1=020h-07Fh,0A0h-0EFh,0120h-016Fh,01A0h-01EFh,0220h-026Fh,02A0h-02EFh,0320h-036Fh,03A0h-03EFh,0420h-046Fh,04A0h-04EFh,0520h-056Fh,05A0h-05EFh,0620h-066Fh,06A0h-06EFh,0720h-076Fh,07A0h-07EFh,0820h-086Fh,08A0h-08EFh,0920h-096Fh,09A0h-09EFh,0A20h-0A6Fh,0AA0h-0AEFh,0B20h-0B6Fh,0BA0h-0BEFh,0C20h-0C6Fh,0CA0h-0CBFh \
  -ASFR0=00h-01Fh -ASFR1=080h-09Fh -ASFR2=0100h-011Fh -ASFR3=0180h-019Fh \
  -ASFR4=0200h-021Fh -ASFR5=0280h-029Fh -ASFR6=0300h-031Fh \
  -ASFR7=0380h-039Fh -ASFR8=0400h-041Fh -ASFR9=0480h-049Fh \
  -ASFR10=0500h-051Fh -ASFR11=0580h-059Fh -ASFR12=0600h-061Fh \
  -ASFR13=0680h-069Fh -ASFR14=0700h-071Fh -ASFR15=0780h-079Fh \
  -ASFR16=0800h-081Fh -ASFR17=0880h-089Fh -ASFR18=0900h-091Fh \
  -ASFR19=0980h-099Fh -ASFR20=0A00h-0A1Fh -ASFR21=0A80h-0A9Fh \
  -ASFR22=0B00h-0B1Fh -ASFR23=0B80h-0B9Fh -ASFR24=0C00h-0C1Fh \
  -ASFR25=0C80h-0C9Fh -ASFR26=0D00h-0D6Fh -ASFR27=0D80h-0DEFh \
  -ASFR28=0E00h-0E6Fh -ASFR29=0E80h-0EEFh -ASFR30=0F00h-0F6Fh \
  -ASFR31=0F80h-0FEFh -preset_vec=00h,intentry=04h,init,end_init \
  -ppowerup=CODE -pcinit=CODE -pfunctab=ENTRY -ACONFIG=08007h-0800Bh \
  -pconfig=CONFIG -DCONFIG=2 -AIDLOC=08000h-08003h -pidloc=IDLOC -DIDLOC=2 \
  -AEEDATA=00h-0FFh/0F000h -peeprom_data=EEDATA -DEEDATA=2 -DCODE=2 \
  -DSTRCODE=2 -DSTRING=2 -DCONST=2 -DENTRY=2 -k \
  C:\Users\raiha\AppData\Local\Temp\s3l4.o \
  dist/default/production\W-F-DB-C3-V2.1.X.production.o 

Object code version is 3.11

Machine type is 16F18856



                Name                               Link     Load   Length Selector   Space Scale
C:\Users\raiha\AppData\Local\Temp\s3l4.o
                end_init                             32       32        2        8       0
                reset_vec                             0        0        2        0       0
                config                             8007     8007        5    1000E       0
dist/default/production\W-F-DB-C3-V2.1.X.production.o
                cinit                                34       34       2F        8       0
                intentry                              4        4       2E        8       0
                text106                            12D4     12D4       1A     25A8       0
                text105                            10A7     10A7        E     214E       0
                text104                            1025     1025        9     204A       0
                text103                            1242     1242       17     2484       0
                text102                             B51      B51       8D     16A2       0
                text101                            101D     101D        8     203A       0
                text100                            110F     110F       11     221E       0
                text99                             1158     1158       15     22B0       0
                text98                             116D     116D       15     22DA       0
                text97                             158F     158F       2B     2B1E       0
                text96                             1082     1082        C     2104       0
                text95                              754      754       A4        8       0
                text94                             1673     1673       37     2CE6       0
                text93                             1006     1006        5     200C       0
                text92                             1323     1323       1C     2646       0
                text91                             1394     1394       1E     2728       0
                text90                             1308     1308       1B     2610       0
                text89                             1718     1718       48     2E30       0
                text88                             1FF9     1FF9        1     3FF2       0
                text87                             1182     1182       15     2304       0
                text86                             10C3     10C3        F     2186       0
                text85                              A53      A53       77     14A6       0
                text84                             1FFA     1FFA        1     3FF4       0
                text83                             1197     1197       15     232E       0
                text81                             133F     133F       1C     267E       0
                text80                              ACA      ACA       87     1594       0
                text79                             1120     1120       12     2240       0
                text78                             12EE     12EE       1A     25DC       0
                text77                             1760     1760       50     2EC0       0
                text76                             10B5     10B5        E     216A       0
                text75                             1612     1612       2F     2C24       0
                text74                              BDE      BDE       90     17BC       0
                text73                             1FFB     1FFB        1     3FF6       0
                text72                             1132     1132       13     2264       0
                text71                             16AA     16AA       37     2D54       0
                text70                              923      923       60     1246       0
                text69                              983      983       62     1306       0
                text68                              C6E      C6E       A1     18DC       0
                text67                              800      800       1A     1000       0
                text66                             1200     1200       16     2400       0
                text65                              81A      81A       56     1034       0
                text64                             10FF     10FF       10     21FE       0
                text63                             1FFD     1FFD        3     3FFA       0
                text62                             1289     1289       19     2512       0
                text61                              E6E      E6E       C2     1CDC       0
                text60                             1FFC     1FFC        1     3FF8       0
                text59                              2BD      2BD      170        8       0
                text58                             149D     149D       27     293A       0
                text57                             10D2     10D2        F     21A4       0
                text56                             102E     102E        9     205C       0
                text55                             1037     1037        9     206E       0
                text54                              8C8      8C8       5B     1190       0
                text53                             1216     1216       16     242C       0
                text52                             11AC     11AC       15     2358       0
                text51                             122C     122C       16     2458       0
                text50                             1514     1514       29     2A28       0
                text49                             109A     109A        D     2134       0
                text48                             106D     106D        A     20DA       0
                text47                              DB0      DB0       BE     1B60       0
                text46                             14C4     14C4       28     2988       0
                text45                             1040     1040        9     2080       0
                text44                             11C1     11C1       15     2382       0
                text43                             14EC     14EC       28     29D8       0
                text42                             1259     1259       18     24B2       0
                text41                             1000     1000        3     1E60       0
                text40                                2        2        2        0       0
                text39                             1377     1377       1D     26EE       0
                text38                             1049     1049        9     2092       0
                text37                             1052     1052        9     20A4       0
                text36                             15E5     15E5       2D     2BCA       0
                text35                             153D     153D       29     2A7A       0
                text34                             13D0     13D0       20     27A0       0
                text33                             1145     1145       13     228A       0
                text32                             1271     1271       18     24E2       0
                text31                             13F0     13F0       20     27E0       0
                text30                             12A2     12A2       19     2544       0
                text29                             1003     1003        3     2006       0
                text28                             108E     108E        C     211C       0
                text27                             1077     1077        B     20EE       0
                text26                             1453     1453       24     28A6       0
                text25                              7F8      7F8        8        8       0
                text24                             105B     105B        9     20B6       0
                text23                             135B     135B       1C     26B6       0
                text22                             1064     1064        9     20C8       0
                text21                             13B2     13B2       1E     2764       0
                text20                             11D6     11D6       15     23AC       0
                text19                              57E      57E       F7        8       0
                text18                              675      675       DF        8       0
                text17                             1566     1566       29     2ACC       0
                text16                             100B     100B        6     2016       0
                text15                             16E1     16E1       37     2DC2       0
                text14                             1477     1477       26     28EE       0
                text13                             12BB     12BB       19     2576       0
                text12                             17B0     17B0       50     2F60       0
                text11                              42D      42D      151        8       0
                text10                              F30      F30       D0     1E60       0
                text9                              1641     1641       32     2C82       0
                text8                              11EB     11EB       15     23D6       0
                text7                              10E1     10E1        F     21C2       0
                text6                               D0F      D0F       A1     1A1E       0
                text5                              1431     1431       22     2862       0
                text4                               9E5      9E5       6E     13CA       0
                text3                              1410     1410       21     2820       0
                text2                               870      870       58     10E0       0
                text1                              15BA     15BA       2B     2B74       0
                maintext                             63       63      25A        8       0
                cstackBANK0                          20       20       50       20       1
                cstackCOMMON                         70       70        E       70       1
                cstackBANK1                          E1       E1        E       A0       1
                clrtext                            1011     1011        6     2022       0
                inittext                           1017     1017        6     202E       0
                bssBANK4                            220      220       30      220       1
                bssBANK3                            1A0      1A0       43      1A0       1
                dataBANK2                           15A      15A        F      120       1
                bssBANK2                            120      120       3A      120       1
                bssBANK1                             A0       A0       41       A0       1
                stringtext9                        1800     1800       31     3000       0
                stringtext8                        1831     1831       30     3000       0
                stringtext7                        2007     2007        1     4000       0
                stringtext6                        2006     2006        1     4000       0
                stringtext5                        2005     2005        1     4000       0
                stringtext4                        2004     2004        1     4000       0
                stringtext3                        2002     2002        2     4000       0
                stringtext2                        2000     2000        2     4000       0
                stringtext1                        1861     1861       14     3000       0
                idataBANK2                         10F0     10F0        F     21E0       0

TOTAL           Name                               Link     Load   Length     Space
        CLASS   STACK          

        CLASS   CODE           
                end_init                             32       32        2         0
                cinit                                34       34       2F         0
                intentry                              4        4       2E         0
                reset_vec                             0        0        2         0
                text106                            12D4     12D4       1A         0
                text105                            10A7     10A7        E         0
                text104                            1025     1025        9         0
                text103                            1242     1242       17         0
                text102                             B51      B51       8D         0
                text101                            101D     101D        8         0
                text100                            110F     110F       11         0
                text99                             1158     1158       15         0
                text98                             116D     116D       15         0
                text97                             158F     158F       2B         0
                text96                             1082     1082        C         0
                text95                              754      754       A4         0
                text94                             1673     1673       37         0
                text93                             1006     1006        5         0
                text92                             1323     1323       1C         0
                text91                             1394     1394       1E         0
                text90                             1308     1308       1B         0
                text89                             1718     1718       48         0
                text88                             1FF9     1FF9        1         0
                text87                             1182     1182       15         0
                text86                             10C3     10C3        F         0
                text85                              A53      A53       77         0
                text84                             1FFA     1FFA        1         0
                text83                             1197     1197       15         0
                text81                             133F     133F       1C         0
                text80                              ACA      ACA       87         0
                text79                             1120     1120       12         0
                text78                             12EE     12EE       1A         0
                text77                             1760     1760       50         0
                text76                             10B5     10B5        E         0
                text75                             1612     1612       2F         0
                text74                              BDE      BDE       90         0
                text73                             1FFB     1FFB        1         0
                text72                             1132     1132       13         0
                text71                             16AA     16AA       37         0
                text70                              923      923       60         0
                text69                              983      983       62         0
                text68                              C6E      C6E       A1         0
                text67                              800      800       1A         0
                text66                             1200     1200       16         0
                text65                              81A      81A       56         0
                text64                             10FF     10FF       10         0
                text63                             1FFD     1FFD        3         0
                text62                             1289     1289       19         0
                text61                              E6E      E6E       C2         0
                text60                             1FFC     1FFC        1         0
                text59                              2BD      2BD      170         0
                text58                             149D     149D       27         0
                text57                             10D2     10D2        F         0
                text56                             102E     102E        9         0
                text55                             1037     1037        9         0
                text54                              8C8      8C8       5B         0
                text53                             1216     1216       16         0
                text52                             11AC     11AC       15         0
                text51                             122C     122C       16         0
                text50                             1514     1514       29         0
                text49                             109A     109A        D         0
                text48                             106D     106D        A         0
                text47                              DB0      DB0       BE         0
                text46                             14C4     14C4       28         0
                text45                             1040     1040        9         0
                text44                             11C1     11C1       15         0
                text43                             14EC     14EC       28         0
                text42                             1259     1259       18         0
                text41                             1000     1000        3         0
                text40                                2        2        2         0
                text39                             1377     1377       1D         0
                text38                             1049     1049        9         0
                text37                             1052     1052        9         0
                text36                             15E5     15E5       2D         0
                text35                             153D     153D       29         0
                text34                             13D0     13D0       20         0
                text33                             1145     1145       13         0
                text32                             1271     1271       18         0
                text31                             13F0     13F0       20         0
                text30                             12A2     12A2       19         0
                text29                             1003     1003        3         0
                text28                             108E     108E        C         0
                text27                             1077     1077        B         0
                text26                             1453     1453       24         0
                text25                              7F8      7F8        8         0
                text24                             105B     105B        9         0
                text23                             135B     135B       1C         0
                text22                             1064     1064        9         0
                text21                             13B2     13B2       1E         0
                text20                             11D6     11D6       15         0
                text19                              57E      57E       F7         0
                text18                              675      675       DF         0
                text17                             1566     1566       29         0
                text16                             100B     100B        6         0
                text15                             16E1     16E1       37         0
                text14                             1477     1477       26         0
                text13                             12BB     12BB       19         0
                text12                             17B0     17B0       50         0
                text11                              42D      42D      151         0
                text10                              F30      F30       D0         0
                text9                              1641     1641       32         0
                text8                              11EB     11EB       15         0
                text7                              10E1     10E1        F         0
                text6                               D0F      D0F       A1         0
                text5                              1431     1431       22         0
                text4                               9E5      9E5       6E         0
                text3                              1410     1410       21         0
                text2                               870      870       58         0
                text1                              15BA     15BA       2B         0
                maintext                             63       63      25A         0
                clrtext                            1011     1011        6         0
                inittext                           1017     1017        6         0
                idataBANK2                         10F0     10F0        F         0

        CLASS   STRCODE        
                stringtext9                        1800     1800       31         0
                stringtext8                        1831     1831       30         0
                stringtext7                        2007     2007        1         0
                stringtext6                        2006     2006        1         0
                stringtext5                        2005     2005        1         0
                stringtext4                        2004     2004        1         0
                stringtext3                        2002     2002        2         0
                stringtext2                        2000     2000        2         0
                stringtext1                        1861     1861       14         0

        CLASS   STRING         

        CLASS   CONST          

        CLASS   ENTRY          

        CLASS   COMMON         
                cstackCOMMON                         70       70        E         1

        CLASS   BANK0          
                cstackBANK0                          20       20       50         1

        CLASS   BANK1          
                cstackBANK1                          E1       E1        E         1
                bssBANK1                             A0       A0       41         1

        CLASS   BANK2          
                dataBANK2                           15A      15A        F         1
                bssBANK2                            120      120       3A         1

        CLASS   BANK3          
                bssBANK3                            1A0      1A0       43         1

        CLASS   BANK4          
                bssBANK4                            220      220       30         1

        CLASS   BANK5          

        CLASS   BANK6          

        CLASS   BANK7          

        CLASS   BANK8          

        CLASS   BANK9          

        CLASS   BANK10         

        CLASS   BANK11         

        CLASS   BANK12         

        CLASS   BANK13         

        CLASS   BANK14         

        CLASS   BANK15         

        CLASS   BANK16         

        CLASS   BANK17         

        CLASS   BANK18         

        CLASS   BANK19         

        CLASS   BANK20         

        CLASS   BANK21         

        CLASS   BANK22         

        CLASS   BANK23         

        CLASS   BANK24         

        CLASS   BANK25         

        CLASS   BIGRAM         

        CLASS   RAM            

        CLASS   ABS1           
                abs_s1                               7E       7E        2         1

        CLASS   SFR0           

        CLASS   SFR1           

        CLASS   SFR2           

        CLASS   SFR3           

        CLASS   SFR4           

        CLASS   SFR5           

        CLASS   SFR6           

        CLASS   SFR7           

        CLASS   SFR8           

        CLASS   SFR9           

        CLASS   SFR10          

        CLASS   SFR11          

        CLASS   SFR12          

        CLASS   SFR13          

        CLASS   SFR14          

        CLASS   SFR15          

        CLASS   SFR16          

        CLASS   SFR17          

        CLASS   SFR18          

        CLASS   SFR19          

        CLASS   SFR20          

        CLASS   SFR21          

        CLASS   SFR22          

        CLASS   SFR23          

        CLASS   SFR24          

        CLASS   SFR25          

        CLASS   SFR26          

        CLASS   SFR27          

        CLASS   SFR28          

        CLASS   SFR29          

        CLASS   SFR30          

        CLASS   SFR31          

        CLASS   CONFIG         
                config                             8007     8007        5         0

        CLASS   IDLOC          

        CLASS   EEDATA         

        CLASS   BANK31         

        CLASS   BANK30         

        CLASS   BANK29         

        CLASS   BANK28         

        CLASS   BANK27         

        CLASS   BANK26         



SEGMENTS        Name                           Load    Length   Top    Selector   Space  Class     Delta

                reset_vec                      000000  000004  000004         0       0  CODE        2
                intentry                       000004  0007FC  000800         8       0  CODE        2
                cstackBANK0                    000020  000050  000070        20       1  BANK0       1
                cstackCOMMON                   000070  00000E  00007E        70       1  COMMON      1
                bssBANK1                       0000A0  00004F  0000EF        A0       1  BANK1       1
                bssBANK2                       000120  000049  000169       120       1  BANK2       1
                bssBANK3                       0001A0  000043  0001E3       1A0       1  BANK3       1
                bssBANK4                       000220  000030  000250       220       1  BANK4       1
                text67                         000800  00001A  00081A      1000       0  CODE        2
                text65                         00081A  000056  000870      1034       0  CODE        2
                text2                          000870  000058  0008C8      10E0       0  CODE        2
                text54                         0008C8  00005B  000923      1190       0  CODE        2
                text70                         000923  000060  000983      1246       0  CODE        2
                text69                         000983  000062  0009E5      1306       0  CODE        2
                text4                          0009E5  00006E  000A53      13CA       0  CODE        2
                text85                         000A53  000077  000ACA      14A6       0  CODE        2
                text80                         000ACA  000087  000B51      1594       0  CODE        2
                text102                        000B51  00008D  000BDE      16A2       0  CODE        2
                text74                         000BDE  000090  000C6E      17BC       0  CODE        2
                text68                         000C6E  0000A1  000D0F      18DC       0  CODE        2
                text6                          000D0F  0000A1  000DB0      1A1E       0  CODE        2
                text47                         000DB0  0000BE  000E6E      1B60       0  CODE        2
                text61                         000E6E  0000C2  000F30      1CDC       0  CODE        2
                text10                         000F30  0000D3  001003      1E60       0  CODE        2
                text29                         001003  000003  001006      2006       0  CODE        2
                text93                         001006  000005  00100B      200C       0  CODE        2
                text16                         00100B  000006  001011      2016       0  CODE        2
                clrtext                        001011  000006  001017      2022       0  CODE        2
                inittext                       001017  000006  00101D      202E       0  CODE        2
                text101                        00101D  000008  001025      203A       0  CODE        2
                text104                        001025  000009  00102E      204A       0  CODE        2
                text56                         00102E  000009  001037      205C       0  CODE        2
                text55                         001037  000009  001040      206E       0  CODE        2
                text45                         001040  000009  001049      2080       0  CODE        2
                text38                         001049  000009  001052      2092       0  CODE        2
                text37                         001052  000009  00105B      20A4       0  CODE        2
                text24                         00105B  000009  001064      20B6       0  CODE        2
                text22                         001064  000009  00106D      20C8       0  CODE        2
                text48                         00106D  00000A  001077      20DA       0  CODE        2
                text27                         001077  00000B  001082      20EE       0  CODE        2
                text96                         001082  00000C  00108E      2104       0  CODE        2
                text28                         00108E  00000C  00109A      211C       0  CODE        2
                text49                         00109A  00000D  0010A7      2134       0  CODE        2
                text105                        0010A7  00000E  0010B5      214E       0  CODE        2
                text76                         0010B5  00000E  0010C3      216A       0  CODE        2
                text86                         0010C3  00000F  0010D2      2186       0  CODE        2
                text57                         0010D2  00000F  0010E1      21A4       0  CODE        2
                text7                          0010E1  00000F  0010F0      21C2       0  CODE        2
                idataBANK2                     0010F0  00000F  0010FF      21E0       0  CODE        2
                text64                         0010FF  000010  00110F      21FE       0  CODE        2
                text100                        00110F  000011  001120      221E       0  CODE        2
                text79                         001120  000012  001132      2240       0  CODE        2
                text72                         001132  000013  001145      2264       0  CODE        2
                text33                         001145  000013  001158      228A       0  CODE        2
                text99                         001158  000015  00116D      22B0       0  CODE        2
                text98                         00116D  000015  001182      22DA       0  CODE        2
                text87                         001182  000015  001197      2304       0  CODE        2
                text83                         001197  000015  0011AC      232E       0  CODE        2
                text52                         0011AC  000015  0011C1      2358       0  CODE        2
                text44                         0011C1  000015  0011D6      2382       0  CODE        2
                text20                         0011D6  000015  0011EB      23AC       0  CODE        2
                text8                          0011EB  000015  001200      23D6       0  CODE        2
                text66                         001200  000016  001216      2400       0  CODE        2
                text53                         001216  000016  00122C      242C       0  CODE        2
                text51                         00122C  000016  001242      2458       0  CODE        2
                text103                        001242  000017  001259      2484       0  CODE        2
                text42                         001259  000018  001271      24B2       0  CODE        2
                text32                         001271  000018  001289      24E2       0  CODE        2
                text62                         001289  000019  0012A2      2512       0  CODE        2
                text30                         0012A2  000019  0012BB      2544       0  CODE        2
                text13                         0012BB  000019  0012D4      2576       0  CODE        2
                text106                        0012D4  00001A  0012EE      25A8       0  CODE        2
                text78                         0012EE  00001A  001308      25DC       0  CODE        2
                text90                         001308  00001B  001323      2610       0  CODE        2
                text92                         001323  00001C  00133F      2646       0  CODE        2
                text81                         00133F  00001C  00135B      267E       0  CODE        2
                text23                         00135B  00001C  001377      26B6       0  CODE        2
                text39                         001377  00001D  001394      26EE       0  CODE        2
                text91                         001394  00001E  0013B2      2728       0  CODE        2
                text21                         0013B2  00001E  0013D0      2764       0  CODE        2
                text34                         0013D0  000020  0013F0      27A0       0  CODE        2
                text31                         0013F0  000020  001410      27E0       0  CODE        2
                text3                          001410  000021  001431      2820       0  CODE        2
                text5                          001431  000022  001453      2862       0  CODE        2
                text26                         001453  000024  001477      28A6       0  CODE        2
                text14                         001477  000026  00149D      28EE       0  CODE        2
                text58                         00149D  000027  0014C4      293A       0  CODE        2
                text46                         0014C4  000028  0014EC      2988       0  CODE        2
                text43                         0014EC  000028  001514      29D8       0  CODE        2
                text50                         001514  000029  00153D      2A28       0  CODE        2
                text35                         00153D  000029  001566      2A7A       0  CODE        2
                text17                         001566  000029  00158F      2ACC       0  CODE        2
                text97                         00158F  00002B  0015BA      2B1E       0  CODE        2
                text1                          0015BA  00002B  0015E5      2B74       0  CODE        2
                text36                         0015E5  00002D  001612      2BCA       0  CODE        2
                text75                         001612  00002F  001641      2C24       0  CODE        2
                text9                          001641  000032  001673      2C82       0  CODE        2
                text94                         001673  000037  0016AA      2CE6       0  CODE        2
                text71                         0016AA  000037  0016E1      2D54       0  CODE        2
                text15                         0016E1  000037  001718      2DC2       0  CODE        2
                text89                         001718  000048  001760      2E30       0  CODE        2
                text77                         001760  000050  0017B0      2EC0       0  CODE        2
                text12                         0017B0  000050  001800      2F60       0  CODE        2
                stringtext9                    001800  000075  001875      3000       0  STRCODE     2
                text88                         001FF9  000001  001FFA      3FF2       0  CODE        2
                text84                         001FFA  000001  001FFB      3FF4       0  CODE        2
                text73                         001FFB  000001  001FFC      3FF6       0  CODE        2
                text60                         001FFC  000001  001FFD      3FF8       0  CODE        2
                text63                         001FFD  000003  002000      3FFA       0  CODE        2
                stringtext2                    002000  000008  002008      4000       0  STRCODE     2
                config                         008007  000005  00800C     1000E       0  CONFIG      2


UNUSED ADDRESS RANGES

        Name                Unused          Largest block    Delta
        BANK1            000EF-000EF               1           1
        BANK10           00520-0056F              50           1
        BANK11           005A0-005EF              50           1
        BANK12           00620-0066F              50           1
        BANK13           006A0-006EF              50           1
        BANK14           00720-0076F              50           1
        BANK15           007A0-007EF              50           1
        BANK16           00820-0086F              50           1
        BANK17           008A0-008EF              50           1
        BANK18           00920-0096F              50           1
        BANK19           009A0-009EF              50           1
        BANK2            00169-0016F               7           1
        BANK20           00A20-00A6F              50           1
        BANK21           00AA0-00AEF              50           1
        BANK22           00B20-00B6F              50           1
        BANK23           00BA0-00BEF              50           1
        BANK24           00C20-00C6F              50           1
        BANK25           00CA0-00CBF              20           1
        BANK3            001E3-001EF               D           1
        BANK4            00250-0026F              20           1
        BANK5            002A0-002EF              50           1
        BANK6            00320-0036F              50           1
        BANK7            003A0-003EF              50           1
        BANK8            00420-0046F              50           1
        BANK9            004A0-004EF              50           1
        BIGRAM           02000-027EF             7F0           1
        CODE             01875-01FF8             784           2
                         02008-03FFF             800
        CONST            01875-01FF8             100           2
                         02008-03FFF             100
        EEDATA           0F000-0F0FF             100           2
        ENTRY            01875-01FF8             100           2
                         02008-03FFF             100
        IDLOC            08000-08003               4           2
        RAM              000EF-000EF               1           1
                         00169-0016F               7
                         001E3-001EF               D
                         00250-0026F              20
                         002A0-002EF              50
                         00320-0036F              50
                         003A0-003EF              50
                         00420-0046F              50
                         004A0-004EF              50
                         00520-0056F              50
                         005A0-005EF              50
                         00620-0066F              50
                         006A0-006EF              50
                         00720-0076F              50
                         007A0-007EF              50
                         00820-0086F              50
                         008A0-008EF              50
                         00920-0096F              50
                         009A0-009EF              50
                         00A20-00A6F              50
                         00AA0-00AEF              50
                         00B20-00B6F              50
                         00BA0-00BEF              50
                         00C20-00C6F              50
                         00CA0-00CBF              20
        SFR0             00000-0001F              20           1
        SFR1             00080-0009F              20           1
        SFR10            00500-0051F              20           1
        SFR11            00580-0059F              20           1
        SFR12            00600-0061F              20           1
        SFR13            00680-0069F              20           1
        SFR14            00700-0071F              20           1
        SFR15            00780-0079F              20           1
        SFR16            00800-0081F              20           1
        SFR17            00880-0089F              20           1
        SFR18            00900-0091F              20           1
        SFR19            00980-0099F              20           1
        SFR2             00100-0011F              20           1
        SFR20            00A00-00A1F              20           1
        SFR21            00A80-00A9F              20           1
        SFR22            00B00-00B1F              20           1
        SFR23            00B80-00B9F              20           1
        SFR24            00C00-00C1F              20           1
        SFR25            00C80-00C9F              20           1
        SFR26            00D00-00D6F              70           1
        SFR27            00D80-00DEF              70           1
        SFR28            00E00-00E6F              70           1
        SFR29            00E80-00EEF              70           1
        SFR3             00180-0019F              20           1
        SFR30            00F00-00F6F              70           1
        SFR31            00F80-00FEF              70           1
        SFR4             00200-0021F              20           1
        SFR5             00280-0029F              20           1
        SFR6             00300-0031F              20           1
        SFR7             00380-0039F              20           1
        SFR8             00400-0041F              20           1
        SFR9             00480-0049F              20           1
        STACK            02170-027EF             680           1
        STRCODE          01875-01FF8             784           2
                         02008-03FFF            1FF8
        STRING           01875-01FF8             100           2
                         02008-03FFF             100

                                  Symbol Table

?_MTOUCH_Sensor_RawSample_Get                                     cstackBANK0  00024
?___aodiv                                                         cstackBANK0  00020
?___aomod                                                         cstackBANK0  00020
?_abs                                                             cstackBANK0  00033
?_dtoa                                                            cstackBANK0  0003C
?_medianFilter                                                    cstackBANK0  00024
?_pad                                                             cstackBANK0  00033
?_printf                                                          cstackBANK1  000E4
?_strlen                                                          cstackBANK0  00020
?_vfpfcnvrt                                                       cstackBANK0  0005A
?_vfprintf                                                        cstackBANK0  0006A
?i1_abs                                                           cstackCOMMON 00070
Button_Baseline_Initialize@button                                 cstackBANK0  0002C
Button_Baseline_Update@button                                     cstackBANK0  00026
Button_DefaultCallback@button                                     cstackBANK0  00020
Button_Deviation_Update@button                                    cstackBANK0  0002A
Button_Deviation_Update@deviation                                 cstackBANK0  0002B
Button_Reading_Update@button                                      cstackBANK0  0002B
Button_Reading_Update_Helper@button                               cstackBANK0  0002A
Button_Service@button                                             cstackBANK0  00035
Button_Service@name                                               cstackBANK0  00034
Button_State_Initializing@button                                  cstackBANK0  0002D
Button_State_NotPressed@button                                    cstackBANK0  0002D
Button_State_Pressed@button                                       cstackBANK0  0002D
Button_Tick_helper@button                                         cstackBANK0  00022
DATAEE_ReadByte@bAdd                                              cstackBANK0  00020
DATAEE_WriteByte@GIEBitValue                                      cstackBANK0  00023
DATAEE_WriteByte@bAdd                                             cstackBANK0  00020
DATAEE_WriteByte@bData                                            cstackBANK0  00022
EUSART_Read@readValue                                             cstackBANK0  00021
EUSART_SetRxInterruptHandler@interruptHandler                     cstackBANK0  00020
EUSART_SetTxInterruptHandler@interruptHandler                     cstackBANK0  00020
EUSART_Write@txData                                               cstackBANK0  00021
MTOUCH_Button_Initialize@button                                   cstackBANK0  00029
MTOUCH_Button_Initialize@name                                     cstackBANK0  00028
MTOUCH_Button_InitializeAll@button                                cstackBANK0  0002D
MTOUCH_Button_ServiceAll@button                                   cstackBANK0  00037
MTOUCH_Button_Tick@i                                              cstackBANK0  00024
MTOUCH_Button_isPressed@name                                      cstackBANK0  00021
MTOUCH_Sensor_Calibrate@sensor                                    cstackBANK0  00025
MTOUCH_Sensor_Enable@sensor                                       cstackBANK0  00025
MTOUCH_Sensor_Initialize@sensor                                   cstackBANK0  00027
MTOUCH_Sensor_InitializeAll@sensor                                cstackBANK0  0002D
MTOUCH_Sensor_RawSample_Get@name                                  cstackBANK0  00027
MTOUCH_Sensor_SampleAll@sensor                                    cstackBANK0  00046
MTOUCH_Sensor_Sampled_ResetAll@sensor                             cstackBANK0  00022
MTOUCH_Sensor_Service@sensor                                      cstackCOMMON 0007D
MTOUCH_Sensor_isCalibrated@sensor                                 cstackBANK0  00026
MTOUCH_Sensor_isEnabled@sensor                                    cstackBANK0  00025
MTOUCH_Sensor_wasSampled@sensor                                   cstackBANK0  00025
Sensor_DefaultCallback@sensor                                     cstackBANK0  00020
Sensor_FrequencyHopping@sensor                                    cstackBANK0  00044
Sensor_FrequencyHopping_Autotune_Process@frequencyIndex           cstackBANK0  00042
Sensor_FrequencyHopping_Autotune_Process@maxVariance              cstackBANK0  0003E
Sensor_FrequencyHopping_Autotune_Process@newfrequencyFound        cstackBANK0  0003B
Sensor_FrequencyHopping_Autotune_Process@selectedFrequency        cstackBANK0  00040
Sensor_FrequencyHopping_Autotune_Process@sensor                   cstackBANK0  00041
Sensor_FrequencyHopping_Autotune_Process@variance                 cstackBANK0  0003C
Sensor_FrequencyHopping_Autotune_Process@varianceOverLimitCounter bssBANK2     00154
Sensor_RawSample_Update@result                                    cstackBANK0  0002D
Sensor_RawSample_Update@sensor                                    cstackBANK0  0002F
Sensor_Sampled_Reset@sensor                                       cstackBANK0  00020
Sensor_SetTrisBit@TrisBit                                         cstackBANK0  00020
Sensor_SetTrisBit@sensor                                          cstackBANK0  00023
Sensor_autoCalibration@name                                       cstackCOMMON 00078
Sensor_autoCalibration@sensor                                     cstackCOMMON 00079
Sensor_isCalibrated@sensor                                        cstackBANK0  00021
Sensor_isCalibratingAcqTime@sensor                                cstackBANK0  00020
Sensor_isEnabled@sensor                                           cstackBANK0  00020
Sensor_postAcquisitionProcess@name                                cstackBANK0  00039
Sensor_postAcquisitionProcess@sensor                              cstackBANK0  0003A
Sensor_scheduleNextScan@sensor                                    cstackBANK0  0002A
Sensor_scheduleNextScan@skipScan                                  cstackBANK0  00029
Sensor_scheduleNextScan@state                                     cstackBANK0  00028
Sensor_setActive@sensor                                           cstackBANK0  00020
Sensor_setCalibratAcqTime@sensor                                  cstackCOMMON 00071
Sensor_setCalibrated@sensor                                       cstackCOMMON 00070
Sensor_setInactive@sensor                                         cstackBANK0  00020
Sensor_setSampled@sensor                                          cstackCOMMON 00070
TMR0_SetInterruptHandler@InterruptHandler                         cstackBANK0  00020
TMR1_SetInterruptHandler@InterruptHandler                         cstackBANK0  00020
TMR1_WriteTimer@timerVal                                          cstackCOMMON 00070
_ADACC                                                            (abs)        00090
_ADACQ                                                            (abs)        0009D
_ADCAP                                                            (abs)        0009B
_ADCC_ThresholdISR_mTouch                                         text93       01006
_ADCLK                                                            (abs)        00098
_ADCON0                                                           (abs)        00093
_ADCON0bits                                                       (abs)        00093
_ADCON1                                                           (abs)        00094
_ADCON2                                                           (abs)        00095
_ADCON3                                                           (abs)        00096
_ADFLTR                                                           (abs)        00114
_ADLTHH                                                           (abs)        0010F
_ADLTHL                                                           (abs)        0010E
_ADPCH                                                            (abs)        0009E
_ADPRE                                                            (abs)        0009C
_ADREF                                                            (abs)        0009A
_ADRPT                                                            (abs)        0010D
_ADSTPTH                                                          (abs)        00113
_ADSTPTL                                                          (abs)        00112
_ADUTHH                                                           (abs)        00111
_ADUTHL                                                           (abs)        00110
_ANSELA                                                           (abs)        00F38
_ANSELB                                                           (abs)        00F43
_ANSELC                                                           (abs)        00F4E
_BAUD1CON                                                         (abs)        0011F
_Button_Baseline_Initialize                                       text75       01612
_Button_Baseline_Update                                           text74       00BDE
_Button_DefaultCallback                                           text73       01FFB
_Button_Deviation_Update                                          text80       00ACA
_Button_Reading_Update                                            text76       010B5
_Button_Reading_Update_Helper                                     text77       01760
_Button_Service                                                   text65       0081A
_Button_StateMachine                                              dataBANK2    0015A
_Button_State_Initializing                                        text69       00983
_Button_State_NotPressed                                          text68       00C6E
_Button_State_Pressed                                             text70       00923
_Button_Tick_helper                                               text43       014EC
_DATAEE_ReadByte                                                  text7        010E1
_DATAEE_WriteByte                                                 text5        01431
_EE_Compressor_Status                                             bssBANK1     000C6
_EE_Lock_Status                                                   bssBANK1     000C7
_EE_Refrigeration_Mode                                            bssBANK1     000C9
_EE_SetLevel                                                      bssBANK1     000C8
_EE_SuperCool_Hr_Count                                            bssBANK1     000C4
_EE_SuperCool_Min_CountDown                                       bssBANK1     000C5
_EUSART_Initialize                                                text36       015E5
_EUSART_Read                                                      text3        01410
_EUSART_Receive_ISR                                               text92       01323
_EUSART_RxDefaultInterruptHandler                                 bssBANK1     000B8
_EUSART_SetRxInterruptHandler                                     text38       01049
_EUSART_SetTxInterruptHandler                                     text37       01052
_EUSART_Transmit_ISR                                              text91       01394
_EUSART_TxDefaultInterruptHandler                                 bssBANK1     000BA
_EUSART_Write                                                     text17       01566
_GIE                                                              (abs)        0005F
_INTCONbits                                                       (abs)        0000B
_INTERRUPT_InterruptManager                                       intentry     00004
_LATA                                                             (abs)        00016
_LATB                                                             (abs)        00017
_LATC                                                             (abs)        00018
_LATCbits                                                         (abs)        00018
_MTOUCH_Button_Initialize                                         text71       016AA
_MTOUCH_Button_InitializeAll                                      text34       013D0
_MTOUCH_Button_ServiceAll                                         text64       010FF
_MTOUCH_Button_Tick                                               text42       01259
_MTOUCH_Button_isPressed                                          text81       0133F
_MTOUCH_Initialize                                                text28       0108E
_MTOUCH_Sensor_ADCC_Initialize                                    text30       012A2
_MTOUCH_Sensor_Calibrate                                          text72       01132
_MTOUCH_Sensor_Enable                                             text33       01145
_MTOUCH_Sensor_Initialize                                         text32       01271
_MTOUCH_Sensor_InitializeAll                                      text31       013F0
_MTOUCH_Sensor_RawSample_Get                                      text78       012EE
_MTOUCH_Sensor_SampleAll                                          text46       014C4
_MTOUCH_Sensor_Sampled_ResetAll                                   text44       011C1
_MTOUCH_Sensor_Scan_Initialize                                    text29       01003
_MTOUCH_Sensor_Service                                            text94       01673
_MTOUCH_Sensor_isCalibrated                                       text67       00800
_MTOUCH_Sensor_isEnabled                                          text51       0122C
_MTOUCH_Sensor_isSampling                                         text63       01FFD
_MTOUCH_Sensor_wasSampled                                         text66       01200
_MTOUCH_Service_Mainloop                                          text39       01377
_MTOUCH_Tick                                                      text41       01000
_MTOUCH_needReburst                                               text40       00002
_NVMADRH                                                          (abs)        0081B
_NVMADRL                                                          (abs)        0081A
_NVMCON1bits                                                      (abs)        0081E
_NVMCON2                                                          (abs)        0081F
_NVMDATH                                                          (abs)        0081D
_NVMDATL                                                          (abs)        0081C
_ODCONA                                                           (abs)        00F3A
_ODCONB                                                           (abs)        00F45
_ODCONC                                                           (abs)        00F50
_OSCCON1                                                          (abs)        0088D
_OSCCON3                                                          (abs)        0088F
_OSCEN                                                            (abs)        00891
_OSCFRQ                                                           (abs)        00893
_OSCILLATOR_Initialize                                            text27       01077
_OSCTUNE                                                          (abs)        00892
_PIE0bits                                                         (abs)        00716
_PIE1bits                                                         (abs)        00717
_PIE3bits                                                         (abs)        00719
_PIE4bits                                                         (abs)        0071A
_PIN_MANAGER_Initialize                                           text26       01453
_PIR0bits                                                         (abs)        0070C
_PIR1bits                                                         (abs)        0070D
_PIR3bits                                                         (abs)        0070F
_PIR4bits                                                         (abs)        00710
_PLLR                                                             (abs)        04480
_PMD0                                                             (abs)        00796
_PMD1                                                             (abs)        00797
_PMD2                                                             (abs)        00798
_PMD3                                                             (abs)        00799
_PMD4                                                             (abs)        0079A
_PMD5                                                             (abs)        0079B
_PMD_Initialize                                                   text25       007F8
_RC1REG                                                           (abs)        00119
_RC1STA                                                           (abs)        0011D
_RC1STAbits                                                       (abs)        0011D
_RC6PPS                                                           (abs)        00F26
_RXPPS                                                            (abs)        00ECB
_SLRCONA                                                          (abs)        00F3B
_SLRCONB                                                          (abs)        00F46
_SLRCONC                                                          (abs)        00F51
_SP1BRGH                                                          (abs)        0011C
_SP1BRGL                                                          (abs)        0011B
_SYSTEM_Initialize                                                text20       011D6
_Sensor_DefaultCallback                                           text60       01FFC
_Sensor_FrequencyHopping                                          text52       011AC
_Sensor_FrequencyHopping_Autotune_Process                         text61       00E6E
_Sensor_RawSample_Update                                          text58       0149D
_Sensor_Sampled_Reset                                             text45       01040
_Sensor_SetTrisBit                                                text50       01514
_Sensor_autoCalibration                                           text102      00B51
_Sensor_isCalibrated                                              text49       0109A
_Sensor_isCalibratingAcqTime                                      text48       0106D
_Sensor_isEnabled                                                 text57       010D2
_Sensor_postAcquisitionProcess                                    text54       008C8
_Sensor_scheduleNextScan                                          text47       00DB0
_Sensor_setActive                                                 text56       0102E
_Sensor_setCalibratAcqTime                                        text106      012D4
_Sensor_setCalibrated                                             text105      010A7
_Sensor_setInactive                                               text55       01037
_Sensor_setSamplePeriod                                           text53       01216
_Sensor_setSampled                                                text101      0101D
_T0CON0                                                           (abs)        0001E
_T0CON0bits                                                       (abs)        0001E
_T0CON1                                                           (abs)        0001F
_T1CLK                                                            (abs)        00211
_T1CON                                                            (abs)        0020E
_T1CONbits                                                        (abs)        0020E
_T1GATE                                                           (abs)        00210
_T1GCON                                                           (abs)        0020F
_T1GCONbits                                                       (abs)        0020F
_TMR0H                                                            (abs)        0001D
_TMR0L                                                            (abs)        0001C
_TMR0_DefaultInterruptHandler                                     text88       01FF9
_TMR0_ISR                                                         text87       01182
_TMR0_Initialize                                                  text23       0135B
_TMR0_InterruptHandler                                            bssBANK1     000B4
_TMR0_SetInterruptHandler                                         text24       0105B
_TMR1H                                                            (abs)        0020D
_TMR1L                                                            (abs)        0020C
_TMR1_DefaultInterruptHandler                                     text84       01FFA
_TMR1_ISR                                                         text83       01197
_TMR1_Initialize                                                  text21       013B2
_TMR1_InterruptHandler                                            bssBANK1     000B0
_TMR1_SetInterruptHandler                                         text22       01064
_TMR1_WriteTimer                                                  text86       010C3
_TRISA                                                            (abs)        00011
_TRISAbits                                                        (abs)        00011
_TRISB                                                            (abs)        00012
_TRISC                                                            (abs)        00013
_TX1REG                                                           (abs)        0011A
_TX1STA                                                           (abs)        0011E
_TX1STAbits                                                       (abs)        0011E
_WPUA                                                             (abs)        00F39
_WPUB                                                             (abs)        00F44
_WPUC                                                             (abs)        00F4F
_WPUE                                                             (abs)        00F65
__CFG_BOREN$ON                                                    (abs)        00000
__CFG_BORV$LO                                                     (abs)        00000
__CFG_CLKOUTEN$OFF                                                (abs)        00000
__CFG_CP$OFF                                                      (abs)        00000
__CFG_CPD$OFF                                                     (abs)        00000
__CFG_CSWEN$ON                                                    (abs)        00000
__CFG_DEBUG$OFF                                                   (abs)        00000
__CFG_FCMEN$ON                                                    (abs)        00000
__CFG_FEXTOSC$OFF                                                 (abs)        00000
__CFG_LPBOREN$OFF                                                 (abs)        00000
__CFG_LVP$ON                                                      (abs)        00000
__CFG_MCLRE$ON                                                    (abs)        00000
__CFG_PPS1WAY$OFF                                                 (abs)        00000
__CFG_PWRTE$OFF                                                   (abs)        00000
__CFG_RSTOSC$HFINTPLL                                             (abs)        00000
__CFG_SCANE$available                                             (abs)        00000
__CFG_STVREN$ON                                                   (abs)        00000
__CFG_WDTCCS$SC                                                   (abs)        00000
__CFG_WDTCPS$WDTCPS_31                                            (abs)        00000
__CFG_WDTCWS$WDTCWS_7                                             (abs)        00000
__CFG_WDTE$OFF                                                    (abs)        00000
__CFG_WRT$OFF                                                     (abs)        00000
__CFG_ZCD$OFF                                                     (abs)        00000
__Habs1                                                           abs1         00000
__Hbank0                                                          bank0        00000
__Hbank1                                                          bank1        00000
__Hbank10                                                         bank10       00000
__Hbank11                                                         bank11       00000
__Hbank12                                                         bank12       00000
__Hbank13                                                         bank13       00000
__Hbank14                                                         bank14       00000
__Hbank15                                                         bank15       00000
__Hbank16                                                         bank16       00000
__Hbank17                                                         bank17       00000
__Hbank18                                                         bank18       00000
__Hbank19                                                         bank19       00000
__Hbank2                                                          bank2        00000
__Hbank20                                                         bank20       00000
__Hbank21                                                         bank21       00000
__Hbank22                                                         bank22       00000
__Hbank23                                                         bank23       00000
__Hbank24                                                         bank24       00000
__Hbank25                                                         bank25       00000
__Hbank26                                                         bank26       00000
__Hbank27                                                         bank27       00000
__Hbank28                                                         bank28       00000
__Hbank29                                                         bank29       00000
__Hbank3                                                          bank3        00000
__Hbank30                                                         bank30       00000
__Hbank31                                                         bank31       00000
__Hbank4                                                          bank4        00000
__Hbank5                                                          bank5        00000
__Hbank6                                                          bank6        00000
__Hbank7                                                          bank7        00000
__Hbank8                                                          bank8        00000
__Hbank9                                                          bank9        00000
__Hbigram                                                         bigram       00000
__HbssBANK1                                                       bssBANK1     00000
__HbssBANK2                                                       bssBANK2     00000
__HbssBANK3                                                       bssBANK3     00000
__HbssBANK4                                                       bssBANK4     00000
__Hcinit                                                          cinit        00063
__Hclrtext                                                        clrtext      00000
__Hcode                                                           code         00000
__Hcommon                                                         common       00000
__Hconfig                                                         config       0800C
__HcstackBANK0                                                    cstackBANK0  00000
__HcstackBANK1                                                    cstackBANK1  00000
__HcstackCOMMON                                                   cstackCOMMON 00000
__HdataBANK2                                                      dataBANK2    00000
__Heeprom_data                                                    eeprom_data  00000
__Hend_init                                                       end_init     00034
__Hfunctab                                                        functab      00000
__HidataBANK2                                                     idataBANK2   00000
__Hidloc                                                          idloc        00000
__Hinit                                                           init         00032
__Hinittext                                                       inittext     00000
__Hintentry                                                       intentry     00032
__Hmaintext                                                       maintext     00000
__Hpowerup                                                        powerup      00000
__Hram                                                            ram          00000
__Hreset_vec                                                      reset_vec    00002
__Hsfr0                                                           sfr0         00000
__Hsfr1                                                           sfr1         00000
__Hsfr10                                                          sfr10        00000
__Hsfr11                                                          sfr11        00000
__Hsfr12                                                          sfr12        00000
__Hsfr13                                                          sfr13        00000
__Hsfr14                                                          sfr14        00000
__Hsfr15                                                          sfr15        00000
__Hsfr16                                                          sfr16        00000
__Hsfr17                                                          sfr17        00000
__Hsfr18                                                          sfr18        00000
__Hsfr19                                                          sfr19        00000
__Hsfr2                                                           sfr2         00000
__Hsfr20                                                          sfr20        00000
__Hsfr21                                                          sfr21        00000
__Hsfr22                                                          sfr22        00000
__Hsfr23                                                          sfr23        00000
__Hsfr24                                                          sfr24        00000
__Hsfr25                                                          sfr25        00000
__Hsfr26                                                          sfr26        00000
__Hsfr27                                                          sfr27        00000
__Hsfr28                                                          sfr28        00000
__Hsfr29                                                          sfr29        00000
__Hsfr3                                                           sfr3         00000
__Hsfr30                                                          sfr30        00000
__Hsfr31                                                          sfr31        00000
__Hsfr4                                                           sfr4         00000
__Hsfr5                                                           sfr5         00000
__Hsfr6                                                           sfr6         00000
__Hsfr7                                                           sfr7         00000
__Hsfr8                                                           sfr8         00000
__Hsfr9                                                           sfr9         00000
__Hspace_0                                                        (abs)        0800C
__Hspace_1                                                        (abs)        00250
__Hspace_2                                                        (abs)        00000
__Hspace_3                                                        (abs)        00000
__Hstack                                                          stack        00000
__Hstrings                                                        strings      00000
__Hstringtext1                                                    stringtext1  00000
__Hstringtext10                                                   stringtext10 00000
__Hstringtext2                                                    stringtext2  00000
__Hstringtext3                                                    stringtext3  00000
__Hstringtext4                                                    stringtext4  00000
__Hstringtext5                                                    stringtext5  00000
__Hstringtext6                                                    stringtext6  00000
__Hstringtext7                                                    stringtext7  00000
__Hstringtext8                                                    stringtext8  00000
__Hstringtext9                                                    stringtext9  00000
__Htext                                                           text         00000
__Labs1                                                           abs1         00000
__Lbank0                                                          bank0        00000
[...]
      Params:         0       0       0       0       0       0       0       0       0       0       0       0       0       0       0       0       0       0       0       0       0       0       0       0       0       0       0
      Locals:         1       0       0       0       0       0       0       0       0       0       0       0       0       0       0       0       0       0       0       0       0       0       0       0       0       0       0
      Temps:          0       0       0       0       0       0       0       0       0       0       0       0       0       0       0       0       0       0       0       0       0       0       0       0       0       0       0
      Totals:         1       0       0       0       0       0       0       0       0       0       0       0       0       0       0       0       0       0       0       0       0       0       0       0       0       0       0
Total ram usage:        1 bytes
 Hardware stack levels used:    1
 This function calls:
		Nothing
 This function is called by:
		_MTOUCH_Sensor_Service
 This function uses a non-reentrant model


 *************** function _Sensor_autoCalibration *****************
 Defined at:
		line 370 in file "mcc_generated_files/mtouch/mtouch_sensor.c"
 Parameters:    Size  Location     Type
  sensor          1    wreg     PTR struct .
		 -> mtouch_sensor(27), 
 Auto vars:     Size  Location     Type
  sensor          1    9[COMMON] PTR struct .
		 -> mtouch_sensor(27), 
  name            1    8[COMMON] enum E11836
 Return value:  Size  Location     Type
                  1    wreg      enum E11840
 Registers used:
		wreg, fsr1l, fsr1h, status,2, status,0, pclath, cstack
 Tracked objects:
		On entry : 
		On exit  : 
		Unchanged: 
 Data sizes:     COMMON   BANK0   BANK1   BANK2   BANK3   BANK4   BANK5   BANK6   BANK7   BANK8   BANK9  BANK10  BANK11  BANK12  BANK13  BANK14  BANK15  BANK16  BANK17  BANK18  BANK19  BANK20  BANK21  BANK22  BANK23  BANK24  BANK25
      Params:         0       0       0       0       0       0       0       0       0       0       0       0       0       0       0       0       0       0       0       0       0       0       0       0       0       0       0
      Locals:         2       0       0       0       0       0       0       0       0       0       0       0       0       0       0       0       0       0       0       0       0       0       0       0       0       0       0
      Temps:          4       0       0       0       0       0       0       0       0       0       0       0       0       0       0       0       0       0       0       0       0       0       0       0       0       0       0
      Totals:         6       0       0       0       0       0       0       0       0       0       0       0       0       0       0       0       0       0       0       0       0       0       0       0       0       0       0
Total ram usage:        6 bytes
 Hardware stack levels used:    1
 Hardware stack levels required when called:    1
 This function calls:
		_Sensor_setCalibratAcqTime
		_Sensor_setCalibrated
		i1_Sensor_isCalibratingAcqTime
		i1_abs
 This function is called by:
		_MTOUCH_Sensor_Service
 This function uses a non-reentrant model


 *************** function i1_abs *****************
 Defined at:
		line 1 in file "C:\Program Files2\Microchip\xc8\v2.05\pic\sources\c99\common\abs.c"
 Parameters:    Size  Location     Type
  a               2    0[COMMON] int 
 Auto vars:     Size  Location     Type
		None
 Return value:  Size  Location     Type
                  2    0[COMMON] int 
 Registers used:
		wreg, status,2, status,0
 Tracked objects:
		On entry : 
		On exit  : 
		Unchanged: 
 Data sizes:     COMMON   BANK0   BANK1   BANK2   BANK3   BANK4   BANK5   BANK6   BANK7   BANK8   BANK9  BANK10  BANK11  BANK12  BANK13  BANK14  BANK15  BANK16  BANK17  BANK18  BANK19  BANK20  BANK21  BANK22  BANK23  BANK24  BANK25
      Params:         2       0       0       0       0       0       0       0       0       0       0       0       0       0       0       0       0       0       0       0       0       0       0       0       0       0       0
      Locals:         0       0       0       0       0       0       0       0       0       0       0       0       0       0       0       0       0       0       0       0       0       0       0       0       0       0       0
      Temps:          2       0       0       0       0       0       0       0       0       0       0       0       0       0       0       0       0       0       0       0       0       0       0       0       0       0       0
      Totals:         4       0       0       0       0       0       0       0       0       0       0       0       0       0       0       0       0       0       0       0       0       0       0       0       0       0       0
Total ram usage:        4 bytes
 Hardware stack levels used:    1
 This function calls:
		Nothing
 This function is called by:
		_Sensor_autoCalibration
 This function uses a non-reentrant model


 *************** function i1_Sensor_isCalibratingAcqTime *****************
 Defined at:
		line 766 in file "mcc_generated_files/mtouch/mtouch_sensor.c"
 Parameters:    Size  Location     Type
  sensor          1    wreg     PTR struct .
		 -> mtouch_sensor(27), 
 Auto vars:     Size  Location     Type
  sensor          1    0[COMMON] PTR struct .
		 -> mtouch_sensor(27), 
 Return value:  Size  Location     Type
                  1    wreg      _Bool 
 Registers used:
		wreg, fsr1l, fsr1h, status,2, status,0
 Tracked objects:
		On entry : 
		On exit  : 
		Unchanged: 
 Data sizes:     COMMON   BANK0   BANK1   BANK2   BANK3   BANK4   BANK5   BANK6   BANK7   BANK8   BANK9  BANK10  BANK11  BANK12  BANK13  BANK14  BANK15  BANK16  BANK17  BANK18  BANK19  BANK20  BANK21  BANK22  BANK23  BANK24  BANK25
      Params:         0       0       0       0       0       0       0       0       0       0       0       0       0       0       0       0       0       0       0       0       0       0       0       0       0       0       0
      Locals:         1       0       0       0       0       0       0       0       0       0       0       0       0       0       0       0       0       0       0       0       0       0       0       0       0       0       0
      Temps:          0       0       0       0       0       0       0       0       0       0       0       0       0       0       0       0       0       0       0       0       0       0       0       0       0       0       0
      Totals:         1       0       0       0       0       0       0       0       0       0       0       0       0       0       0       0       0       0       0       0       0       0       0       0       0       0       0
Total ram usage:        1 bytes
 Hardware stack levels used:    1
 This function calls:
		Nothing
 This function is called by:
		_Sensor_autoCalibration
		i1_Sensor_scheduleNextScan
 This function uses a non-reentrant model


 *************** function _Sensor_setCalibrated *****************
 Defined at:
		line 753 in file "mcc_generated_files/mtouch/mtouch_sensor.c"
 Parameters:    Size  Location     Type
  sensor          1    wreg     PTR struct .
		 -> mtouch_sensor(27), 
 Auto vars:     Size  Location     Type
  sensor          1    0[COMMON] PTR struct .
		 -> mtouch_sensor(27), 
 Return value:  Size  Location     Type
                  1    wreg      void 
 Registers used:
		wreg, fsr1l, fsr1h, status,2, status,0
 Tracked objects:
		On entry : 
		On exit  : 
		Unchanged: 
 Data sizes:     COMMON   BANK0   BANK1   BANK2   BANK3   BANK4   BANK5   BANK6   BANK7   BANK8   BANK9  BANK10  BANK11  BANK12  BANK13  BANK14  BANK15  BANK16  BANK17  BANK18  BANK19  BANK20  BANK21  BANK22  BANK23  BANK24  BANK25
      Params:         0       0       0       0       0       0       0       0       0       0       0       0       0       0       0       0       0       0       0       0       0       0       0       0       0       0       0
      Locals:         1       0       0       0       0       0       0       0       0       0       0       0       0       0       0       0       0       0       0       0       0       0       0       0       0       0       0
      Temps:          0       0       0       0       0       0       0       0       0       0       0       0       0       0       0       0       0       0       0       0       0       0       0       0       0       0       0
      Totals:         1       0       0       0       0       0       0       0       0       0       0       0       0       0       0       0       0       0       0       0       0       0       0       0       0       0       0
Total ram usage:        1 bytes
 Hardware stack levels used:    1
 This function calls:
		Nothing
 This function is called by:
		_Sensor_autoCalibration
 This function uses a non-reentrant model


 *************** function _Sensor_setCalibratAcqTime *****************
 Defined at:
		line 759 in file "mcc_generated_files/mtouch/mtouch_sensor.c"
 Parameters:    Size  Location     Type
  sensor          1    wreg     PTR struct .
		 -> mtouch_sensor(27), 
 Auto vars:     Size  Location     Type
  sensor          1    1[COMMON] PTR struct .
		 -> mtouch_sensor(27), 
 Return value:  Size  Location     Type
                  1    wreg      void 
 Registers used:
		wreg, fsr1l, fsr1h, status,2, status,0
 Tracked objects:
		On entry : 
		On exit  : 
		Unchanged: 
 Data sizes:     COMMON   BANK0   BANK1   BANK2   BANK3   BANK4   BANK5   BANK6   BANK7   BANK8   BANK9  BANK10  BANK11  BANK12  BANK13  BANK14  BANK15  BANK16  BANK17  BANK18  BANK19  BANK20  BANK21  BANK22  BANK23  BANK24  BANK25
      Params:         0       0       0       0       0       0       0       0       0       0       0       0       0       0       0       0       0       0       0       0       0       0       0       0       0       0       0
      Locals:         1       0       0       0       0       0       0       0       0       0       0       0       0       0       0       0       0       0       0       0       0       0       0       0       0       0       0
      Temps:          1       0       0       0       0       0       0       0       0       0       0       0       0       0       0       0       0       0       0       0       0       0       0       0       0       0       0
      Totals:         2       0       0       0       0       0       0       0       0       0       0       0       0       0       0       0       0       0       0       0       0       0       0       0       0       0       0
Total ram usage:        2 bytes
 Hardware stack levels used:    1
 This function calls:
		Nothing
 This function is called by:
		_Sensor_autoCalibration
 This function uses a non-reentrant model



MODULE INFORMATION

Module		Function		Class		Link	Load	Size
mcc_generated_files/mtouch/mtouch_button.c
		_Button_Deviation_Update		CODE           	0ACA	0000	136
		_MTOUCH_Button_isPressed		CODE           	133F	0000	29
		_MTOUCH_Button_Initialize		CODE           	16AA	0000	56
		_Button_Tick_helper		CODE           	14EC	0000	41
		_MTOUCH_Button_InitializeAll		CODE           	13D0	0000	33
		_Button_Baseline_Update		CODE           	0BDE	0000	145
		_Button_State_Pressed		CODE           	0923	0000	97
		_Button_Reading_Update		CODE           	10B5	0000	15
		_Button_DefaultCallback		CODE           	1FFB	0000	2
		_MTOUCH_Button_Tick		CODE           	1259	0000	25
		_Button_State_NotPressed		CODE           	0C6E	0000	162
		_Button_Reading_Update_Helper		CODE           	1760	0000	81
		_Button_Service		CODE           	081A	0000	87
		_Button_State_Initializing		CODE           	0983	0000	99
		_MTOUCH_Button_ServiceAll		CODE           	10FF	0000	17
		_Button_Baseline_Initialize		CODE           	1612	0000	48

mcc_generated_files/mtouch/mtouch_button.c estimated size: 1073

C:\Program Files2\Microchip\xc8\v2.05\pic\sources\c99\common\memcpy.c
		_memcpy        		CODE           	153D	0000	42

C:\Program Files2\Microchip\xc8\v2.05\pic\sources\c99\common\memcpy.c estimated size: 42

C:\Program Files2\Microchip\xc8\v2.05\pic\sources\c99\common\nf_fputc.c
		_fputc         		CODE           	16E1	0000	56

C:\Program Files2\Microchip\xc8\v2.05\pic\sources\c99\common\nf_fputc.c estimated size: 56

C:\Program Files2\Microchip\xc8\v2.05\pic\sources\c99\common\abs.c
		_abs           		CODE           	1289	0000	26

C:\Program Files2\Microchip\xc8\v2.05\pic\sources\c99\common\abs.c estimated size: 26

mcc_generated_files/interrupt_manager.c
		_INTERRUPT_InterruptManager		CODE           	0004	0000	47

mcc_generated_files/interrupt_manager.c estimated size: 47

C:\Program Files2\Microchip\xc8\v2.05\pic\sources\c99\common\aodiv.c
		___aodiv       		CODE           	057E	0000	248

C:\Program Files2\Microchip\xc8\v2.05\pic\sources\c99\common\aodiv.c estimated size: 248

C:\Program Files2\Microchip\xc8\v2.05\pic\sources\c99\common\Umul8.c
		___bmul        		CODE           	1120	0000	19

C:\Program Files2\Microchip\xc8\v2.05\pic\sources\c99\common\Umul8.c estimated size: 19

mcc_generated_files/tmr0.c
		_TMR0_SetInterruptHandler		CODE           	105B	0000	10
		_TMR0_DefaultInterruptHandler		CODE           	1FF9	0000	2
		_TMR0_ISR      		CODE           	1182	0000	22
		_TMR0_Initialize		CODE           	135B	0000	29

mcc_generated_files/tmr0.c estimated size: 63

mcc_generated_files/mtouch/mtouch.c
		_MTOUCH_Tick   		CODE           	1000	0000	4
		_MTOUCH_Initialize		CODE           	108E	0000	13
		_MTOUCH_Service_Mainloop		CODE           	1377	0000	30
		_MTOUCH_needReburst		CODE           	0002	0000	3

mcc_generated_files/mtouch/mtouch.c estimated size: 50

mcc_generated_files/pin_manager.c
		_PIN_MANAGER_Initialize		CODE           	1453	0000	37

mcc_generated_files/pin_manager.c estimated size: 37

C:\Program Files2\Microchip\xc8\v2.05\pic\sources\c99\common\printf.c
		_printf        		CODE           	11EB	0000	22

C:\Program Files2\Microchip\xc8\v2.05\pic\sources\c99\common\printf.c estimated size: 22

C:\Program Files2\Microchip\xc8\v2.05\pic\sources\c99\common\strlen.c
		_strlen        		CODE           	12BB	0000	26

C:\Program Files2\Microchip\xc8\v2.05\pic\sources\c99\common\strlen.c estimated size: 26

C:\Program Files2\Microchip\xc8\v2.05\pic\sources\c99\common\nf_fputs.c
		_fputs         		CODE           	1477	0000	39

C:\Program Files2\Microchip\xc8\v2.05\pic\sources\c99\common\nf_fputs.c estimated size: 39

shared
		i1_Sensor_isCalibrated		CODE           	1082	0000	13
		i1_abs         		CODE           	1242	0000	24
		_u16_Sleep_StartDelay_Sec		STRCODE        	0000	0000	0
		i1_MTOUCH_Button_isPressed		CODE           	1308	0000	28
		_i8_Offset_F_Temp		STRCODE        	0000	0000	0
		_i8_Offset_R_Temp		STRCODE        	0000	0000	0
		_u16_Comp_StartDleay_Sec		STRCODE        	0000	0000	0
		i1_Sensor_isCalibratingAcqTime		CODE           	1025	0000	10
		_u8_SuperCool_Hr		STRCODE        	0000	0000	0
		_i8_Comp_ON_Temp		STRCODE        	0000	0000	0
		__initialization		CODE           	0034	0000	44
		_mtouch_button_init		STRCODE        	1831	0000	49
		_mtouch_sensor_init		STRCODE        	1800	0000	28
		_u8_Seg        		STRCODE        	1861	0000	21
		i1___bmul      		CODE           	110F	0000	18
		i1_Sensor_SetTrisBit		CODE           	158F	0000	44
		i1_MTOUCH_Sensor_wasSampled		CODE           	116D	0000	22
		i1_MTOUCH_Sensor_isEnabled		CODE           	1158	0000	22
		i1_Sensor_scheduleNextScan		CODE           	0754	0000	165

shared estimated size: 488

mcc_generated_files/mcc.c
		_PMD_Initialize		CODE           	07F8	0000	9
		_OSCILLATOR_Initialize		CODE           	1077	0000	12
		_SYSTEM_Initialize		CODE           	11D6	0000	22

mcc_generated_files/mcc.c estimated size: 43

mcc_generated_files/tmr1.c
		_TMR1_Initialize		CODE           	13B2	0000	31
		_TMR1_SetInterruptHandler		CODE           	1064	0000	10
		_TMR1_DefaultInterruptHandler		CODE           	1FFA	0000	2
		_TMR1_WriteTimer		CODE           	10C3	0000	16
		_TMR1_ISR      		CODE           	1197	0000	22

mcc_generated_files/tmr1.c estimated size: 81

mcc_generated_files/memory.c
		_DATAEE_WriteByte		CODE           	1431	0000	35
		_DATAEE_ReadByte		CODE           	10E1	0000	16

mcc_generated_files/memory.c estimated size: 51

mcc_generated_files/eusart.c
		_EUSART_SetRxInterruptHandler		CODE           	1049	0000	10
		_EUSART_SetTxInterruptHandler		CODE           	1052	0000	10
		_putch         		CODE           	100B	0000	7
		_EUSART_Read   		CODE           	1410	0000	34
		_EUSART_Write  		CODE           	1566	0000	42
		_EUSART_Transmit_ISR		CODE           	1394	0000	31
		_EUSART_Initialize		CODE           	15E5	0000	46
		_EUSART_Receive_ISR		CODE           	1323	0000	29

mcc_generated_files/eusart.c estimated size: 209

C:\Program Files2\Microchip\xc8\v2.05\pic\sources\c99\common\aomod.c
		___aomod       		CODE           	0675	0000	224

C:\Program Files2\Microchip\xc8\v2.05\pic\sources\c99\common\aomod.c estimated size: 224

main.c
		_main          		CODE           	0063	0000	603
		_v_load_system_setting		CODE           	0D0F	0000	162
		_v_save_system_setting		CODE           	09E5	0000	111
		_v_uart_send   		CODE           	15BA	0000	44
		_v_1ms_service_routine		CODE           	0A53	0000	120
		_v_1s_service_routine		CODE           	1718	0000	73
		_v_uart_receive		CODE           	0870	0000	89

main.c estimated size: 1202

mcc_generated_files/mtouch/mtouch_sensor.c
		_Sensor_setCalibrated		CODE           	10A7	0000	15
		_MTOUCH_Sensor_isEnabled		CODE           	122C	0000	23
		_Sensor_postAcquisitionProcess		CODE           	08C8	0000	92
		_Sensor_FrequencyHopping_Autotune_Process		CODE           	0E6E	0000	195
		_Sensor_isCalibrated		CODE           	109A	0000	14
		_MTOUCH_Sensor_Initialize		CODE           	1271	0000	25
		_Sensor_scheduleNextScan		CODE           	0DB0	0000	191
		_Sensor_Sampled_Reset		CODE           	1040	0000	10
		_MTOUCH_Sensor_InitializeAll		CODE           	13F0	0000	33
		_MTOUCH_Sensor_Service		CODE           	1673	0000	56
		_Sensor_DefaultCallback		CODE           	1FFC	0000	2
		_MTOUCH_Sensor_ADCC_Initialize		CODE           	12A2	0000	26
		_medianFilter  		CODE           	02BD	0000	369
		_Sensor_isEnabled		CODE           	10D2	0000	16
		_MTOUCH_Sensor_isCalibrated		CODE           	0800	0000	27
		_MTOUCH_Sensor_Calibrate		CODE           	1132	0000	20
		_MTOUCH_Sensor_Sampled_ResetAll		CODE           	11C1	0000	22
		_Sensor_setActive		CODE           	102E	0000	10
		_MTOUCH_Sensor_Enable		CODE           	1145	0000	20
		_Sensor_setSampled		CODE           	101D	0000	9
		_Sensor_isCalibratingAcqTime		CODE           	106D	0000	11
		_MTOUCH_Sensor_RawSample_Get		CODE           	12EE	0000	27
		_MTOUCH_Sensor_SampleAll		CODE           	14C4	0000	41
		_MTOUCH_Sensor_wasSampled		CODE           	1200	0000	23
		_Sensor_SetTrisBit		CODE           	1514	0000	42
		_Sensor_autoCalibration		CODE           	0B51	0000	142
		_MTOUCH_Sensor_Scan_Initialize		CODE           	1003	0000	4
		_ADCC_ThresholdISR_mTouch		CODE           	1006	0000	6
		_Sensor_RawSample_Update		CODE           	149D	0000	40
		_MTOUCH_Sensor_isSampling		CODE           	1FFD	0000	4
		_Sensor_setCalibratAcqTime		CODE           	12D4	0000	27
		_Sensor_setSamplePeriod		CODE           	1216	0000	23
		_Sensor_FrequencyHopping		CODE           	11AC	0000	22
		_Sensor_setInactive		CODE           	1037	0000	10

mcc_generated_files/mtouch/mtouch_sensor.c estimated size: 1597

C:\Program Files2\Microchip\xc8\v2.05\pic\sources\c99\common\doprnt.c
		_vfpfcnvrt     		CODE           	0F30	0000	209
		_pad           		CODE           	17B0	0000	81
		_dtoa          		CODE           	042D	0000	338
		_vfprintf      		CODE           	1641	0000	51

C:\Program Files2\Microchip\xc8\v2.05\pic\sources\c99\common\doprnt.c estimated size: 679

